Component: Arm Compiler for Embedded 6.19 Tool: armlink [5e73cb00]

==============================================================================

Section Cross References

    main.o(.text.PortF_Init) refers to main.o(.text.__NVIC_EnableIRQ) for __NVIC_EnableIRQ
    main.o(.text.PortF_Init) refers to main.o(.text.__NVIC_SetPriority) for __NVIC_SetPriority
    main.o(.ARM.exidx.text.PortF_Init) refers to main.o(.text.PortF_Init) for [Anonymous Symbol]
    main.o(.ARM.exidx.text.__NVIC_EnableIRQ) refers to main.o(.text.__NVIC_EnableIRQ) for [Anonymous Symbol]
    main.o(.ARM.exidx.text.__NVIC_SetPriority) refers to main.o(.text.__NVIC_SetPriority) for [Anonymous Symbol]
    main.o(.ARM.exidx.text.GPIOIntClear) refers to main.o(.text.GPIOIntClear) for [Anonymous Symbol]
    main.o(.text.GPIOF_Handler) refers to main.o(.text.GPIOIntClear) for GPIOIntClear
    main.o(.text.GPIOF_Handler) refers to main.o(.bss.semaphore) for semaphore
    main.o(.text.GPIOF_Handler) refers to queue.o(.text.xQueueGiveFromISR) for xQueueGiveFromISR
    main.o(.ARM.exidx.text.GPIOF_Handler) refers to main.o(.text.GPIOF_Handler) for [Anonymous Symbol]
    main.o(.text.TestTask) refers to main.o(.bss.semaphore) for semaphore
    main.o(.text.TestTask) refers to queue.o(.text.xQueueSemaphoreTake) for xQueueSemaphoreTake
    main.o(.text.TestTask) refers to main.o(.rodata.str1.1) for .L.str
    main.o(.text.TestTask) refers to basic_io.o(.text.vPrintString) for vPrintString
    main.o(.ARM.exidx.text.TestTask) refers to main.o(.text.TestTask) for [Anonymous Symbol]
    main.o(.text.main) refers to main.o(.text.PortF_Init) for PortF_Init
    main.o(.text.main) refers to queue.o(.text.xQueueGenericCreate) for xQueueGenericCreate
    main.o(.text.main) refers to main.o(.bss.semaphore) for semaphore
    main.o(.text.main) refers to queue.o(.text.xQueueGenericSend) for xQueueGenericSend
    main.o(.text.main) refers to queue.o(.text.xQueueSemaphoreTake) for xQueueSemaphoreTake
    main.o(.text.main) refers to main.o(.bss.xQueue) for xQueue
    main.o(.text.main) refers to main.o(.rodata.str1.1) for .L.str.1
    main.o(.text.main) refers to basic_io.o(.text.vPrintString) for vPrintString
    main.o(.text.main) refers to main.o(.text.TestTask) for TestTask
    main.o(.text.main) refers to tasks.o(.text.xTaskCreate) for xTaskCreate
    main.o(.text.main) refers to tasks.o(.text.vTaskStartScheduler) for vTaskStartScheduler
    main.o(.ARM.exidx.text.main) refers to main.o(.text.main) for [Anonymous Symbol]
    basic_io.o(.text.vPrintString) refers to tasks.o(.text.vTaskSuspendAll) for vTaskSuspendAll
    basic_io.o(.text.vPrintString) refers to basic_io.o(.bss.cBuffer) for cBuffer
    basic_io.o(.text.vPrintString) refers to basic_io.o(.rodata.str1.1) for .L.str
    basic_io.o(.text.vPrintString) refers to sprintf.o(.text) for sprintf
    basic_io.o(.text.vPrintString) refers to consoleprint.o(.text.consoleprint) for consoleprint
    basic_io.o(.text.vPrintString) refers to tasks.o(.text.xTaskResumeAll) for xTaskResumeAll
    basic_io.o(.ARM.exidx.text.vPrintString) refers to basic_io.o(.text.vPrintString) for [Anonymous Symbol]
    basic_io.o(.text.vPrintStringAndNumber) refers to tasks.o(.text.vTaskSuspendAll) for vTaskSuspendAll
    basic_io.o(.text.vPrintStringAndNumber) refers to basic_io.o(.bss.cBuffer) for cBuffer
    basic_io.o(.text.vPrintStringAndNumber) refers to basic_io.o(.rodata.str1.1) for .L.str.1
    basic_io.o(.text.vPrintStringAndNumber) refers to sprintf.o(.text) for sprintf
    basic_io.o(.text.vPrintStringAndNumber) refers to consoleprint.o(.text.consoleprint) for consoleprint
    basic_io.o(.text.vPrintStringAndNumber) refers to tasks.o(.text.xTaskResumeAll) for xTaskResumeAll
    basic_io.o(.ARM.exidx.text.vPrintStringAndNumber) refers to basic_io.o(.text.vPrintStringAndNumber) for [Anonymous Symbol]
    basic_io.o(.text.vPrintStringAndNumbers) refers to tasks.o(.text.vTaskSuspendAll) for vTaskSuspendAll
    basic_io.o(.text.vPrintStringAndNumbers) refers to basic_io.o(.bss.cBuffer) for cBuffer
    basic_io.o(.text.vPrintStringAndNumbers) refers to basic_io.o(.rodata.str1.1) for .L.str.2
    basic_io.o(.text.vPrintStringAndNumbers) refers to sprintf.o(.text) for sprintf
    basic_io.o(.text.vPrintStringAndNumbers) refers to consoleprint.o(.text.consoleprint) for consoleprint
    basic_io.o(.text.vPrintStringAndNumbers) refers to tasks.o(.text.xTaskResumeAll) for xTaskResumeAll
    basic_io.o(.ARM.exidx.text.vPrintStringAndNumbers) refers to basic_io.o(.text.vPrintStringAndNumbers) for [Anonymous Symbol]
    consoleprint.o(.text.consoleprint) refers to strlen.o(.text) for strlen
    consoleprint.o(.text.consoleprint) refers to retarget.o(.text.__write) for __write
    consoleprint.o(.ARM.exidx.text.consoleprint) refers to consoleprint.o(.text.consoleprint) for [Anonymous Symbol]
    retarget.o(.text.__write) refers to retarget.o(.text.ITM_SendChar) for ITM_SendChar
[...]
    [Anonymous Symbol]                       0x200002f8   Section        0  timers.o(.bss.pxOverflowTimerList)
    pxReadyTasksLists                        0x200002fc   Data        1120  tasks.o(.bss.pxReadyTasksLists)
    [Anonymous Symbol]                       0x200002fc   Section        0  tasks.o(.bss.pxReadyTasksLists)
    ucHeap                                   0x20000760   Data        8192  heap_4.o(.bss.ucHeap)
    [Anonymous Symbol]                       0x20000760   Section        0  heap_4.o(.bss.ucHeap)
    ucMaxSysCallPriority                     0x20002760   Data           1  port.o(.bss.ucMaxSysCallPriority)
    [Anonymous Symbol]                       0x20002760   Section        0  port.o(.bss.ucMaxSysCallPriority)
    ulMaxPRIGROUPValue                       0x20002764   Data           4  port.o(.bss.ulMaxPRIGROUPValue)
    [Anonymous Symbol]                       0x20002764   Section        0  port.o(.bss.ulMaxPRIGROUPValue)
    uxCurrentNumberOfTasks                   0x20002768   Data           4  tasks.o(.bss.uxCurrentNumberOfTasks)
    [Anonymous Symbol]                       0x20002768   Section        0  tasks.o(.bss.uxCurrentNumberOfTasks)
    uxDeletedTasksWaitingCleanUp             0x2000276c   Data           4  tasks.o(.bss.uxDeletedTasksWaitingCleanUp)
    [Anonymous Symbol]                       0x2000276c   Section        0  tasks.o(.bss.uxDeletedTasksWaitingCleanUp)
    uxSchedulerSuspended                     0x20002770   Data           4  tasks.o(.bss.uxSchedulerSuspended)
    [Anonymous Symbol]                       0x20002770   Section        0  tasks.o(.bss.uxSchedulerSuspended)
    uxTaskNumber                             0x20002774   Data           4  tasks.o(.bss.uxTaskNumber)
    [Anonymous Symbol]                       0x20002774   Section        0  tasks.o(.bss.uxTaskNumber)
    uxTopReadyPriority                       0x20002778   Data           4  tasks.o(.bss.uxTopReadyPriority)
    [Anonymous Symbol]                       0x20002778   Section        0  tasks.o(.bss.uxTopReadyPriority)
    vApplicationGetIdleTaskMemory.uxIdleTaskStack 0x2000277c   Data         512  tasks.o(.bss.vApplicationGetIdleTaskMemory.uxIdleTaskStack)
    [Anonymous Symbol]                       0x2000277c   Section        0  tasks.o(.bss.vApplicationGetIdleTaskMemory.uxIdleTaskStack)
    vApplicationGetIdleTaskMemory.xIdleTaskTCB 0x2000297c   Data          92  tasks.o(.bss.vApplicationGetIdleTaskMemory.xIdleTaskTCB)
    [Anonymous Symbol]                       0x2000297c   Section        0  tasks.o(.bss.vApplicationGetIdleTaskMemory.xIdleTaskTCB)
    vApplicationGetTimerTaskMemory.uxTimerTaskStack 0x200029d8   Data         512  tasks.o(.bss.vApplicationGetTimerTaskMemory.uxTimerTaskStack)
    [Anonymous Symbol]                       0x200029d8   Section        0  tasks.o(.bss.vApplicationGetTimerTaskMemory.uxTimerTaskStack)
    vApplicationGetTimerTaskMemory.xTimerTaskTCB 0x20002bd8   Data          92  tasks.o(.bss.vApplicationGetTimerTaskMemory.xTimerTaskTCB)
    [Anonymous Symbol]                       0x20002bd8   Section        0  tasks.o(.bss.vApplicationGetTimerTaskMemory.xTimerTaskTCB)
    xActiveTimerList1                        0x20002c34   Data          20  timers.o(.bss.xActiveTimerList1)
    [Anonymous Symbol]                       0x20002c34   Section        0  timers.o(.bss.xActiveTimerList1)
    xActiveTimerList2                        0x20002c48   Data          20  timers.o(.bss.xActiveTimerList2)
    [Anonymous Symbol]                       0x20002c48   Section        0  timers.o(.bss.xActiveTimerList2)
    xDelayedTaskList1                        0x20002c5c   Data          20  tasks.o(.bss.xDelayedTaskList1)
    [Anonymous Symbol]                       0x20002c5c   Section        0  tasks.o(.bss.xDelayedTaskList1)
    xDelayedTaskList2                        0x20002c70   Data          20  tasks.o(.bss.xDelayedTaskList2)
    [Anonymous Symbol]                       0x20002c70   Section        0  tasks.o(.bss.xDelayedTaskList2)
    xFreeBytesRemaining                      0x20002c84   Data           4  heap_4.o(.bss.xFreeBytesRemaining)
    [Anonymous Symbol]                       0x20002c84   Section        0  heap_4.o(.bss.xFreeBytesRemaining)
    xIdleTaskHandles                         0x20002c88   Data           4  tasks.o(.bss.xIdleTaskHandles)
    [Anonymous Symbol]                       0x20002c88   Section        0  tasks.o(.bss.xIdleTaskHandles)
    xMinimumEverFreeBytesRemaining           0x20002c8c   Data           4  heap_4.o(.bss.xMinimumEverFreeBytesRemaining)
    [Anonymous Symbol]                       0x20002c8c   Section        0  heap_4.o(.bss.xMinimumEverFreeBytesRemaining)
    xNextTaskUnblockTime                     0x20002c90   Data           4  tasks.o(.bss.xNextTaskUnblockTime)
    [Anonymous Symbol]                       0x20002c90   Section        0  tasks.o(.bss.xNextTaskUnblockTime)
    xNumOfOverflows                          0x20002c94   Data           4  tasks.o(.bss.xNumOfOverflows)
    [Anonymous Symbol]                       0x20002c94   Section        0  tasks.o(.bss.xNumOfOverflows)
    xNumberOfSuccessfulAllocations           0x20002c98   Data           4  heap_4.o(.bss.xNumberOfSuccessfulAllocations)
    [Anonymous Symbol]                       0x20002c98   Section        0  heap_4.o(.bss.xNumberOfSuccessfulAllocations)
    xNumberOfSuccessfulFrees                 0x20002c9c   Data           4  heap_4.o(.bss.xNumberOfSuccessfulFrees)
    [Anonymous Symbol]                       0x20002c9c   Section        0  heap_4.o(.bss.xNumberOfSuccessfulFrees)
    xPendedTicks                             0x20002ca0   Data           4  tasks.o(.bss.xPendedTicks)
    [Anonymous Symbol]                       0x20002ca0   Section        0  tasks.o(.bss.xPendedTicks)
    xPendingReadyList                        0x20002ca4   Data          20  tasks.o(.bss.xPendingReadyList)
    [Anonymous Symbol]                       0x20002ca4   Section        0  tasks.o(.bss.xPendingReadyList)
    xSchedulerRunning                        0x20002cbc   Data           4  tasks.o(.bss.xSchedulerRunning)
    [Anonymous Symbol]                       0x20002cbc   Section        0  tasks.o(.bss.xSchedulerRunning)
    xStart                                   0x20002cc0   Data           8  heap_4.o(.bss.xStart)
    [Anonymous Symbol]                       0x20002cc0   Section        0  heap_4.o(.bss.xStart)
    xSuspendedTaskList                       0x20002cc8   Data          20  tasks.o(.bss.xSuspendedTaskList)
    [Anonymous Symbol]                       0x20002cc8   Section        0  tasks.o(.bss.xSuspendedTaskList)
    xTasksWaitingTermination                 0x20002cdc   Data          20  tasks.o(.bss.xTasksWaitingTermination)
    [Anonymous Symbol]                       0x20002cdc   Section        0  tasks.o(.bss.xTasksWaitingTermination)
    xTickCount                               0x20002cf0   Data           4  tasks.o(.bss.xTickCount)
    [Anonymous Symbol]                       0x20002cf0   Section        0  tasks.o(.bss.xTickCount)
    xTimerQueue                              0x20002cf4   Data           4  timers.o(.bss.xTimerQueue)
    [Anonymous Symbol]                       0x20002cf4   Section        0  timers.o(.bss.xTimerQueue)
    xTimerTaskHandle                         0x20002cf8   Data           4  timers.o(.bss.xTimerTaskHandle)
    [Anonymous Symbol]                       0x20002cf8   Section        0  timers.o(.bss.xTimerTaskHandle)
    xYieldPendings                           0x20002cfc   Data           4  tasks.o(.bss.xYieldPendings)
    [Anonymous Symbol]                       0x20002cfc   Section        0  tasks.o(.bss.xYieldPendings)
    Heap_Mem                                 0x20002d00   Data           0  startup_tm4c123.o(HEAP)
    Stack_Mem                                0x20002d00   Data         512  startup_tm4c123.o(STACK)
    HEAP                                     0x20002d00   Section        0  startup_tm4c123.o(HEAP)
    STACK                                    0x20002d00   Section      512  startup_tm4c123.o(STACK)
    __initial_sp                             0x20002f00   Data           0  startup_tm4c123.o(STACK)

    Global Symbols

    Symbol Name                              Value     Ov Type        Size  Object(Section)

    BuildAttributes$$THM_ISAv4$E$P$D$K$B$S$7EM$VFPi3$EXTD16$VFPS$VFMA$PE$A:L22UL41UL21$X:L11$S22US41US21$IEEE1$IW$~IW$USESV6$~STKCKD$USESV7$~SHL$OTIME$ROPI$IEEEJ$EBA8$UX$STANDARDLIB$REQ8$PRES8$EABIv2 0x00000000   Number         0  anon$$obj.o ABSOLUTE
    __Vectors                                0x00000000   Data           4  startup_tm4c123.o(RESET)
    _printf_flags                            0x00000000   Number         0  printf_stubs.o ABSOLUTE
    _printf_return_value                     0x00000000   Number         0  printf_stubs.o ABSOLUTE
    _printf_sizespec                         0x00000000   Number         0  printf_stubs.o ABSOLUTE
    _printf_widthprec                        0x00000000   Number         0  printf_stubs.o ABSOLUTE
    __ARM_exceptions_init                     - Undefined Weak Reference
    __alloca_initialize                       - Undefined Weak Reference
    __arm_preinit_                            - Undefined Weak Reference
    __arm_relocate_pie_                       - Undefined Weak Reference
    __cpp_initialize__aeabi_                  - Undefined Weak Reference
    __cxa_finalize                            - Undefined Weak Reference
    __sigvec_lookup                           - Undefined Weak Reference
    _atexit_init                              - Undefined Weak Reference
    _call_atexit_fns                          - Undefined Weak Reference
    _clock_init                               - Undefined Weak Reference
    _fp_trap_init                             - Undefined Weak Reference
    _fp_trap_shutdown                         - Undefined Weak Reference
    _get_lc_collate                           - Undefined Weak Reference
    _get_lc_monetary                          - Undefined Weak Reference
    _get_lc_time                              - Undefined Weak Reference
    _getenv_init                              - Undefined Weak Reference
    _handle_redirection                       - Undefined Weak Reference
    _init_alloc                               - Undefined Weak Reference
    _init_user_alloc                          - Undefined Weak Reference
    _initio                                   - Undefined Weak Reference
    _printf_mbtowc                            - Undefined Weak Reference
    _printf_wc                                - Undefined Weak Reference
    _rand_init                                - Undefined Weak Reference
    _signal_finish                            - Undefined Weak Reference
    _signal_init                              - Undefined Weak Reference
    _terminate_alloc                          - Undefined Weak Reference
    _terminate_user_alloc                     - Undefined Weak Reference
    _terminateio                              - Undefined Weak Reference
    __Vectors_End                            0x0000026c   Data           0  startup_tm4c123.o(RESET)
    __Vectors_Size                           0x0000026c   Number         0  startup_tm4c123.o ABSOLUTE
    __main                                   0x0000026d   Thumb Code     8  __main.o(!!!main)
    __scatterload                            0x00000275   Thumb Code     0  __scatter.o(!!!scatter)
    __scatterload_rt2                        0x00000275   Thumb Code    44  __scatter.o(!!!scatter)
    __scatterload_rt2_thumb_only             0x00000275   Thumb Code     0  __scatter.o(!!!scatter)
    __scatterload_null                       0x00000283   Thumb Code     0  __scatter.o(!!!scatter)
    __scatterload_copy                       0x000002a9   Thumb Code    26  __scatter_copy.o(!!handler_copy)
    __scatterload_zeroinit                   0x000002c5   Thumb Code    28  __scatter_zi.o(!!handler_zi)
    _printf_n                                0x000002e1   Thumb Code     0  _printf_n.o(.ARM.Collect$$_printf_percent$$00000001)
    _printf_percent                          0x000002e1   Thumb Code     0  _printf_percent.o(.ARM.Collect$$_printf_percent$$00000000)
    _printf_p                                0x000002e7   Thumb Code     0  _printf_p.o(.ARM.Collect$$_printf_percent$$00000002)
    _printf_f                                0x000002ed   Thumb Code     0  _printf_f.o(.ARM.Collect$$_printf_percent$$00000003)
    _printf_e                                0x000002f3   Thumb Code     0  _printf_e.o(.ARM.Collect$$_printf_percent$$00000004)
    _printf_g                                0x000002f9   Thumb Code     0  _printf_g.o(.ARM.Collect$$_printf_percent$$00000005)
    _printf_a                                0x000002ff   Thumb Code     0  _printf_a.o(.ARM.Collect$$_printf_percent$$00000006)
    _printf_ll                               0x00000305   Thumb Code     0  _printf_ll.o(.ARM.Collect$$_printf_percent$$00000007)
    _printf_i                                0x0000030f   Thumb Code     0  _printf_i.o(.ARM.Collect$$_printf_percent$$00000008)
    _printf_d                                0x00000315   Thumb Code     0  _printf_d.o(.ARM.Collect$$_printf_percent$$00000009)
    _printf_u                                0x0000031b   Thumb Code     0  _printf_u.o(.ARM.Collect$$_printf_percent$$0000000A)
    _printf_o                                0x00000321   Thumb Code     0  _printf_o.o(.ARM.Collect$$_printf_percent$$0000000B)
    _printf_x                                0x00000327   Thumb Code     0  _printf_x.o(.ARM.Collect$$_printf_percent$$0000000C)
    _printf_lli                              0x0000032d   Thumb Code     0  _printf_lli.o(.ARM.Collect$$_printf_percent$$0000000D)
    _printf_lld                              0x00000333   Thumb Code     0  _printf_lld.o(.ARM.Collect$$_printf_percent$$0000000E)
    _printf_llu                              0x00000339   Thumb Code     0  _printf_llu.o(.ARM.Collect$$_printf_percent$$0000000F)
    _printf_llo                              0x0000033f   Thumb Code     0  _printf_llo.o(.ARM.Collect$$_printf_percent$$00000010)
    _printf_llx                              0x00000345   Thumb Code     0  _printf_llx.o(.ARM.Collect$$_printf_percent$$00000011)
    _printf_l                                0x0000034b   Thumb Code     0  _printf_l.o(.ARM.Collect$$_printf_percent$$00000012)
    _printf_c                                0x00000355   Thumb Code     0  _printf_c.o(.ARM.Collect$$_printf_percent$$00000013)
    _printf_s                                0x0000035b   Thumb Code     0  _printf_s.o(.ARM.Collect$$_printf_percent$$00000014)
    _printf_lc                               0x00000361   Thumb Code     0  _printf_lc.o(.ARM.Collect$$_printf_percent$$00000015)
    _printf_ls                               0x00000367   Thumb Code     0  _printf_ls.o(.ARM.Collect$$_printf_percent$$00000016)
    _printf_percent_end                      0x0000036d   Thumb Code     0  _printf_percent_end.o(.ARM.Collect$$_printf_percent$$00000017)
    __rt_lib_init                            0x00000371   Thumb Code     0  libinit.o(.ARM.Collect$$libinit$$00000000)
    __rt_lib_init_fp_1                       0x00000373   Thumb Code     0  libinit2.o(.ARM.Collect$$libinit$$00000001)
    __rt_lib_init_heap_1                     0x00000377   Thumb Code     0  libinit2.o(.ARM.Collect$$libinit$$0000000C)
    __rt_lib_init_lc_common                  0x00000377   Thumb Code     0  libinit2.o(.ARM.Collect$$libinit$$00000011)
    __rt_lib_init_preinit_1                  0x00000377   Thumb Code     0  libinit2.o(.ARM.Collect$$libinit$$00000006)
    __rt_lib_init_rand_1                     0x00000377   Thumb Code     0  libinit2.o(.ARM.Collect$$libinit$$00000010)
    __rt_lib_init_relocate_pie_1             0x00000377   Thumb Code     0  libinit2.o(.ARM.Collect$$libinit$$00000004)
    __rt_lib_init_user_alloc_1               0x00000377   Thumb Code     0  libinit2.o(.ARM.Collect$$libinit$$0000000E)
    __rt_lib_init_lc_collate_1               0x0000037d   Thumb Code     0  libinit2.o(.ARM.Collect$$libinit$$00000013)
    __rt_lib_init_lc_ctype_2                 0x0000037d   Thumb Code     0  libinit2.o(.ARM.Collect$$libinit$$00000014)
    __rt_lib_init_lc_ctype_1                 0x00000389   Thumb Code     0  libinit2.o(.ARM.Collect$$libinit$$00000015)
    __rt_lib_init_lc_monetary_1              0x00000389   Thumb Code     0  libinit2.o(.ARM.Collect$$libinit$$00000017)
    __rt_lib_init_lc_numeric_2               0x00000389   Thumb Code     0  libinit2.o(.ARM.Collect$$libinit$$00000018)
    __rt_lib_init_alloca_1                   0x00000393   Thumb Code     0  libinit2.o(.ARM.Collect$$libinit$$00000030)
    __rt_lib_init_argv_1                     0x00000393   Thumb Code     0  libinit2.o(.ARM.Collect$$libinit$$0000002E)
    __rt_lib_init_atexit_1                   0x00000393   Thumb Code     0  libinit2.o(.ARM.Collect$$libinit$$0000001D)
    __rt_lib_init_clock_1                    0x00000393   Thumb Code     0  libinit2.o(.ARM.Collect$$libinit$$00000023)
    __rt_lib_init_cpp_1                      0x00000393   Thumb Code     0  libinit2.o(.ARM.Collect$$libinit$$00000034)
    __rt_lib_init_exceptions_1               0x00000393   Thumb Code     0  libinit2.o(.ARM.Collect$$libinit$$00000032)
    __rt_lib_init_fp_trap_1                  0x00000393   Thumb Code     0  libinit2.o(.ARM.Collect$$libinit$$00000021)
    __rt_lib_init_getenv_1                   0x00000393   Thumb Code     0  libinit2.o(.ARM.Collect$$libinit$$00000025)
    __rt_lib_init_lc_numeric_1               0x00000393   Thumb Code     0  libinit2.o(.ARM.Collect$$libinit$$00000019)
    __rt_lib_init_lc_time_1                  0x00000393   Thumb Code     0  libinit2.o(.ARM.Collect$$libinit$$0000001B)
    __rt_lib_init_return                     0x00000393   Thumb Code     0  libinit2.o(.ARM.Collect$$libinit$$00000035)
    __rt_lib_init_signal_1                   0x00000393   Thumb Code     0  libinit2.o(.ARM.Collect$$libinit$$0000001F)
    __rt_lib_init_stdio_1                    0x00000393   Thumb Code     0  libinit2.o(.ARM.Collect$$libinit$$00000027)
    __rt_lib_shutdown                        0x00000395   Thumb Code     0  libshutdown.o(.ARM.Collect$$libshutdown$$00000000)
    __rt_lib_shutdown_cpp_1                  0x00000397   Thumb Code     0  libshutdown2.o(.ARM.Collect$$libshutdown$$00000002)
    __rt_lib_shutdown_fp_trap_1              0x00000397   Thumb Code     0  libshutdown2.o(.ARM.Collect$$libshutdown$$00000007)
    __rt_lib_shutdown_heap_1                 0x00000397   Thumb Code     0  libshutdown2.o(.ARM.Collect$$libshutdown$$0000000F)
    __rt_lib_shutdown_return                 0x00000397   Thumb Code     0  libshutdown2.o(.ARM.Collect$$libshutdown$$00000010)
    __rt_lib_shutdown_signal_1               0x00000397   Thumb Code     0  libshutdown2.o(.ARM.Collect$$libshutdown$$0000000A)
    __rt_lib_shutdown_stdio_1                0x00000397   Thumb Code     0  libshutdown2.o(.ARM.Collect$$libshutdown$$00000004)
    __rt_lib_shutdown_user_alloc_1           0x00000397   Thumb Code     0  libshutdown2.o(.ARM.Collect$$libshutdown$$0000000C)
    __rt_entry                               0x00000399   Thumb Code     0  __rtentry.o(.ARM.Collect$$rtentry$$00000000)
    __rt_entry_presh_1                       0x00000399   Thumb Code     0  __rtentry2.o(.ARM.Collect$$rtentry$$00000002)
    __rt_entry_sh                            0x00000399   Thumb Code     0  __rtentry4.o(.ARM.Collect$$rtentry$$00000004)
    __rt_entry_postsh_1                      0x0000039f   Thumb Code     0  __rtentry2.o(.ARM.Collect$$rtentry$$00000008)
    __rt_entry_li                            0x000003a7   Thumb Code     0  __rtentry2.o(.ARM.Collect$$rtentry$$0000000A)
    __rt_entry_main                          0x000003ab   Thumb Code     0  __rtentry2.o(.ARM.Collect$$rtentry$$0000000D)
    __rt_entry_postli_1                      0x000003ab   Thumb Code     0  __rtentry2.o(.ARM.Collect$$rtentry$$0000000C)
    __rt_exit                                0x000003b3   Thumb Code     0  rtexit.o(.ARM.Collect$$rtexit$$00000000)
    __rt_exit_ls                             0x000003b5   Thumb Code     0  rtexit2.o(.ARM.Collect$$rtexit$$00000003)
    __rt_exit_prels_1                        0x000003b5   Thumb Code     0  rtexit2.o(.ARM.Collect$$rtexit$$00000002)
    __rt_exit_exit                           0x000003b9   Thumb Code     0  rtexit2.o(.ARM.Collect$$rtexit$$00000004)
    Reset_Handler                            0x000003c1   Thumb Code     8  startup_tm4c123.o(.text)
    NMI_Handler                              0x000003c9   Thumb Code     2  startup_tm4c123.o(.text)
    HardFault_Handler                        0x000003cb   Thumb Code     2  startup_tm4c123.o(.text)
    MemManage_Handler                        0x000003cd   Thumb Code     2  startup_tm4c123.o(.text)
    BusFault_Handler                         0x000003cf   Thumb Code     2  startup_tm4c123.o(.text)
    UsageFault_Handler                       0x000003d1   Thumb Code     2  startup_tm4c123.o(.text)
    DebugMon_Handler                         0x000003d5   Thumb Code     2  startup_tm4c123.o(.text)
    GPIOA_Handler                            0x000003db   Thumb Code     2  startup_tm4c123.o(.text)
    GPIOB_Handler                            0x000003dd   Thumb Code     2  startup_tm4c123.o(.text)
    GPIOC_Handler                            0x000003df   Thumb Code     2  startup_tm4c123.o(.text)
    GPIOD_Handler                            0x000003e1   Thumb Code     2  startup_tm4c123.o(.text)
    GPIOE_Handler                            0x000003e3   Thumb Code     2  startup_tm4c123.o(.text)
    UART0_Handler                            0x000003e5   Thumb Code     2  startup_tm4c123.o(.text)
    UART1_Handler                            0x000003e7   Thumb Code     2  startup_tm4c123.o(.text)
    SSI0_Handler                             0x000003e9   Thumb Code     2  startup_tm4c123.o(.text)
    I2C0_Handler                             0x000003eb   Thumb Code     2  startup_tm4c123.o(.text)
    PMW0_FAULT_Handler                       0x000003ed   Thumb Code     2  startup_tm4c123.o(.text)
    PWM0_0_Handler                           0x000003ef   Thumb Code     2  startup_tm4c123.o(.text)
    PWM0_1_Handler                           0x000003f1   Thumb Code     2  startup_tm4c123.o(.text)
    PWM0_2_Handler                           0x000003f3   Thumb Code     2  startup_tm4c123.o(.text)
    QEI0_Handler                             0x000003f5   Thumb Code     2  startup_tm4c123.o(.text)
    ADC0SS0_Handler                          0x000003f7   Thumb Code     2  startup_tm4c123.o(.text)
    ADC0SS1_Handler                          0x000003f9   Thumb Code     2  startup_tm4c123.o(.text)
    ADC0SS2_Handler                          0x000003fb   Thumb Code     2  startup_tm4c123.o(.text)
    ADC0SS3_Handler                          0x000003fd   Thumb Code     2  startup_tm4c123.o(.text)
    WDT0_Handler                             0x000003ff   Thumb Code     2  startup_tm4c123.o(.text)
    TIMER0A_Handler                          0x00000401   Thumb Code     2  startup_tm4c123.o(.text)
    TIMER0B_Handler                          0x00000403   Thumb Code     2  startup_tm4c123.o(.text)
    TIMER1A_Handler                          0x00000405   Thumb Code     2  startup_tm4c123.o(.text)
    TIMER1B_Handler                          0x00000407   Thumb Code     2  startup_tm4c123.o(.text)
    TIMER2A_Handler                          0x00000409   Thumb Code     2  startup_tm4c123.o(.text)
    TIMER2B_Handler                          0x0000040b   Thumb Code     2  startup_tm4c123.o(.text)
    COMP0_Handler                            0x0000040d   Thumb Code     2  startup_tm4c123.o(.text)
    COMP1_Handler                            0x0000040f   Thumb Code     2  startup_tm4c123.o(.text)
    COMP2_Handler                            0x00000411   Thumb Code     2  startup_tm4c123.o(.text)
    SYSCTL_Handler                           0x00000413   Thumb Code     2  startup_tm4c123.o(.text)
    FLASH_Handler                            0x00000415   Thumb Code     2  startup_tm4c123.o(.text)
    GPIOG_Handler                            0x00000419   Thumb Code     2  startup_tm4c123.o(.text)
    GPIOH_Handler                            0x0000041b   Thumb Code     2  startup_tm4c123.o(.text)
    UART2_Handler                            0x0000041d   Thumb Code     2  startup_tm4c123.o(.text)
    SSI1_Handler                             0x0000041f   Thumb Code     2  startup_tm4c123.o(.text)
    TIMER3A_Handler                          0x00000421   Thumb Code     2  startup_tm4c123.o(.text)
    TIMER3B_Handler                          0x00000423   Thumb Code     2  startup_tm4c123.o(.text)
    I2C1_Handler                             0x00000425   Thumb Code     2  startup_tm4c123.o(.text)
    QEI1_Handler                             0x00000427   Thumb Code     2  startup_tm4c123.o(.text)
    CAN0_Handler                             0x00000429   Thumb Code     2  startup_tm4c123.o(.text)
    CAN1_Handler                             0x0000042b   Thumb Code     2  startup_tm4c123.o(.text)
    CAN2_Handler                             0x0000042d   Thumb Code     2  startup_tm4c123.o(.text)
    HIB_Handler                              0x0000042f   Thumb Code     2  startup_tm4c123.o(.text)
    USB0_Handler                             0x00000431   Thumb Code     2  startup_tm4c123.o(.text)
    PWM0_3_Handler                           0x00000433   Thumb Code     2  startup_tm4c123.o(.text)
    UDMA_Handler                             0x00000435   Thumb Code     2  startup_tm4c123.o(.text)
    UDMAERR_Handler                          0x00000437   Thumb Code     2  startup_tm4c123.o(.text)
    ADC1SS0_Handler                          0x00000439   Thumb Code     2  startup_tm4c123.o(.text)
    ADC1SS1_Handler                          0x0000043b   Thumb Code     2  startup_tm4c123.o(.text)
    ADC1SS2_Handler                          0x0000043d   Thumb Code     2  startup_tm4c123.o(.text)
    ADC1SS3_Handler                          0x0000043f   Thumb Code     2  startup_tm4c123.o(.text)
    GPIOJ_Handler                            0x00000441   Thumb Code     2  startup_tm4c123.o(.text)
    GPIOK_Handler                            0x00000443   Thumb Code     2  startup_tm4c123.o(.text)
    GPIOL_Handler                            0x00000445   Thumb Code     2  startup_tm4c123.o(.text)
    SSI2_Handler                             0x00000447   Thumb Code     2  startup_tm4c123.o(.text)
    SSI3_Handler                             0x00000449   Thumb Code     2  startup_tm4c123.o(.text)
    UART3_Handler                            0x0000044b   Thumb Code     2  startup_tm4c123.o(.text)
    UART4_Handler                            0x0000044d   Thumb Code     2  startup_tm4c123.o(.text)
    UART5_Handler                            0x0000044f   Thumb Code     2  startup_tm4c123.o(.text)
    UART6_Handler                            0x00000451   Thumb Code     2  startup_tm4c123.o(.text)
    UART7_Handler                            0x00000453   Thumb Code     2  startup_tm4c123.o(.text)
    I2C2_Handler                             0x00000455   Thumb Code     2  startup_tm4c123.o(.text)
    I2C3_Handler                             0x00000457   Thumb Code     2  startup_tm4c123.o(.text)
    TIMER4A_Handler                          0x00000459   Thumb Code     2  startup_tm4c123.o(.text)
    TIMER4B_Handler                          0x0000045b   Thumb Code     2  startup_tm4c123.o(.text)
    TIMER5A_Handler                          0x0000045d   Thumb Code     2  startup_tm4c123.o(.text)
    TIMER5B_Handler                          0x0000045f   Thumb Code     2  startup_tm4c123.o(.text)
    WTIMER0A_Handler                         0x00000461   Thumb Code     2  startup_tm4c123.o(.text)
    WTIMER0B_Handler                         0x00000463   Thumb Code     2  startup_tm4c123.o(.text)
    WTIMER1A_Handler                         0x00000465   Thumb Code     2  startup_tm4c123.o(.text)
    WTIMER1B_Handler                         0x00000467   Thumb Code     2  startup_tm4c123.o(.text)
    WTIMER2A_Handler                         0x00000469   Thumb Code     2  startup_tm4c123.o(.text)
    WTIMER2B_Handler                         0x0000046b   Thumb Code     2  startup_tm4c123.o(.text)
    WTIMER3A_Handler                         0x0000046d   Thumb Code     2  startup_tm4c123.o(.text)
    WTIMER3B_Handler                         0x0000046f   Thumb Code     2  startup_tm4c123.o(.text)
    WTIMER4A_Handler                         0x00000471   Thumb Code     2  startup_tm4c123.o(.text)
    WTIMER4B_Handler                         0x00000473   Thumb Code     2  startup_tm4c123.o(.text)
    WTIMER5A_Handler                         0x00000475   Thumb Code     2  startup_tm4c123.o(.text)
    WTIMER5B_Handler                         0x00000477   Thumb Code     2  startup_tm4c123.o(.text)
    FPU_Handler                              0x00000479   Thumb Code     2  startup_tm4c123.o(.text)
    I2C4_Handler                             0x0000047b   Thumb Code     2  startup_tm4c123.o(.text)
    I2C5_Handler                             0x0000047d   Thumb Code     2  startup_tm4c123.o(.text)
    GPIOM_Handler                            0x0000047f   Thumb Code     2  startup_tm4c123.o(.text)
    GPION_Handler                            0x00000481   Thumb Code     2  startup_tm4c123.o(.text)
    QEI2_Handler                             0x00000483   Thumb Code     2  startup_tm4c123.o(.text)
    GPIOP0_Handler                           0x00000485   Thumb Code     2  startup_tm4c123.o(.text)
    GPIOP1_Handler                           0x00000487   Thumb Code     2  startup_tm4c123.o(.text)
    GPIOP2_Handler                           0x00000489   Thumb Code     2  startup_tm4c123.o(.text)
    GPIOP3_Handler                           0x0000048b   Thumb Code     2  startup_tm4c123.o(.text)
    GPIOP4_Handler                           0x0000048d   Thumb Code     2  startup_tm4c123.o(.text)
    GPIOP5_Handler                           0x0000048f   Thumb Code     2  startup_tm4c123.o(.text)
    GPIOP6_Handler                           0x00000491   Thumb Code     2  startup_tm4c123.o(.text)
    GPIOP7_Handler                           0x00000493   Thumb Code     2  startup_tm4c123.o(.text)
    GPIOQ0_Handler                           0x00000495   Thumb Code     2  startup_tm4c123.o(.text)
    GPIOQ1_Handler                           0x00000497   Thumb Code     2  startup_tm4c123.o(.text)
    GPIOQ2_Handler                           0x00000499   Thumb Code     2  startup_tm4c123.o(.text)
    GPIOQ3_Handler                           0x0000049b   Thumb Code     2  startup_tm4c123.o(.text)
    GPIOQ4_Handler                           0x0000049d   Thumb Code     2  startup_tm4c123.o(.text)
    GPIOQ5_Handler                           0x0000049f   Thumb Code     2  startup_tm4c123.o(.text)
    GPIOQ6_Handler                           0x000004a1   Thumb Code     2  startup_tm4c123.o(.text)
    GPIOQ7_Handler                           0x000004a3   Thumb Code     2  startup_tm4c123.o(.text)
    GPIOR_Handler                            0x000004a5   Thumb Code     2  startup_tm4c123.o(.text)
    GPIOS_Handler                            0x000004a7   Thumb Code     2  startup_tm4c123.o(.text)
    PMW1_0_Handler                           0x000004a9   Thumb Code     2  startup_tm4c123.o(.text)
    PWM1_1_Handler                           0x000004ab   Thumb Code     2  startup_tm4c123.o(.text)
    PWM1_2_Handler                           0x000004ad   Thumb Code     2  startup_tm4c123.o(.text)
    PWM1_3_Handler                           0x000004af   Thumb Code     2  startup_tm4c123.o(.text)
    PWM1_FAULT_Handler                       0x000004b1   Thumb Code     2  startup_tm4c123.o(.text)
    __user_initial_stackheap                 0x000004b5   Thumb Code     0  startup_tm4c123.o(.text)
    sprintf                                  0x000004d5   Thumb Code    38  sprintf.o(.text)
    strlen                                   0x00000501   Thumb Code    62  strlen.o(.text)
    __aeabi_memcpy                           0x0000053f   Thumb Code     0  rt_memcpy_v6.o(.text)
    __rt_memcpy                              0x0000053f   Thumb Code   138  rt_memcpy_v6.o(.text)
    _memcpy_lastbytes                        0x000005a5   Thumb Code     0  rt_memcpy_v6.o(.text)
    __aeabi_memset4                          0x000005c9   Thumb Code    16  aeabi_memset4.o(.text)
    __aeabi_memset8                          0x000005c9   Thumb Code     0  aeabi_memset4.o(.text)
    __aeabi_memclr                           0x000005d9   Thumb Code     0  rt_memclr.o(.text)
    __rt_memclr                              0x000005d9   Thumb Code     0  rt_memclr.o(.text)
    _memset                                  0x000005dd   Thumb Code    64  rt_memclr.o(.text)
    strcmp                                   0x00000621   Thumb Code   124  strcmpv7em.o(.text)
    __use_two_region_memory                  0x0000069d   Thumb Code     2  heapauxi.o(.text)
    __rt_heap_escrow$2region                 0x0000069f   Thumb Code     2  heapauxi.o(.text)
    __rt_heap_expand$2region                 0x000006a1   Thumb Code     2  heapauxi.o(.text)
    _printf_pre_padding                      0x000006a3   Thumb Code    44  _printf_pad.o(.text)
    _printf_post_padding                     0x000006cf   Thumb Code    34  _printf_pad.o(.text)
    _printf_truncate_signed                  0x000006f1   Thumb Code    18  _printf_truncate.o(.text)
    _printf_truncate_unsigned                0x00000703   Thumb Code    18  _printf_truncate.o(.text)
    _printf_str                              0x00000715   Thumb Code    82  _printf_str.o(.text)
    _printf_int_dec                          0x00000769   Thumb Code   104  _printf_dec.o(.text)
    _printf_charcount                        0x000007e1   Thumb Code    40  _printf_charcount.o(.text)
    _printf_char_common                      0x00000813   Thumb Code    32  _printf_char_common.o(.text)
    _sputc                                   0x00000839   Thumb Code    10  _sputc.o(.text)
    _printf_wctomb                           0x00000845   Thumb Code   182  _printf_wctomb.o(.text)
    _printf_longlong_dec                     0x00000901   Thumb Code   108  _printf_longlong_dec.o(.text)
    _printf_longlong_oct                     0x0000097d   Thumb Code    68  _printf_oct_int_ll.o(.text)
    _printf_int_oct                          0x000009c1   Thumb Code    24  _printf_oct_int_ll.o(.text)
    _printf_ll_oct                           0x000009d9   Thumb Code    12  _printf_oct_int_ll.o(.text)
    _printf_longlong_hex                     0x000009ed   Thumb Code    86  _printf_hex_int_ll_ptr.o(.text)
    _printf_int_hex                          0x00000a43   Thumb Code    28  _printf_hex_int_ll_ptr.o(.text)
    _printf_ll_hex                           0x00000a5f   Thumb Code    12  _printf_hex_int_ll_ptr.o(.text)
    _printf_hex_ptr                          0x00000a6b   Thumb Code    18  _printf_hex_int_ll_ptr.o(.text)
    __printf                                 0x00000a81   Thumb Code   388  __printf_flags_ss_wp.o(.text)
    __aeabi_memcpy4                          0x00000c09   Thumb Code     0  rt_memcpy_w.o(.text)
    __aeabi_memcpy8                          0x00000c09   Thumb Code     0  rt_memcpy_w.o(.text)
    __rt_memcpy_w                            0x00000c09   Thumb Code   100  rt_memcpy_w.o(.text)
    _memcpy_lastbytes_aligned                0x00000c51   Thumb Code     0  rt_memcpy_w.o(.text)
    __aeabi_memclr4                          0x00000c6d   Thumb Code     0  rt_memclr_w.o(.text)
    __aeabi_memclr8                          0x00000c6d   Thumb Code     0  rt_memclr_w.o(.text)
    __rt_memclr_w                            0x00000c6d   Thumb Code     0  rt_memclr_w.o(.text)
    _memset_w                                0x00000c71   Thumb Code    74  rt_memclr_w.o(.text)
    _ll_udiv10                               0x00000cbb   Thumb Code   138  lludiv10.o(.text)
    _printf_int_common                       0x00000d45   Thumb Code   178  _printf_intcommon.o(.text)
    _printf_fp_dec_real                      0x00000fa7   Thumb Code   620  _printf_fp_dec.o(.text)
    _printf_fp_hex_real                      0x00001215   Thumb Code   756  _printf_fp_hex.o(.text)
    _printf_cs_common                        0x00001511   Thumb Code    20  _printf_char.o(.text)
    _printf_char                             0x00001525   Thumb Code    16  _printf_char.o(.text)
    _printf_string                           0x00001535   Thumb Code     8  _printf_char.o(.text)
    _printf_lcs_common                       0x0000153d   Thumb Code    20  _printf_wchar.o(.text)
    _printf_wchar                            0x00001551   Thumb Code    16  _printf_wchar.o(.text)
    _printf_wstring                          0x00001561   Thumb Code     8  _printf_wchar.o(.text)
    _c16rtomb                                0x00001569   Thumb Code    72  _c16rtomb.o(.text)
    _wcrtomb                                 0x00001569   Thumb Code     0  _c16rtomb.o(.text)
    __user_setup_stackheap                   0x000015b1   Thumb Code    74  sys_stackheap_outer.o(.text)
    __rt_ctype_table                         0x000015fd   Thumb Code    16  rt_ctype_table.o(.text)
    __rt_locale                              0x0000160d   Thumb Code    10  rt_locale_twolibspace.o(.text)
    _printf_fp_infnan                        0x00001619   Thumb Code   112  _printf_fp_infnan.o(.text)
    _btod_etento                             0x00001699   Thumb Code   224  bigflt0.o(.text)
    exit                                     0x0000177d   Thumb Code    18  exit.o(.text)
    __user_libspace                          0x00001791   Thumb Code     8  libspace.o(.text)
    __user_perproc_libspace                  0x00001791   Thumb Code     0  libspace.o(.text)
    _fp_init                                 0x00001799   Thumb Code    22  clib_os.o(.text.$Sub$$_fp_init)
    GPIOF_Handler                            0x000017b1   Thumb Code    72  main.o(.text.GPIOF_Handler)
    GPIOIntClear                             0x000017f9   Thumb Code   166  main.o(.text.GPIOIntClear)
    PendSV_Handler                           0x000018e5   Thumb Code    96  port.o(.text.PendSV_Handler)
    PortF_Init                               0x00001945   Thumb Code   194  main.o(.text.PortF_Init)
    SVC_Handler                              0x00001a09   Thumb Code    32  port.o(.text.SVC_Handler)
    SysTick_Handler                          0x00001a29   Thumb Code    30  cmsis_os2.o(.text.SysTick_Handler)
    SystemInit                               0x00001a49   Thumb Code   268  system_tm4c123.o(.text.SystemInit)
    TestTask                                 0x00001b55   Thumb Code    40  main.o(.text.TestTask)
    __write                                  0x00001bf1   Thumb Code    52  retarget.o(.text.__write)
    _mutex_acquire                           0x00001c25   Thumb Code    40  clib_os.o(.text._mutex_acquire)
    _mutex_free                              0x00001c4d   Thumb Code    84  clib_os.o(.text._mutex_free)
    _mutex_initialize                        0x00001ca1   Thumb Code   168  clib_os.o(.text._mutex_initialize)
    _mutex_release                           0x00001d49   Thumb Code    42  clib_os.o(.text._mutex_release)
    _platform_post_stackheap_init            0x00001d75   Thumb Code     2  clib_os.o(.text._platform_post_stackheap_init)
    _sys_exit                                0x00001d79   Thumb Code    10  retarget.o(.text._sys_exit)
    consoleprint                             0x00001d85   Thumb Code    32  consoleprint.o(.text.consoleprint)
    main                                     0x00001dc5   Thumb Code   168  main.o(.text.main)
    pvPortMalloc                             0x00002f59   Thumb Code   696  heap_4.o(.text.pvPortMalloc)
    pvTaskIncrementMutexHeldCount            0x00003211   Thumb Code    36  tasks.o(.text.pvTaskIncrementMutexHeldCount)
    pxPortInitialiseStack                    0x00003235   Thumb Code    94  port.o(.text.pxPortInitialiseStack)
    uxListRemove                             0x00003295   Thumb Code    72  list.o(.text.uxListRemove)
    uxTaskGetNumberOfTasks                   0x000032dd   Thumb Code    12  tasks.o(.text.uxTaskGetNumberOfTasks)
    vApplicationGetIdleTaskMemory            0x000032e9   Thumb Code    42  tasks.o(.text.vApplicationGetIdleTaskMemory)
    vApplicationGetTimerTaskMemory           0x00003315   Thumb Code    42  tasks.o(.text.vApplicationGetTimerTaskMemory)
    vApplicationStackOverflowHook            0x00003341   Thumb Code    16  cmsis_os2.o(.text.vApplicationStackOverflowHook)
    vListInitialise                          0x00003351   Thumb Code    46  list.o(.text.vListInitialise)
    vListInitialiseItem                      0x00003381   Thumb Code    14  list.o(.text.vListInitialiseItem)
    vListInsert                              0x00003391   Thumb Code   106  list.o(.text.vListInsert)
    vPortEnterCritical                       0x00003411   Thumb Code    72  port.o(.text.vPortEnterCritical)
    vPortExitCritical                        0x00003459   Thumb Code    60  port.o(.text.vPortExitCritical)
    vPortFree                                0x00003495   Thumb Code   222  heap_4.o(.text.vPortFree)
    vPortSetupTimerInterrupt                 0x00003575   Thumb Code    42  port.o(.text.vPortSetupTimerInterrupt)
    vPortValidateInterruptPriority           0x000035a1   Thumb Code   104  port.o(.text.vPortValidateInterruptPriority)
    vPrintString                             0x00003609   Thumb Code    48  basic_io.o(.text.vPrintString)
    vQueueDelete                             0x00003639   Thumb Code    48  queue.o(.text.vQueueDelete)
    vQueueWaitForMessageRestricted           0x00003669   Thumb Code   100  queue.o(.text.vQueueWaitForMessageRestricted)
    vTaskInternalSetTimeOutState             0x000036cd   Thumb Code    36  tasks.o(.text.vTaskInternalSetTimeOutState)
    vTaskMissedYield                         0x000036f1   Thumb Code    14  tasks.o(.text.vTaskMissedYield)
    vTaskPlaceOnEventList                    0x00003701   Thumb Code    52  tasks.o(.text.vTaskPlaceOnEventList)
    vTaskPlaceOnEventListRestricted          0x00003735   Thumb Code   114  tasks.o(.text.vTaskPlaceOnEventListRestricted)
    vTaskPriorityDisinheritAfterTimeout      0x000037a9   Thumb Code   358  tasks.o(.text.vTaskPriorityDisinheritAfterTimeout)
    vTaskStartScheduler                      0x00003911   Thumb Code   130  tasks.o(.text.vTaskStartScheduler)
    vTaskSuspendAll                          0x00003995   Thumb Code    16  tasks.o(.text.vTaskSuspendAll)
    vTaskSwitchContext                       0x000039a5   Thumb Code   312  tasks.o(.text.vTaskSwitchContext)
    xPortStartScheduler                      0x00003add   Thumb Code   428  port.o(.text.xPortStartScheduler)
    xPortSysTickHandler                      0x00003c89   Thumb Code    62  port.o(.text.xPortSysTickHandler)
    xQueueCreateMutex                        0x00003cc9   Thumb Code    38  queue.o(.text.xQueueCreateMutex)
    xQueueCreateMutexStatic                  0x00003cf1   Thumb Code    50  queue.o(.text.xQueueCreateMutexStatic)
    xQueueGenericCreate                      0x00003d25   Thumb Code   148  queue.o(.text.xQueueGenericCreate)
    xQueueGenericCreateStatic                0x00003db9   Thumb Code   158  queue.o(.text.xQueueGenericCreateStatic)
    xQueueGenericReset                       0x00003e59   Thumb Code   236  queue.o(.text.xQueueGenericReset)
    xQueueGenericSend                        0x00003f45   Thumb Code   500  queue.o(.text.xQueueGenericSend)
    xQueueGiveFromISR                        0x00004139   Thumb Code   292  queue.o(.text.xQueueGiveFromISR)
    xQueueReceive                            0x0000425d   Thumb Code   434  queue.o(.text.xQueueReceive)
    xQueueSemaphoreTake                      0x00004411   Thumb Code   486  queue.o(.text.xQueueSemaphoreTake)
    xTaskCheckForTimeOut                     0x000045f9   Thumb Code   224  tasks.o(.text.xTaskCheckForTimeOut)
    xTaskCreate                              0x000046d9   Thumb Code    82  tasks.o(.text.xTaskCreate)
    xTaskCreateStatic                        0x0000472d   Thumb Code    92  tasks.o(.text.xTaskCreateStatic)
    xTaskGetSchedulerState                   0x00004789   Thumb Code    56  tasks.o(.text.xTaskGetSchedulerState)
    xTaskGetTickCount                        0x000047c1   Thumb Code    20  tasks.o(.text.xTaskGetTickCount)
    xTaskIncrementTick                       0x000047d5   Thumb Code   630  tasks.o(.text.xTaskIncrementTick)
    xTaskPriorityDisinherit                  0x00004a4d   Thumb Code   286  tasks.o(.text.xTaskPriorityDisinherit)
    xTaskPriorityInherit                     0x00004b6d   Thumb Code   348  tasks.o(.text.xTaskPriorityInherit)
    xTaskRemoveFromEventList                 0x00004cc9   Thumb Code   418  tasks.o(.text.xTaskRemoveFromEventList)
    xTaskResumeAll                           0x00004e6d   Thumb Code   584  tasks.o(.text.xTaskResumeAll)
    xTimerCreateTimerTask                    0x000050b5   Thumb Code   134  timers.o(.text.xTimerCreateTimerTask)
    _btod_d2e                                0x0000513b   Thumb Code    62  btod.o(CL$$btod_d2e)
    _d2e_denorm_low                          0x00005179   Thumb Code    70  btod.o(CL$$btod_d2e_denorm_low)
    _d2e_norm_op1                            0x000051bf   Thumb Code    96  btod.o(CL$$btod_d2e_norm_op1)
    __btod_div_common                        0x00005221   Thumb Code   696  btod.o(CL$$btod_div_common)
    _e2e                                     0x00005559   Thumb Code   220  btod.o(CL$$btod_e2e)
    _btod_ediv                               0x00005635   Thumb Code    42  btod.o(CL$$btod_ediv)
    _btod_emul                               0x0000565f   Thumb Code    42  btod.o(CL$$btod_emul)
    __btod_mult_common                       0x00005689   Thumb Code   580  btod.o(CL$$btod_mult_common)
    __ARM_fpclassify                         0x000058cd   Thumb Code    48  fpclassify.o(i.__ARM_fpclassify)
    _is_digit                                0x000058fd   Thumb Code    14  __printf_wp.o(i._is_digit)
    _get_lc_numeric                          0x0000590d   Thumb Code    44  lc_numeric_c.o(locale$$code)
    _get_lc_ctype                            0x00005939   Thumb Code    44  lc_ctype_c.o(locale$$code)
    $Super$$_fp_init                         0x00005965   Thumb Code    26  fpinit.o(x$fpl$fpinit)
    __fplib_config_fpu_vfp                   0x0000597d   Thumb Code     0  fpinit.o(x$fpl$fpinit)
    __fplib_config_pureend_doubles           0x0000597d   Thumb Code     0  fpinit.o(x$fpl$fpinit)
    _printf_fp_dec                           0x0000597f   Thumb Code     4  printf1.o(x$fpl$printf1)
    _printf_fp_hex                           0x00005983   Thumb Code     4  printf2.o(x$fpl$printf2)
    __I$use$fp                               0x00005986   Number         0  usenofp.o(x$fpl$usenofp)
    Region$$Table$$Base                      0x00005ac8   Number         0  anon$$obj.o(Region$$Table)
    Region$$Table$$Limit                     0x00005ae8   Number         0  anon$$obj.o(Region$$Table)
    __ctype                                  0x00005b11   Data           0  lc_ctype_c.o(locale$$data)
    __libspace_start                         0x20000008   Data          96  libspace.o(.bss)
    __temporary_stack_top$libspace           0x20000068   Data           0  libspace.o(.bss)
    pxCurrentTCB                             0x200002e4   Data           4  tasks.o(.bss.pxCurrentTCB)
    semaphore                                0x2000075c   Data           4  main.o(.bss.semaphore)
    xQueue                                   0x20002cb8   Data           4  main.o(.bss.xQueue)



==============================================================================

Memory Map of the image

  Image Entry point : 0x000003c1

  Load Region LR_1 (Base: 0x00000000, Size: 0x00005c18, Max: 0xffffffff, ABSOLUTE)

    Execution Region ER_RO (Exec base: 0x00000000, Load base: 0x00000000, Size: 0x00005c14, Max: 0xffffffff, ABSOLUTE)

    Exec Addr    Load Addr    Size         Type   Attr      Idx    E Section Name        Object

    0x00000000   0x00000000   0x0000026c   Data   RO          318    RESET               startup_tm4c123.o
    0x0000026c   0x0000026c   0x00000008   Code   RO          832  * !!!main             c_w.l(__main.o)
    0x00000274   0x00000274   0x00000034   Code   RO         1167    !!!scatter          c_w.l(__scatter.o)
    0x000002a8   0x000002a8   0x0000001a   Code   RO         1169    !!handler_copy      c_w.l(__scatter_copy.o)
    0x000002c2   0x000002c2   0x00000002   PAD
    0x000002c4   0x000002c4   0x0000001c   Code   RO         1171    !!handler_zi        c_w.l(__scatter_zi.o)
    0x000002e0   0x000002e0   0x00000000   Code   RO          918    .ARM.Collect$$_printf_percent$$00000000  c_w.l(_printf_percent.o)
    0x000002e0   0x000002e0   0x00000006   Code   RO          907    .ARM.Collect$$_printf_percent$$00000001  c_w.l(_printf_n.o)
    0x000002e6   0x000002e6   0x00000006   Code   RO          909    .ARM.Collect$$_printf_percent$$00000002  c_w.l(_printf_p.o)
    0x000002ec   0x000002ec   0x00000006   Code   RO          914    .ARM.Collect$$_printf_percent$$00000003  c_w.l(_printf_f.o)
    0x000002f2   0x000002f2   0x00000006   Code   RO          915    .ARM.Collect$$_printf_percent$$00000004  c_w.l(_printf_e.o)
    0x000002f8   0x000002f8   0x00000006   Code   RO          916    .ARM.Collect$$_printf_percent$$00000005  c_w.l(_printf_g.o)
    0x000002fe   0x000002fe   0x00000006   Code   RO          917    .ARM.Collect$$_printf_percent$$00000006  c_w.l(_printf_a.o)
    0x00000304   0x00000304   0x0000000a   Code   RO          922    .ARM.Collect$$_printf_percent$$00000007  c_w.l(_printf_ll.o)
    0x0000030e   0x0000030e   0x00000006   Code   RO          911    .ARM.Collect$$_printf_percent$$00000008  c_w.l(_printf_i.o)
    0x00000314   0x00000314   0x00000006   Code   RO          912    .ARM.Collect$$_printf_percent$$00000009  c_w.l(_printf_d.o)
    0x0000031a   0x0000031a   0x00000006   Code   RO          913    .ARM.Collect$$_printf_percent$$0000000A  c_w.l(_printf_u.o)
    0x00000320   0x00000320   0x00000006   Code   RO          910    .ARM.Collect$$_printf_percent$$0000000B  c_w.l(_printf_o.o)
    0x00000326   0x00000326   0x00000006   Code   RO          908    .ARM.Collect$$_printf_percent$$0000000C  c_w.l(_printf_x.o)
    0x0000032c   0x0000032c   0x00000006   Code   RO          919    .ARM.Collect$$_printf_percent$$0000000D  c_w.l(_printf_lli.o)
    0x00000332   0x00000332   0x00000006   Code   RO          920    .ARM.Collect$$_printf_percent$$0000000E  c_w.l(_printf_lld.o)
    0x00000338   0x00000338   0x00000006   Code   RO          921    .ARM.Collect$$_printf_percent$$0000000F  c_w.l(_printf_llu.o)
    0x0000033e   0x0000033e   0x00000006   Code   RO          926    .ARM.Collect$$_printf_percent$$00000010  c_w.l(_printf_llo.o)
    0x00000344   0x00000344   0x00000006   Code   RO          927    .ARM.Collect$$_printf_percent$$00000011  c_w.l(_printf_llx.o)
    0x0000034a   0x0000034a   0x0000000a   Code   RO          923    .ARM.Collect$$_printf_percent$$00000012  c_w.l(_printf_l.o)
    0x00000354   0x00000354   0x00000006   Code   RO          905    .ARM.Collect$$_printf_percent$$00000013  c_w.l(_printf_c.o)
    0x0000035a   0x0000035a   0x00000006   Code   RO          906    .ARM.Collect$$_printf_percent$$00000014  c_w.l(_printf_s.o)
    0x00000360   0x00000360   0x00000006   Code   RO          924    .ARM.Collect$$_printf_percent$$00000015  c_w.l(_printf_lc.o)
    0x00000366   0x00000366   0x00000006   Code   RO          925    .ARM.Collect$$_printf_percent$$00000016  c_w.l(_printf_ls.o)
    0x0000036c   0x0000036c   0x00000004   Code   RO          972    .ARM.Collect$$_printf_percent$$00000017  c_w.l(_printf_percent_end.o)
    0x00000370   0x00000370   0x00000002   Code   RO         1023    .ARM.Collect$$libinit$$00000000  c_w.l(libinit.o)
    0x00000372   0x00000372   0x00000004   Code   RO         1039    .ARM.Collect$$libinit$$00000001  c_w.l(libinit2.o)
    0x00000376   0x00000376   0x00000000   Code   RO         1042    .ARM.Collect$$libinit$$00000004  c_w.l(libinit2.o)
    0x00000376   0x00000376   0x00000000   Code   RO         1044    .ARM.Collect$$libinit$$00000006  c_w.l(libinit2.o)
    0x00000376   0x00000376   0x00000000   Code   RO         1047    .ARM.Collect$$libinit$$0000000C  c_w.l(libinit2.o)
    0x00000376   0x00000376   0x00000000   Code   RO         1049    .ARM.Collect$$libinit$$0000000E  c_w.l(libinit2.o)
    0x00000376   0x00000376   0x00000000   Code   RO         1051    .ARM.Collect$$libinit$$00000010  c_w.l(libinit2.o)
    0x00000376   0x00000376   0x00000006   Code   RO         1052    .ARM.Collect$$libinit$$00000011  c_w.l(libinit2.o)
    0x0000037c   0x0000037c   0x00000000   Code   RO         1054    .ARM.Collect$$libinit$$00000013  c_w.l(libinit2.o)
    0x0000037c   0x0000037c   0x0000000c   Code   RO         1055    .ARM.Collect$$libinit$$00000014  c_w.l(libinit2.o)
    0x00000388   0x00000388   0x00000000   Code   RO         1056    .ARM.Collect$$libinit$$00000015  c_w.l(libinit2.o)
    0x00000388   0x00000388   0x00000000   Code   RO         1058    .ARM.Collect$$libinit$$00000017  c_w.l(libinit2.o)
    0x00000388   0x00000388   0x0000000a   Code   RO         1059    .ARM.Collect$$libinit$$00000018  c_w.l(libinit2.o)
    0x00000392   0x00000392   0x00000000   Code   RO         1060    .ARM.Collect$$libinit$$00000019  c_w.l(libinit2.o)
    0x00000392   0x00000392   0x00000000   Code   RO         1062    .ARM.Collect$$libinit$$0000001B  c_w.l(libinit2.o)
    0x00000392   0x00000392   0x00000000   Code   RO         1064    .ARM.Collect$$libinit$$0000001D  c_w.l(libinit2.o)
    0x00000392   0x00000392   0x00000000   Code   RO         1066    .ARM.Collect$$libinit$$0000001F  c_w.l(libinit2.o)
    0x00000392   0x00000392   0x00000000   Code   RO         1068    .ARM.Collect$$libinit$$00000021  c_w.l(libinit2.o)
    0x00000392   0x00000392   0x00000000   Code   RO         1070    .ARM.Collect$$libinit$$00000023  c_w.l(libinit2.o)
    0x00000392   0x00000392   0x00000000   Code   RO         1072    .ARM.Collect$$libinit$$00000025  c_w.l(libinit2.o)
    0x00000392   0x00000392   0x00000000   Code   RO         1074    .ARM.Collect$$libinit$$00000027  c_w.l(libinit2.o)
    0x00000392   0x00000392   0x00000000   Code   RO         1078    .ARM.Collect$$libinit$$0000002E  c_w.l(libinit2.o)
    0x00000392   0x00000392   0x00000000   Code   RO         1080    .ARM.Collect$$libinit$$00000030  c_w.l(libinit2.o)
    0x00000392   0x00000392   0x00000000   Code   RO         1082    .ARM.Collect$$libinit$$00000032  c_w.l(libinit2.o)
    0x00000392   0x00000392   0x00000000   Code   RO         1084    .ARM.Collect$$libinit$$00000034  c_w.l(libinit2.o)
    0x00000392   0x00000392   0x00000002   Code   RO         1085    .ARM.Collect$$libinit$$00000035  c_w.l(libinit2.o)
    0x00000394   0x00000394   0x00000002   Code   RO         1103    .ARM.Collect$$libshutdown$$00000000  c_w.l(libshutdown.o)
    0x00000396   0x00000396   0x00000000   Code   RO         1115    .ARM.Collect$$libshutdown$$00000002  c_w.l(libshutdown2.o)
    0x00000396   0x00000396   0x00000000   Code   RO         1117    .ARM.Collect$$libshutdown$$00000004  c_w.l(libshutdown2.o)
    0x00000396   0x00000396   0x00000000   Code   RO         1120    .ARM.Collect$$libshutdown$$00000007  c_w.l(libshutdown2.o)
    0x00000396   0x00000396   0x00000000   Code   RO         1123    .ARM.Collect$$libshutdown$$0000000A  c_w.l(libshutdown2.o)
    0x00000396   0x00000396   0x00000000   Code   RO         1125    .ARM.Collect$$libshutdown$$0000000C  c_w.l(libshutdown2.o)
    0x00000396   0x00000396   0x00000000   Code   RO         1128    .ARM.Collect$$libshutdown$$0000000F  c_w.l(libshutdown2.o)
    0x00000396   0x00000396   0x00000002   Code   RO         1129    .ARM.Collect$$libshutdown$$00000010  c_w.l(libshutdown2.o)
    0x00000398   0x00000398   0x00000000   Code   RO          836    .ARM.Collect$$rtentry$$00000000  c_w.l(__rtentry.o)
    0x00000398   0x00000398   0x00000000   Code   RO          941    .ARM.Collect$$rtentry$$00000002  c_w.l(__rtentry2.o)
    0x00000398   0x00000398   0x00000006   Code   RO          953    .ARM.Collect$$rtentry$$00000004  c_w.l(__rtentry4.o)
    0x0000039e   0x0000039e   0x00000008   Code   RO          942    .ARM.Collect$$rtentry$$00000008  c_w.l(__rtentry2.o)
    0x000003a6   0x000003a6   0x00000004   Code   RO          944    .ARM.Collect$$rtentry$$0000000A  c_w.l(__rtentry2.o)
    0x000003aa   0x000003aa   0x00000000   Code   RO          946    .ARM.Collect$$rtentry$$0000000C  c_w.l(__rtentry2.o)
    0x000003aa   0x000003aa   0x00000008   Code   RO          947    .ARM.Collect$$rtentry$$0000000D  c_w.l(__rtentry2.o)
    0x000003b2   0x000003b2   0x00000002   Code   RO         1032    .ARM.Collect$$rtexit$$00000000  c_w.l(rtexit.o)
    0x000003b4   0x000003b4   0x00000000   Code   RO         1087    .ARM.Collect$$rtexit$$00000002  c_w.l(rtexit2.o)
    0x000003b4   0x000003b4   0x00000004   Code   RO         1088    .ARM.Collect$$rtexit$$00000003  c_w.l(rtexit2.o)
    0x000003b8   0x000003b8   0x00000006   Code   RO         1089    .ARM.Collect$$rtexit$$00000004  c_w.l(rtexit2.o)
    0x000003be   0x000003be   0x00000002   PAD
    0x000003c0   0x000003c0   0x00000114   Code   RO          319  * .text               startup_tm4c123.o
    0x000004d4   0x000004d4   0x0000002c   Code   RO          818    .text               c_w.l(sprintf.o)
    0x00000500   0x00000500   0x0000003e   Code   RO          820    .text               c_w.l(strlen.o)
    0x0000053e   0x0000053e   0x0000008a   Code   RO          822    .text               c_w.l(rt_memcpy_v6.o)
    0x000005c8   0x000005c8   0x00000010   Code   RO          824    .text               c_w.l(aeabi_memset4.o)
    0x000005d8   0x000005d8   0x00000044   Code   RO          826    .text               c_w.l(rt_memclr.o)
    0x0000061c   0x0000061c   0x00000004   PAD
    0x00000620   0x00000620   0x0000007c   Code   RO          828    .text               c_w.l(strcmpv7em.o)
    0x0000069c   0x0000069c   0x00000006   Code   RO          830    .text               c_w.l(heapauxi.o)
    0x000006a2   0x000006a2   0x0000004e   Code   RO          839    .text               c_w.l(_printf_pad.o)
    0x000006f0   0x000006f0   0x00000024   Code   RO          841    .text               c_w.l(_printf_truncate.o)
    0x00000714   0x00000714   0x00000052   Code   RO          843    .text               c_w.l(_printf_str.o)
    0x00000766   0x00000766   0x00000002   PAD
    0x00000768   0x00000768   0x00000078   Code   RO          845    .text               c_w.l(_printf_dec.o)
    0x000007e0   0x000007e0   0x00000028   Code   RO          847    .text               c_w.l(_printf_charcount.o)
    0x00000808   0x00000808   0x00000030   Code   RO          849    .text               c_w.l(_printf_char_common.o)
    0x00000838   0x00000838   0x0000000a   Code   RO          851    .text               c_w.l(_sputc.o)
    0x00000842   0x00000842   0x00000002   PAD
    0x00000844   0x00000844   0x000000bc   Code   RO          853    .text               c_w.l(_printf_wctomb.o)
    0x00000900   0x00000900   0x0000007c   Code   RO          856    .text               c_w.l(_printf_longlong_dec.o)
    0x0000097c   0x0000097c   0x00000070   Code   RO          862    .text               c_w.l(_printf_oct_int_ll.o)
    0x000009ec   0x000009ec   0x00000094   Code   RO          882    .text               c_w.l(_printf_hex_int_ll_ptr.o)
    0x00000a80   0x00000a80   0x00000188   Code   RO          902    .text               c_w.l(__printf_flags_ss_wp.o)
    0x00000c08   0x00000c08   0x00000064   Code   RO          928    .text               c_w.l(rt_memcpy_w.o)
    0x00000c6c   0x00000c6c   0x0000004e   Code   RO          930    .text               c_w.l(rt_memclr_w.o)
    0x00000cba   0x00000cba   0x0000008a   Code   RO          955    .text               c_w.l(lludiv10.o)
    0x00000d44   0x00000d44   0x000000b2   Code   RO          957    .text               c_w.l(_printf_intcommon.o)
    0x00000df6   0x00000df6   0x0000041c   Code   RO          959    .text               c_w.l(_printf_fp_dec.o)
    0x00001212   0x00001212   0x00000002   PAD
    0x00001214   0x00001214   0x000002fc   Code   RO          963    .text               c_w.l(_printf_fp_hex.o)
    0x00001510   0x00001510   0x0000002c   Code   RO          968    .text               c_w.l(_printf_char.o)
    0x0000153c   0x0000153c   0x0000002c   Code   RO          970    .text               c_w.l(_printf_wchar.o)
    0x00001568   0x00001568   0x00000048   Code   RO          973    .text               c_w.l(_c16rtomb.o)
    0x000015b0   0x000015b0   0x0000004a   Code   RO          975    .text               c_w.l(sys_stackheap_outer.o)
    0x000015fa   0x000015fa   0x00000002   PAD
    0x000015fc   0x000015fc   0x00000010   Code   RO          977    .text               c_w.l(rt_ctype_table.o)
    0x0000160c   0x0000160c   0x0000000a   Code   RO          984    .text               c_w.l(rt_locale_twolibspace.o)
    0x00001616   0x00001616   0x00000002   PAD
    0x00001618   0x00001618   0x00000080   Code   RO          986    .text               c_w.l(_printf_fp_infnan.o)
    0x00001698   0x00001698   0x000000e4   Code   RO          988    .text               c_w.l(bigflt0.o)
    0x0000177c   0x0000177c   0x00000012   Code   RO         1018    .text               c_w.l(exit.o)
    0x0000178e   0x0000178e   0x00000002   PAD
    0x00001790   0x00001790   0x00000008   Code   RO         1029    .text               c_w.l(libspace.o)
    0x00001798   0x00001798   0x00000016   Code   RO           65    .text.$Sub$$_fp_init  clib_os.o
    0x000017ae   0x000017ae   0x00000002   PAD
    0x000017b0   0x000017b0   0x00000048   Code   RO           10    .text.GPIOF_Handler  main.o
    0x000017f8   0x000017f8   0x000000a6   Code   RO            8    .text.GPIOIntClear  main.o
    0x0000189e   0x0000189e   0x00000002   PAD
    0x000018a0   0x000018a0   0x00000044   Code   RO           52    .text.ITM_SendChar  retarget.o
    0x000018e4   0x000018e4   0x00000060   Code   RO          405    .text.PendSV_Handler  port.o
    0x00001944   0x00001944   0x000000c2   Code   RO            2    .text.PortF_Init    main.o
    0x00001a06   0x00001a06   0x00000002   PAD
    0x00001a08   0x00001a08   0x00000020   Code   RO          401    .text.SVC_Handler   port.o
    0x00001a28   0x00001a28   0x0000001e   Code   RO           92    .text.SysTick_Handler  cmsis_os2.o
    0x00001a46   0x00001a46   0x00000002   PAD
    0x00001a48   0x00001a48   0x0000010c   Code   RO          330    .text.SystemInit    system_tm4c123.o
    0x00001b54   0x00001b54   0x00000028   Code   RO           12    .text.TestTask      main.o
    0x00001b7c   0x00001b7c   0x00000030   Code   RO            4    .text.__NVIC_EnableIRQ  main.o
    0x00001bac   0x00001bac   0x00000042   Code   RO            6    .text.__NVIC_SetPriority  main.o
    0x00001bee   0x00001bee   0x00000002   PAD
    0x00001bf0   0x00001bf0   0x00000034   Code   RO           50    .text.__write       retarget.o
    0x00001c24   0x00001c24   0x00000028   Code   RO           73    .text._mutex_acquire  clib_os.o
    0x00001c4c   0x00001c4c   0x00000054   Code   RO           79    .text._mutex_free   clib_os.o
    0x00001ca0   0x00001ca0   0x000000a8   Code   RO           71    .text._mutex_initialize  clib_os.o
    0x00001d48   0x00001d48   0x0000002a   Code   RO           77    .text._mutex_release  clib_os.o
    0x00001d72   0x00001d72   0x00000002   PAD
    0x00001d74   0x00001d74   0x00000002   Code   RO           63    .text._platform_post_stackheap_init  clib_os.o
    0x00001d76   0x00001d76   0x00000002   PAD
    0x00001d78   0x00001d78   0x0000000a   Code   RO           54    .text._sys_exit     retarget.o
    0x00001d82   0x00001d82   0x00000002   PAD
    0x00001d84   0x00001d84   0x00000020   Code   RO           42    .text.consoleprint  consoleprint.o
    0x00001da4   0x00001da4   0x00000020   Code   RO           75    .text.is_thread_mode  clib_os.o
    0x00001dc4   0x00001dc4   0x000000a8   Code   RO           14    .text.main          main.o
    0x00001e6c   0x00001e6c   0x00000020   Code   RO           69    .text.os_kernel_is_active  clib_os.o
    0x00001e8c   0x00001e8c   0x0000010e   Code   RO          576    .text.prvAddCurrentTaskToDelayedList  tasks.o
    0x00001f9a   0x00001f9a   0x00000002   PAD
    0x00001f9c   0x00001f9c   0x00000170   Code   RO          560    .text.prvAddNewTaskToReadyList  tasks.o
    0x0000210c   0x0000210c   0x0000007e   Code   RO          738    .text.prvCheckForValidListAndQueue  timers.o
    0x0000218a   0x0000218a   0x00000002   PAD
    0x0000218c   0x0000218c   0x0000005a   Code   RO          610    .text.prvCheckTasksWaitingTermination  tasks.o
    0x000021e6   0x000021e6   0x00000002   PAD
    0x000021e8   0x000021e8   0x00000042   Code   RO          513    .text.prvCopyDataFromQueue  queue.o
    0x0000222a   0x0000222a   0x00000002   PAD
    0x0000222c   0x0000222c   0x000000cc   Code   RO          501    .text.prvCopyDataToQueue  queue.o
    0x000022f8   0x000022f8   0x000000d8   Code   RO          606    .text.prvCreateIdleTasks  tasks.o
    0x000023d0   0x000023d0   0x000000aa   Code   RO          558    .text.prvCreateStaticTask  tasks.o
    0x0000247a   0x0000247a   0x00000002   PAD
    0x0000247c   0x0000247c   0x0000008e   Code   RO          564    .text.prvCreateTask  tasks.o
    0x0000250a   0x0000250a   0x00000002   PAD
    0x0000250c   0x0000250c   0x00000050   Code   RO          570    .text.prvDeleteTCB  tasks.o
    0x0000255c   0x0000255c   0x00000026   Code   RO          517    .text.prvGetHighestPriorityOfWaitToReceiveList  queue.o
    0x00002582   0x00002582   0x00000002   PAD
    0x00002584   0x00002584   0x00000040   Code   RO          784    .text.prvGetNextExpireTime  timers.o
    0x000025c4   0x000025c4   0x000000aa   Code   RO          435    .text.prvHeapInit   heap_4.o
    0x0000266e   0x0000266e   0x00000002   PAD
    0x00002670   0x00002670   0x00000038   Code   RO          700    .text.prvIdleTask   tasks.o
    0x000026a8   0x000026a8   0x0000002c   Code   RO          481    .text.prvInitialiseMutex  queue.o
    0x000026d4   0x000026d4   0x00000048   Code   RO          473    .text.prvInitialiseNewQueue  queue.o
    0x0000271c   0x0000271c   0x00000108   Code   RO          696    .text.prvInitialiseNewTask  tasks.o
    0x00002824   0x00002824   0x0000008e   Code   RO          698    .text.prvInitialiseTaskLists  tasks.o
    0x000028b2   0x000028b2   0x00000002   PAD
    0x000028b4   0x000028b4   0x00000118   Code   RO          439    .text.prvInsertBlockIntoFreeList  heap_4.o
    0x000029cc   0x000029cc   0x00000086   Code   RO          798    .text.prvInsertTimerInActiveList  timers.o
    0x00002a52   0x00002a52   0x00000002   PAD
    0x00002a54   0x00002a54   0x00000028   Code   RO          515    .text.prvIsQueueEmpty  queue.o
    0x00002a7c   0x00002a7c   0x0000002e   Code   RO          503    .text.prvIsQueueFull  queue.o
    0x00002aaa   0x00002aaa   0x00000002   PAD
    0x00002aac   0x00002aac   0x00000028   Code   RO          411    .text.prvPortStartFirstTask  port.o
    0x00002ad4   0x00002ad4   0x00000054   Code   RO          792    .text.prvProcessExpiredTimer  timers.o
    0x00002b28   0x00002b28   0x0000017a   Code   RO          788    .text.prvProcessReceivedCommands  timers.o
    0x00002ca2   0x00002ca2   0x00000002   PAD
    0x00002ca4   0x00002ca4   0x0000009a   Code   RO          786    .text.prvProcessTimerOrBlockTask  timers.o
    0x00002d3e   0x00002d3e   0x00000002   PAD
    0x00002d40   0x00002d40   0x00000034   Code   RO          796    .text.prvReloadTimer  timers.o
    0x00002d74   0x00002d74   0x0000003c   Code   RO          568    .text.prvResetNextTaskUnblockTime  tasks.o
    0x00002db0   0x00002db0   0x00000044   Code   RO          790    .text.prvSampleTimeNow  timers.o
    0x00002df4   0x00002df4   0x00000052   Code   RO          794    .text.prvSwitchTimerLists  timers.o
    0x00002e46   0x00002e46   0x00000002   PAD
    0x00002e48   0x00002e48   0x0000003e   Code   RO          399    .text.prvTaskExitError  port.o
    0x00002e86   0x00002e86   0x00000002   PAD
    0x00002e88   0x00002e88   0x0000001e   Code   RO          740    .text.prvTimerTask  timers.o
    0x00002ea6   0x00002ea6   0x00000002   PAD
    0x00002ea8   0x00002ea8   0x000000ae   Code   RO          505    .text.prvUnlockQueue  queue.o
    0x00002f56   0x00002f56   0x00000002   PAD
    0x00002f58   0x00002f58   0x000002b8   Code   RO          433    .text.pvPortMalloc  heap_4.o
    0x00003210   0x00003210   0x00000024   Code   RO          674    .text.pvTaskIncrementMutexHeldCount  tasks.o
    0x00003234   0x00003234   0x0000005e   Code   RO          397    .text.pxPortInitialiseStack  port.o
    0x00003292   0x00003292   0x00000002   PAD
    0x00003294   0x00003294   0x00000048   Code   RO          388    .text.uxListRemove  list.o
    0x000032dc   0x000032dc   0x0000000c   Code   RO          618    .text.uxTaskGetNumberOfTasks  tasks.o
    0x000032e8   0x000032e8   0x0000002a   Code   RO          690    .text.vApplicationGetIdleTaskMemory  tasks.o
    0x00003312   0x00003312   0x00000002   PAD
    0x00003314   0x00003314   0x0000002a   Code   RO          692    .text.vApplicationGetTimerTaskMemory  tasks.o
    0x0000333e   0x0000333e   0x00000002   PAD
    0x00003340   0x00003340   0x00000010   Code   RO          246    .text.vApplicationStackOverflowHook  cmsis_os2.o
    0x00003350   0x00003350   0x0000002e   Code   RO          380    .text.vListInitialise  list.o
    0x0000337e   0x0000337e   0x00000002   PAD
    0x00003380   0x00003380   0x0000000e   Code   RO          382    .text.vListInitialiseItem  list.o
    0x0000338e   0x0000338e   0x00000002   PAD
    0x00003390   0x00003390   0x0000006a   Code   RO          386    .text.vListInsert   list.o
    0x000033fa   0x000033fa   0x00000002   PAD
    0x000033fc   0x000033fc   0x00000014   Code   RO          409    .text.vPortEnableVFP  port.o
    0x00003410   0x00003410   0x00000048   Code   RO          415    .text.vPortEnterCritical  port.o
    0x00003458   0x00003458   0x0000003c   Code   RO          417    .text.vPortExitCritical  port.o
    0x00003494   0x00003494   0x000000de   Code   RO          437    .text.vPortFree     heap_4.o
    0x00003572   0x00003572   0x00000002   PAD
    0x00003574   0x00003574   0x0000002a   Code   RO          407    .text.vPortSetupTimerInterrupt  port.o
    0x0000359e   0x0000359e   0x00000002   PAD
    0x000035a0   0x000035a0   0x00000068   Code   RO          421    .text.vPortValidateInterruptPriority  port.o
    0x00003608   0x00003608   0x00000030   Code   RO           27    .text.vPrintString  basic_io.o
    0x00003638   0x00003638   0x00000030   Code   RO          531    .text.vQueueDelete  queue.o
    0x00003668   0x00003668   0x00000064   Code   RO          547    .text.vQueueWaitForMessageRestricted  queue.o
    0x000036cc   0x000036cc   0x00000024   Code   RO          644    .text.vTaskInternalSetTimeOutState  tasks.o
    0x000036f0   0x000036f0   0x0000000e   Code   RO          648    .text.vTaskMissedYield  tasks.o
    0x000036fe   0x000036fe   0x00000002   PAD
    0x00003700   0x00003700   0x00000034   Code   RO          632    .text.vTaskPlaceOnEventList  tasks.o
    0x00003734   0x00003734   0x00000072   Code   RO          636    .text.vTaskPlaceOnEventListRestricted  tasks.o
    0x000037a6   0x000037a6   0x00000002   PAD
    0x000037a8   0x000037a8   0x00000166   Code   RO          670    .text.vTaskPriorityDisinheritAfterTimeout  tasks.o
    0x0000390e   0x0000390e   0x00000002   PAD
    0x00003910   0x00003910   0x00000082   Code   RO          604    .text.vTaskStartScheduler  tasks.o
    0x00003992   0x00003992   0x00000002   PAD
    0x00003994   0x00003994   0x00000010   Code   RO          574    .text.vTaskSuspendAll  tasks.o
    0x000039a4   0x000039a4   0x00000138   Code   RO          596    .text.vTaskSwitchContext  tasks.o
    0x00003adc   0x00003adc   0x000001ac   Code   RO          403    .text.xPortStartScheduler  port.o
    0x00003c88   0x00003c88   0x0000003e   Code   RO          419    .text.xPortSysTickHandler  port.o
    0x00003cc6   0x00003cc6   0x00000002   PAD
    0x00003cc8   0x00003cc8   0x00000026   Code   RO          479    .text.xQueueCreateMutex  queue.o
    0x00003cee   0x00003cee   0x00000002   PAD
    0x00003cf0   0x00003cf0   0x00000032   Code   RO          483    .text.xQueueCreateMutexStatic  queue.o
    0x00003d22   0x00003d22   0x00000002   PAD
    0x00003d24   0x00003d24   0x00000094   Code   RO          477    .text.xQueueGenericCreate  queue.o
    0x00003db8   0x00003db8   0x0000009e   Code   RO          471    .text.xQueueGenericCreateStatic  queue.o
    0x00003e56   0x00003e56   0x00000002   PAD
    0x00003e58   0x00003e58   0x000000ec   Code   RO          469    .text.xQueueGenericReset  queue.o
    0x00003f44   0x00003f44   0x000001f4   Code   RO          491    .text.xQueueGenericSend  queue.o
    0x00004138   0x00004138   0x00000124   Code   RO          509    .text.xQueueGiveFromISR  queue.o
    0x0000425c   0x0000425c   0x000001b2   Code   RO          511    .text.xQueueReceive  queue.o
    0x0000440e   0x0000440e   0x00000002   PAD
    0x00004410   0x00004410   0x000001e6   Code   RO          495    .text.xQueueSemaphoreTake  queue.o
    0x000045f6   0x000045f6   0x00000002   PAD
    0x000045f8   0x000045f8   0x000000e0   Code   RO          646    .text.xTaskCheckForTimeOut  tasks.o
    0x000046d8   0x000046d8   0x00000052   Code   RO          562    .text.xTaskCreate   tasks.o
    0x0000472a   0x0000472a   0x00000002   PAD
    0x0000472c   0x0000472c   0x0000005c   Code   RO          556    .text.xTaskCreateStatic  tasks.o
    0x00004788   0x00004788   0x00000038   Code   RO          664    .text.xTaskGetSchedulerState  tasks.o
    0x000047c0   0x000047c0   0x00000014   Code   RO          614    .text.xTaskGetTickCount  tasks.o
    0x000047d4   0x000047d4   0x00000276   Code   RO          612    .text.xTaskIncrementTick  tasks.o
    0x00004a4a   0x00004a4a   0x00000002   PAD
    0x00004a4c   0x00004a4c   0x0000011e   Code   RO          668    .text.xTaskPriorityDisinherit  tasks.o
    0x00004b6a   0x00004b6a   0x00000002   PAD
    0x00004b6c   0x00004b6c   0x0000015c   Code   RO          666    .text.xTaskPriorityInherit  tasks.o
    0x00004cc8   0x00004cc8   0x000001a2   Code   RO          638    .text.xTaskRemoveFromEventList  tasks.o
    0x00004e6a   0x00004e6a   0x00000002   PAD
    0x00004e6c   0x00004e6c   0x00000248   Code   RO          578    .text.xTaskResumeAll  tasks.o
    0x000050b4   0x000050b4   0x00000086   Code   RO          736    .text.xTimerCreateTimerTask  timers.o
    0x0000513a   0x0000513a   0x0000003e   Code   RO          991    CL$$btod_d2e        c_w.l(btod.o)
    0x00005178   0x00005178   0x00000046   Code   RO          993    CL$$btod_d2e_denorm_low  c_w.l(btod.o)
    0x000051be   0x000051be   0x00000060   Code   RO          992    CL$$btod_d2e_norm_op1  c_w.l(btod.o)
    0x0000521e   0x0000521e   0x00000002   PAD
    0x00005220   0x00005220   0x00000338   Code   RO         1001    CL$$btod_div_common  c_w.l(btod.o)
    0x00005558   0x00005558   0x000000dc   Code   RO          998    CL$$btod_e2e        c_w.l(btod.o)
    0x00005634   0x00005634   0x0000002a   Code   RO          995    CL$$btod_ediv       c_w.l(btod.o)
    0x0000565e   0x0000565e   0x0000002a   Code   RO          994    CL$$btod_emul       c_w.l(btod.o)
    0x00005688   0x00005688   0x00000244   Code   RO         1000    CL$$btod_mult_common  c_w.l(btod.o)
    0x000058cc   0x000058cc   0x00000030   Code   RO         1027    i.__ARM_fpclassify  m_wm.l(fpclassify.o)
    0x000058fc   0x000058fc   0x0000000e   Code   RO          895    i._is_digit         c_w.l(__printf_wp.o)
    0x0000590a   0x0000590a   0x00000002   PAD
    0x0000590c   0x0000590c   0x0000002c   Code   RO         1016    locale$$code        c_w.l(lc_numeric_c.o)
    0x00005938   0x00005938   0x0000002c   Code   RO         1037    locale$$code        c_w.l(lc_ctype_c.o)
    0x00005964   0x00005964   0x0000001a   Code   RO          834    x$fpl$fpinit        fz_wm.l(fpinit.o)
    0x0000597e   0x0000597e   0x00000004   Code   RO          932    x$fpl$printf1       fz_wm.l(printf1.o)
    0x00005982   0x00005982   0x00000004   Code   RO          934    x$fpl$printf2       fz_wm.l(printf2.o)
    0x00005986   0x00005986   0x00000000   Code   RO         1026    x$fpl$usenofp       fz_wm.l(usenofp.o)
    0x00005986   0x00005986   0x00000002   PAD
    0x00005988   0x00005988   0x00000008   Data   RO          854    .constdata          c_w.l(_printf_wctomb.o)
    0x00005990   0x00005990   0x00000028   Data   RO          883    .constdata          c_w.l(_printf_hex_int_ll_ptr.o)
    0x000059b8   0x000059b8   0x00000011   Data   RO          903    .constdata          c_w.l(__printf_flags_ss_wp.o)
    0x000059c9   0x000059c9   0x00000026   Data   RO          964    .constdata          c_w.l(_printf_fp_hex.o)
    0x000059ef   0x000059ef   0x00000001   PAD
    0x000059f0   0x000059f0   0x00000094   Data   RO          989    .constdata          c_w.l(bigflt0.o)
    0x00005a84   0x00005a84   0x00000030   Data   RO           17    .rodata.str1.1      main.o
    0x00005ab4   0x00005ab4   0x00000003   Data   RO           34    .rodata.str1.1      basic_io.o
    0x00005ab7   0x00005ab7   0x00000005   Data   RO          728    .rodata.str1.1      tasks.o
    0x00005abc   0x00005abc   0x00000008   Data   RO          801    .rodata.str1.1      timers.o
    0x00005ac4   0x00005ac4   0x00000004   Data   RO          719    .rodata.uxTopUsedPriority  tasks.o
    0x00005ac8   0x00005ac8   0x00000020   Data   RO         1166    Region$$Table       anon$$obj.o
    0x00005ae8   0x00005ae8   0x0000001c   Data   RO         1015    locale$$data        c_w.l(lc_numeric_c.o)
    0x00005b04   0x00005b04   0x00000110   Data   RO         1036    locale$$data        c_w.l(lc_ctype_c.o)


    Execution Region ER_RW (Exec base: 0x20000000, Load base: 0x00005c14, Size: 0x00000004, Max: 0xffffffff, ABSOLUTE)

    Exec Addr    Load Addr    Size         Type   Attr      Idx    E Section Name        Object

    0x20000000   0x00005c14   0x00000004   Data   RW          425    .data.uxCriticalNesting  port.o


    Execution Region ER_ZI (Exec base: 0x20000008, Load base: 0x00005c18, Size: 0x00002ef8, Max: 0xffffffff, ABSOLUTE)

    Exec Addr    Load Addr    Size         Type   Attr      Idx    E Section Name        Object

    0x20000008        -       0x00000060   Zero   RW         1030    .bss                c_w.l(libspace.o)
    0x20000068        -       0x00000032   Zero   RW           33    .bss.cBuffer        basic_io.o
    0x2000009a   0x00005c18   0x00000002   PAD
    0x2000009c        -       0x00000190   Zero   RW           84    .bss.clib_mutex_cb  clib_os.o
    0x2000022c        -       0x00000014   Zero   RW           83    .bss.clib_mutex_id  clib_os.o
    0x20000240        -       0x00000050   Zero   RW          809    .bss.prvCheckForValidListAndQueue.ucStaticTimerQueueStorage  timers.o
    0x20000290        -       0x00000050   Zero   RW          808    .bss.prvCheckForValidListAndQueue.xStaticTimerQueue  timers.o
    0x200002e0        -       0x00000004   Zero   RW          805    .bss.prvSampleTimeNow.xLastTime  timers.o
    0x200002e4        -       0x00000004   Zero   RW          702    .bss.pxCurrentTCB   tasks.o
    0x200002e8        -       0x00000004   Zero   RW          803    .bss.pxCurrentTimerList  timers.o
    0x200002ec        -       0x00000004   Zero   RW          710    .bss.pxDelayedTaskList  tasks.o
    0x200002f0        -       0x00000004   Zero   RW          455    .bss.pxEnd          heap_4.o
    0x200002f4        -       0x00000004   Zero   RW          711    .bss.pxOverflowDelayedTaskList  tasks.o
    0x200002f8        -       0x00000004   Zero   RW          804    .bss.pxOverflowTimerList  timers.o
    0x200002fc        -       0x00000460   Zero   RW          714    .bss.pxReadyTasksLists  tasks.o
    0x2000075c        -       0x00000004   Zero   RW           16    .bss.semaphore      main.o
    0x20000760        -       0x00002000   Zero   RW          458    .bss.ucHeap         heap_4.o
    0x20002760        -       0x00000001   Zero   RW          423    .bss.ucMaxSysCallPriority  port.o
    0x20002761   0x00005c18   0x00000003   PAD
    0x20002764        -       0x00000004   Zero   RW          424    .bss.ulMaxPRIGROUPValue  port.o
    0x20002768        -       0x00000004   Zero   RW          707    .bss.uxCurrentNumberOfTasks  tasks.o
    0x2000276c        -       0x00000004   Zero   RW          706    .bss.uxDeletedTasksWaitingCleanUp  tasks.o
    0x20002770        -       0x00000004   Zero   RW          708    .bss.uxSchedulerSuspended  tasks.o
    0x20002774        -       0x00000004   Zero   RW          703    .bss.uxTaskNumber   tasks.o
    0x20002778        -       0x00000004   Zero   RW          715    .bss.uxTopReadyPriority  tasks.o
    0x2000277c        -       0x00000200   Zero   RW          723    .bss.vApplicationGetIdleTaskMemory.uxIdleTaskStack  tasks.o
    0x2000297c        -       0x0000005c   Zero   RW          722    .bss.vApplicationGetIdleTaskMemory.xIdleTaskTCB  tasks.o
    0x200029d8        -       0x00000200   Zero   RW          725    .bss.vApplicationGetTimerTaskMemory.uxTimerTaskStack  tasks.o
    0x20002bd8        -       0x0000005c   Zero   RW          724    .bss.vApplicationGetTimerTaskMemory.xTimerTaskTCB  tasks.o
    0x20002c34        -       0x00000014   Zero   RW          806    .bss.xActiveTimerList1  timers.o
    0x20002c48        -       0x00000014   Zero   RW          807    .bss.xActiveTimerList2  timers.o
    0x20002c5c        -       0x00000014   Zero   RW          726    .bss.xDelayedTaskList1  tasks.o
    0x20002c70        -       0x00000014   Zero   RW          727    .bss.xDelayedTaskList2  tasks.o
    0x20002c84        -       0x00000004   Zero   RW          456    .bss.xFreeBytesRemaining  heap_4.o
    0x20002c88        -       0x00000004   Zero   RW          718    .bss.xIdleTaskHandles  tasks.o
    0x20002c8c        -       0x00000004   Zero   RW          459    .bss.xMinimumEverFreeBytesRemaining  heap_4.o
    0x20002c90        -       0x00000004   Zero   RW          717    .bss.xNextTaskUnblockTime  tasks.o
    0x20002c94        -       0x00000004   Zero   RW          721    .bss.xNumOfOverflows  tasks.o
    0x20002c98        -       0x00000004   Zero   RW          460    .bss.xNumberOfSuccessfulAllocations  heap_4.o
    0x20002c9c        -       0x00000004   Zero   RW          461    .bss.xNumberOfSuccessfulFrees  heap_4.o
    0x20002ca0        -       0x00000004   Zero   RW          720    .bss.xPendedTicks   tasks.o
    0x20002ca4        -       0x00000014   Zero   RW          712    .bss.xPendingReadyList  tasks.o
    0x20002cb8        -       0x00000004   Zero   RW           18    .bss.xQueue         main.o
    0x20002cbc        -       0x00000004   Zero   RW          704    .bss.xSchedulerRunning  tasks.o
    0x20002cc0        -       0x00000008   Zero   RW          457    .bss.xStart         heap_4.o
    0x20002cc8        -       0x00000014   Zero   RW          713    .bss.xSuspendedTaskList  tasks.o
    0x20002cdc        -       0x00000014   Zero   RW          705    .bss.xTasksWaitingTermination  tasks.o
    0x20002cf0        -       0x00000004   Zero   RW          709    .bss.xTickCount     tasks.o
    0x20002cf4        -       0x00000004   Zero   RW          800    .bss.xTimerQueue    timers.o
    0x20002cf8        -       0x00000004   Zero   RW          802    .bss.xTimerTaskHandle  timers.o
    0x20002cfc        -       0x00000004   Zero   RW          716    .bss.xYieldPendings  tasks.o
    0x20002d00        -       0x00000000   Zero   RW          317    HEAP                startup_tm4c123.o
    0x20002d00        -       0x00000200   Zero   RW          316    STACK               startup_tm4c123.o


==============================================================================

Image component sizes


      Code (inc. data)   RO Data    RW Data    ZI Data      Debug   Object Name

        48          0          3          0         50       1070   basic_io.o
       422          0          0          0        420       4379   clib_os.o
        46          0          0          0          0      29958   cmsis_os2.o
        32          0          0          0          0        597   consoleprint.o
      1368          0          0          0       8220       4891   heap_4.o
       238          0          0          0          0       2403   list.o
       754          0         48          0          8       9928   main.o
      1112         16          0          4          5       3770   port.o
      3174          0          0          0          0      15519   queue.o
       130          0          0          0          0       1770   retarget.o
       276         24        620          0        512       5516   startup_tm4c123.o
       268          0          0          0          0       6843   system_tm4c123.o
      5762          0          9          0       2488      28025   tasks.o
      1306         10          8          0        220      11533   timers.o

    ----------------------------------------------------------------------
     15030         50        720          4      11928     126202   Object Totals
         0          0         32          0          0          0   (incl. Generated)
        94          0          0          0          5          0   (incl. Padding)

    ----------------------------------------------------------------------

      Code (inc. data)   RO Data    RW Data    ZI Data      Debug   Library Member Name

         8          0          0          0          0         68   __main.o
       392          4         17          0          0         92   __printf_flags_ss_wp.o
        14          0          0          0          0         68   __printf_wp.o
         0          0          0          0          0          0   __rtentry.o
        20          0          0          0          0          0   __rtentry2.o
         6          0          0          0          0          0   __rtentry4.o
        52          8          0          0          0          0   __scatter.o
        26          0          0          0          0          0   __scatter_copy.o
        28          0          0          0          0          0   __scatter_zi.o
        72          0          0          0          0         96   _c16rtomb.o
         6          0          0          0          0          0   _printf_a.o
         6          0          0          0          0          0   _printf_c.o
        44          0          0          0          0        108   _printf_char.o
        48          6          0          0          0         96   _printf_char_common.o
        40          0          0          0          0         68   _printf_charcount.o
         6          0          0          0          0          0   _printf_d.o
       120         16          0          0          0         92   _printf_dec.o
         6          0          0          0          0          0   _printf_e.o
         6          0          0          0          0          0   _printf_f.o
      1052          0          0          0          0        148   _printf_fp_dec.o
       764          8         38          0          0        100   _printf_fp_hex.o
       128         16          0          0          0         84   _printf_fp_infnan.o
         6          0          0          0          0          0   _printf_g.o
       148          4         40          0          0        160   _printf_hex_int_ll_ptr.o
         6          0          0          0          0          0   _printf_i.o
       178          0          0          0          0         88   _printf_intcommon.o
        10          0          0          0          0          0   _printf_l.o
         6          0          0          0          0          0   _printf_lc.o
        10          0          0          0          0          0   _printf_ll.o
         6          0          0          0          0          0   _printf_lld.o
         6          0          0          0          0          0   _printf_lli.o
         6          0          0          0          0          0   _printf_llo.o
         6          0          0          0          0          0   _printf_llu.o
         6          0          0          0          0          0   _printf_llx.o
       124         16          0          0          0         92   _printf_longlong_dec.o
         6          0          0          0          0          0   _printf_ls.o
         6          0          0          0          0          0   _printf_n.o
         6          0          0          0          0          0   _printf_o.o
       112          8          0          0          0        124   _printf_oct_int_ll.o
         6          0          0          0          0          0   _printf_p.o
        78          0          0          0          0        108   _printf_pad.o
         0          0          0          0          0          0   _printf_percent.o
         4          0          0          0          0          0   _printf_percent_end.o
         6          0          0          0          0          0   _printf_s.o
        82          0          0          0          0         80   _printf_str.o
        36          0          0          0          0         84   _printf_truncate.o
         6          0          0          0          0          0   _printf_u.o
        44          0          0          0          0        108   _printf_wchar.o
       188          6          8          0          0         92   _printf_wctomb.o
         6          0          0          0          0          0   _printf_x.o
        10          0          0          0          0         68   _sputc.o
        16          0          0          0          0         68   aeabi_memset4.o
       228          4        148          0          0         96   bigflt0.o
      1936        128          0          0          0        668   btod.o
        18          0          0          0          0         80   exit.o
         6          0          0          0          0        152   heapauxi.o
        44         10        272          0          0         76   lc_ctype_c.o
        44         10         28          0          0         76   lc_numeric_c.o
         2          0          0          0          0          0   libinit.o
        34          0          0          0          0          0   libinit2.o
         2          0          0          0          0          0   libshutdown.o
         2          0          0          0          0          0   libshutdown2.o
         8          4          0          0         96         68   libspace.o
       138          0          0          0          0         80   lludiv10.o
        16          4          0          0          0         76   rt_ctype_table.o
        10          0          0          0          0         76   rt_locale_twolibspace.o
        68          0          0          0          0         68   rt_memclr.o
        78          0          0          0          0         80   rt_memclr_w.o
       138          0          0          0          0         68   rt_memcpy_v6.o
       100          0          0          0          0         80   rt_memcpy_w.o
         2          0          0          0          0          0   rtexit.o
        10          0          0          0          0          0   rtexit2.o
        44          6          0          0          0         84   sprintf.o
       124          0          0          0          0         88   strcmpv7em.o
        62          0          0          0          0         76   strlen.o
        74          0          0          0          0         80   sys_stackheap_outer.o
        26          0          0          0          0        116   fpinit.o
         4          0          0          0          0        116   printf1.o
         4          0          0          0          0        116   printf2.o
         0          0          0          0          0          0   usenofp.o
        48          0          0          0          0        124   fpclassify.o

    ----------------------------------------------------------------------
      7270        258        552          0         96       4636   Library Totals
        26          0          1          0          0          0   (incl. Padding)

    ----------------------------------------------------------------------

      Code (inc. data)   RO Data    RW Data    ZI Data      Debug   Library Name

      7162        258        551          0         96       4164   c_w.l
        34          0          0          0          0        348   fz_wm.l
        48          0          0          0          0        124   m_wm.l

    ----------------------------------------------------------------------
      7270        258        552          0         96       4636   Library Totals

    ----------------------------------------------------------------------

==============================================================================


      Code (inc. data)   RO Data    RW Data    ZI Data      Debug   

     22300        308       1272          4      12024     128162   Grand Totals
     22300        308       1272          4      12024     128162   ELF Image Totals
     22300        308       1272          4          0          0   ROM Totals

==============================================================================

    Total RO  Size (Code + RO Data)                23572 (  23.02kB)
    Total RW  Size (RW Data + ZI Data)             12028 (  11.75kB)
    Total ROM Size (Code + RO Data + RW Data)      23576 (  23.02kB)

==============================================================================

