Component: Arm Compiler for Embedded 6.19 Tool: armlink [5e73cb00]

==============================================================================

Section Cross References

    main.o(.text.main) refers to gpio_utility.o(.text.PortF_Init) for PortF_Init
    main.o(.text.main) refers to gpio_utility.o(.text.PortB_Init) for PortB_Init
    main.o(.text.main) refers to queue.o(.text.xQueueGenericCreate) for xQueueGenericCreate
    main.o(.text.main) refers to main.o(.bss.xGateStateMutex) for xGateStateMutex
    main.o(.text.main) refers to queue.o(.text.xQueueGenericSend) for xQueueGenericSend
    main.o(.text.main) refers to main.o(.bss.xOpenLimitSem) for xOpenLimitSem
    main.o(.text.main) refers to queue.o(.text.xQueueSemaphoreTake) for xQueueSemaphoreTake
    main.o(.text.main) refers to main.o(.bss.xCloseLimitSem) for xCloseLimitSem
    main.o(.text.main) refers to main.o(.bss.xObstacleSem) for xObstacleSem
    main.o(.text.main) refers to main.o(.bss.xLEDSem) for xLEDSem
    main.o(.text.main) refers to main.o(.bss.xGateEventQueue) for xGateEventQueue
    main.o(.text.main) refers to main.o(.bss.xInputTaskHandle) for xInputTaskHandle
    main.o(.text.main) refers to input_task.o(.text.vInputTask) for vInputTask
    main.o(.text.main) refers to main.o(.rodata.str1.1) for .L.str
    main.o(.text.main) refers to tasks.o(.text.xTaskCreate) for xTaskCreate
    main.o(.text.main) refers to gate_control_task.o(.text.vGateControlTask) for vGateControlTask
    main.o(.text.main) refers to led_status_tasks.o(.text.vLEDControlTask) for vLEDControlTask
    main.o(.text.main) refers to semaphore_based_tasks.o(.text.vSafetyTask) for vSafetyTask
    main.o(.text.main) refers to semaphore_based_tasks.o(.text.vOpenLimitTask) for vOpenLimitTask
    main.o(.text.main) refers to semaphore_based_tasks.o(.text.vCloseLimitTask) for vCloseLimitTask
    main.o(.text.main) refers to tasks.o(.text.vTaskStartScheduler) for vTaskStartScheduler
    main.o(.ARM.exidx.text.main) refers to main.o(.text.main) for [Anonymous Symbol]
    basic_io.o(.text.vPrintString) refers to tasks.o(.text.vTaskSuspendAll) for vTaskSuspendAll
    basic_io.o(.text.vPrintString) refers to basic_io.o(.bss.cBuffer) for cBuffer
    basic_io.o(.text.vPrintString) refers to basic_io.o(.rodata.str1.1) for .L.str
    basic_io.o(.text.vPrintString) refers to sprintf.o(.text) for sprintf
    basic_io.o(.text.vPrintString) refers to consoleprint.o(.text.consoleprint) for consoleprint
    basic_io.o(.text.vPrintString) refers to tasks.o(.text.xTaskResumeAll) for xTaskResumeAll
    basic_io.o(.ARM.exidx.text.vPrintString) refers to basic_io.o(.text.vPrintString) for [Anonymous Symbol]
    basic_io.o(.text.vPrintStringAndNumber) refers to tasks.o(.text.vTaskSuspendAll) for vTaskSuspendAll
    basic_io.o(.text.vPrintStringAndNumber) refers to basic_io.o(.bss.cBuffer) for cBuffer
    basic_io.o(.text.vPrintStringAndNumber) refers to basic_io.o(.rodata.str1.1) for .L.str.1
    basic_io.o(.text.vPrintStringAndNumber) refers to sprintf.o(.text) for sprintf
    basic_io.o(.text.vPrintStringAndNumber) refers to consoleprint.o(.text.consoleprint) for consoleprint
    basic_io.o(.text.vPrintStringAndNumber) refers to tasks.o(.text.xTaskResumeAll) for xTaskResumeAll
    basic_io.o(.ARM.exidx.text.vPrintStringAndNumber) refers to basic_io.o(.text.vPrintStringAndNumber) for [Anonymous Symbol]
    basic_io.o(.text.vPrintStringAndNumbers) refers to tasks.o(.text.vTaskSuspendAll) for vTaskSuspendAll
    basic_io.o(.text.vPrintStringAndNumbers) refers to basic_io.o(.bss.cBuffer) for cBuffer
    basic_io.o(.text.vPrintStringAndNumbers) refers to basic_io.o(.rodata.str1.1) for .L.str.2
    basic_io.o(.text.vPrintStringAndNumbers) refers to sprintf.o(.text) for sprintf
    basic_io.o(.text.vPrintStringAndNumbers) refers to consoleprint.o(.text.consoleprint) for consoleprint
    basic_io.o(.text.vPrintStringAndNumbers) refers to tasks.o(.text.xTaskResumeAll) for xTaskResumeAll
    basic_io.o(.ARM.exidx.text.vPrintStringAndNumbers) refers to basic_io.o(.text.vPrintStringAndNumbers) for [Anonymous Symbol]
    consoleprint.o(.text.consoleprint) refers to strlen.o(.text) for strlen
    consoleprint.o(.text.consoleprint) refers to retarget.o(.text.__write) for __write
    consoleprint.o(.ARM.exidx.text.consoleprint) refers to consoleprint.o(.text.consoleprint) for [Anonymous Symbol]
    retarget.o(.text.__write) refers to retarget.o(.text.ITM_SendChar) for ITM_SendChar
    retarget.o(.ARM.exidx.text.__write) refers to retarget.o(.text.__write) for [Anonymous Symbol]
    retarget.o(.ARM.exidx.text.ITM_SendChar) refers to retarget.o(.text.ITM_SendChar) for [Anonymous Symbol]
    retarget.o(.ARM.exidx.text._sys_exit) refers to retarget.o(.text._sys_exit) for [Anonymous Symbol]
    isr.o(.text.GPIOF_Handler) refers to isr.o(.text.GPIOIntClear) for GPIOIntClear
    isr.o(.text.GPIOF_Handler) refers to main.o(.bss.xInputTaskHandle) for xInputTaskHandle
[...]
    [Anonymous Symbol]                       0x20002cc0   Section        0  tasks.o(.bss.xPendingReadyList)
    xSchedulerRunning                        0x20002cd4   Data           4  tasks.o(.bss.xSchedulerRunning)
    [Anonymous Symbol]                       0x20002cd4   Section        0  tasks.o(.bss.xSchedulerRunning)
    xStart                                   0x20002cd8   Data           8  heap_4.o(.bss.xStart)
    [Anonymous Symbol]                       0x20002cd8   Section        0  heap_4.o(.bss.xStart)
    xSuspendedTaskList                       0x20002ce0   Data          20  tasks.o(.bss.xSuspendedTaskList)
    [Anonymous Symbol]                       0x20002ce0   Section        0  tasks.o(.bss.xSuspendedTaskList)
    xTasksWaitingTermination                 0x20002cf4   Data          20  tasks.o(.bss.xTasksWaitingTermination)
    [Anonymous Symbol]                       0x20002cf4   Section        0  tasks.o(.bss.xTasksWaitingTermination)
    xTickCount                               0x20002d08   Data           4  tasks.o(.bss.xTickCount)
    [Anonymous Symbol]                       0x20002d08   Section        0  tasks.o(.bss.xTickCount)
    xTimerQueue                              0x20002d0c   Data           4  timers.o(.bss.xTimerQueue)
    [Anonymous Symbol]                       0x20002d0c   Section        0  timers.o(.bss.xTimerQueue)
    xTimerTaskHandle                         0x20002d10   Data           4  timers.o(.bss.xTimerTaskHandle)
    [Anonymous Symbol]                       0x20002d10   Section        0  timers.o(.bss.xTimerTaskHandle)
    xYieldPendings                           0x20002d14   Data           4  tasks.o(.bss.xYieldPendings)
    [Anonymous Symbol]                       0x20002d14   Section        0  tasks.o(.bss.xYieldPendings)
    Heap_Mem                                 0x20002d18   Data           0  startup_tm4c123.o(HEAP)
    Stack_Mem                                0x20002d18   Data         512  startup_tm4c123.o(STACK)
    HEAP                                     0x20002d18   Section        0  startup_tm4c123.o(HEAP)
    STACK                                    0x20002d18   Section      512  startup_tm4c123.o(STACK)
    __initial_sp                             0x20002f18   Data           0  startup_tm4c123.o(STACK)

    Global Symbols

    Symbol Name                              Value     Ov Type        Size  Object(Section)

    BuildAttributes$$THM_ISAv4$E$P$D$K$B$S$7EM$VFPi3$EXTD16$VFPS$VFMA$PE$A:L22UL41UL21$X:L11$S22US41US21$IEEE1$IW$~IW$USESV6$~STKCKD$USESV7$~SHL$OTIME$ROPI$IEEEJ$EBA8$UX$STANDARDLIB$REQ8$PRES8$EABIv2 0x00000000   Number         0  anon$$obj.o ABSOLUTE
    __Vectors                                0x00000000   Data           4  startup_tm4c123.o(RESET)
    _printf_flags                            0x00000000   Number         0  printf_stubs.o ABSOLUTE
    _printf_return_value                     0x00000000   Number         0  printf_stubs.o ABSOLUTE
    _printf_sizespec                         0x00000000   Number         0  printf_stubs.o ABSOLUTE
    _printf_widthprec                        0x00000000   Number         0  printf_stubs.o ABSOLUTE
    __ARM_exceptions_init                     - Undefined Weak Reference
    __alloca_initialize                       - Undefined Weak Reference
    __arm_preinit_                            - Undefined Weak Reference
    __arm_relocate_pie_                       - Undefined Weak Reference
    __cpp_initialize__aeabi_                  - Undefined Weak Reference
    __cxa_finalize                            - Undefined Weak Reference
    __sigvec_lookup                           - Undefined Weak Reference
    _atexit_init                              - Undefined Weak Reference
    _call_atexit_fns                          - Undefined Weak Reference
    _clock_init                               - Undefined Weak Reference
    _fp_trap_init                             - Undefined Weak Reference
    _fp_trap_shutdown                         - Undefined Weak Reference
    _get_lc_collate                           - Undefined Weak Reference
    _get_lc_monetary                          - Undefined Weak Reference
    _get_lc_time                              - Undefined Weak Reference
    _getenv_init                              - Undefined Weak Reference
    _handle_redirection                       - Undefined Weak Reference
    _init_alloc                               - Undefined Weak Reference
    _init_user_alloc                          - Undefined Weak Reference
    _initio                                   - Undefined Weak Reference
    _printf_mbtowc                            - Undefined Weak Reference
    _printf_wc                                - Undefined Weak Reference
    _rand_init                                - Undefined Weak Reference
    _signal_finish                            - Undefined Weak Reference
    _signal_init                              - Undefined Weak Reference
    _terminate_alloc                          - Undefined Weak Reference
    _terminate_user_alloc                     - Undefined Weak Reference
    _terminateio                              - Undefined Weak Reference
    __Vectors_End                            0x0000026c   Data           0  startup_tm4c123.o(RESET)
    __Vectors_Size                           0x0000026c   Number         0  startup_tm4c123.o ABSOLUTE
    __main                                   0x0000026d   Thumb Code     8  __main.o(!!!main)
    __scatterload                            0x00000275   Thumb Code     0  __scatter.o(!!!scatter)
    __scatterload_rt2                        0x00000275   Thumb Code    44  __scatter.o(!!!scatter)
    __scatterload_rt2_thumb_only             0x00000275   Thumb Code     0  __scatter.o(!!!scatter)
    __scatterload_null                       0x00000283   Thumb Code     0  __scatter.o(!!!scatter)
    __scatterload_copy                       0x000002a9   Thumb Code    26  __scatter_copy.o(!!handler_copy)
    __scatterload_zeroinit                   0x000002c5   Thumb Code    28  __scatter_zi.o(!!handler_zi)
    _printf_n                                0x000002e1   Thumb Code     0  _printf_n.o(.ARM.Collect$$_printf_percent$$00000001)
    _printf_percent                          0x000002e1   Thumb Code     0  _printf_percent.o(.ARM.Collect$$_printf_percent$$00000000)
    _printf_p                                0x000002e7   Thumb Code     0  _printf_p.o(.ARM.Collect$$_printf_percent$$00000002)
    _printf_f                                0x000002ed   Thumb Code     0  _printf_f.o(.ARM.Collect$$_printf_percent$$00000003)
    _printf_e                                0x000002f3   Thumb Code     0  _printf_e.o(.ARM.Collect$$_printf_percent$$00000004)
    _printf_g                                0x000002f9   Thumb Code     0  _printf_g.o(.ARM.Collect$$_printf_percent$$00000005)
    _printf_a                                0x000002ff   Thumb Code     0  _printf_a.o(.ARM.Collect$$_printf_percent$$00000006)
    _printf_ll                               0x00000305   Thumb Code     0  _printf_ll.o(.ARM.Collect$$_printf_percent$$00000007)
    _printf_i                                0x0000030f   Thumb Code     0  _printf_i.o(.ARM.Collect$$_printf_percent$$00000008)
    _printf_d                                0x00000315   Thumb Code     0  _printf_d.o(.ARM.Collect$$_printf_percent$$00000009)
    _printf_u                                0x0000031b   Thumb Code     0  _printf_u.o(.ARM.Collect$$_printf_percent$$0000000A)
    _printf_o                                0x00000321   Thumb Code     0  _printf_o.o(.ARM.Collect$$_printf_percent$$0000000B)
    _printf_x                                0x00000327   Thumb Code     0  _printf_x.o(.ARM.Collect$$_printf_percent$$0000000C)
    _printf_lli                              0x0000032d   Thumb Code     0  _printf_lli.o(.ARM.Collect$$_printf_percent$$0000000D)
    _printf_lld                              0x00000333   Thumb Code     0  _printf_lld.o(.ARM.Collect$$_printf_percent$$0000000E)
    _printf_llu                              0x00000339   Thumb Code     0  _printf_llu.o(.ARM.Collect$$_printf_percent$$0000000F)
    _printf_llo                              0x0000033f   Thumb Code     0  _printf_llo.o(.ARM.Collect$$_printf_percent$$00000010)
    _printf_llx                              0x00000345   Thumb Code     0  _printf_llx.o(.ARM.Collect$$_printf_percent$$00000011)
    _printf_l                                0x0000034b   Thumb Code     0  _printf_l.o(.ARM.Collect$$_printf_percent$$00000012)
    _printf_c                                0x00000355   Thumb Code     0  _printf_c.o(.ARM.Collect$$_printf_percent$$00000013)
    _printf_s                                0x0000035b   Thumb Code     0  _printf_s.o(.ARM.Collect$$_printf_percent$$00000014)
    _printf_lc                               0x00000361   Thumb Code     0  _printf_lc.o(.ARM.Collect$$_printf_percent$$00000015)
    _printf_ls                               0x00000367   Thumb Code     0  _printf_ls.o(.ARM.Collect$$_printf_percent$$00000016)
    _printf_percent_end                      0x0000036d   Thumb Code     0  _printf_percent_end.o(.ARM.Collect$$_printf_percent$$00000017)
    __rt_lib_init                            0x00000371   Thumb Code     0  libinit.o(.ARM.Collect$$libinit$$00000000)
    __rt_lib_init_fp_1                       0x00000373   Thumb Code     0  libinit2.o(.ARM.Collect$$libinit$$00000001)
    __rt_lib_init_heap_1                     0x00000377   Thumb Code     0  libinit2.o(.ARM.Collect$$libinit$$0000000C)
    __rt_lib_init_lc_common                  0x00000377   Thumb Code     0  libinit2.o(.ARM.Collect$$libinit$$00000011)
    __rt_lib_init_preinit_1                  0x00000377   Thumb Code     0  libinit2.o(.ARM.Collect$$libinit$$00000006)
    __rt_lib_init_rand_1                     0x00000377   Thumb Code     0  libinit2.o(.ARM.Collect$$libinit$$00000010)
    __rt_lib_init_relocate_pie_1             0x00000377   Thumb Code     0  libinit2.o(.ARM.Collect$$libinit$$00000004)
    __rt_lib_init_user_alloc_1               0x00000377   Thumb Code     0  libinit2.o(.ARM.Collect$$libinit$$0000000E)
    __rt_lib_init_lc_collate_1               0x0000037d   Thumb Code     0  libinit2.o(.ARM.Collect$$libinit$$00000013)
    __rt_lib_init_lc_ctype_2                 0x0000037d   Thumb Code     0  libinit2.o(.ARM.Collect$$libinit$$00000014)
    __rt_lib_init_lc_ctype_1                 0x00000389   Thumb Code     0  libinit2.o(.ARM.Collect$$libinit$$00000015)
    __rt_lib_init_lc_monetary_1              0x00000389   Thumb Code     0  libinit2.o(.ARM.Collect$$libinit$$00000017)
    __rt_lib_init_lc_numeric_2               0x00000389   Thumb Code     0  libinit2.o(.ARM.Collect$$libinit$$00000018)
    __rt_lib_init_alloca_1                   0x00000393   Thumb Code     0  libinit2.o(.ARM.Collect$$libinit$$00000030)
    __rt_lib_init_argv_1                     0x00000393   Thumb Code     0  libinit2.o(.ARM.Collect$$libinit$$0000002E)
    __rt_lib_init_atexit_1                   0x00000393   Thumb Code     0  libinit2.o(.ARM.Collect$$libinit$$0000001D)
    __rt_lib_init_clock_1                    0x00000393   Thumb Code     0  libinit2.o(.ARM.Collect$$libinit$$00000023)
    __rt_lib_init_cpp_1                      0x00000393   Thumb Code     0  libinit2.o(.ARM.Collect$$libinit$$00000034)
    __rt_lib_init_exceptions_1               0x00000393   Thumb Code     0  libinit2.o(.ARM.Collect$$libinit$$00000032)
    __rt_lib_init_fp_trap_1                  0x00000393   Thumb Code     0  libinit2.o(.ARM.Collect$$libinit$$00000021)
    __rt_lib_init_getenv_1                   0x00000393   Thumb Code     0  libinit2.o(.ARM.Collect$$libinit$$00000025)
    __rt_lib_init_lc_numeric_1               0x00000393   Thumb Code     0  libinit2.o(.ARM.Collect$$libinit$$00000019)
    __rt_lib_init_lc_time_1                  0x00000393   Thumb Code     0  libinit2.o(.ARM.Collect$$libinit$$0000001B)
    __rt_lib_init_return                     0x00000393   Thumb Code     0  libinit2.o(.ARM.Collect$$libinit$$00000035)
    __rt_lib_init_signal_1                   0x00000393   Thumb Code     0  libinit2.o(.ARM.Collect$$libinit$$0000001F)
    __rt_lib_init_stdio_1                    0x00000393   Thumb Code     0  libinit2.o(.ARM.Collect$$libinit$$00000027)
    __rt_lib_shutdown                        0x00000395   Thumb Code     0  libshutdown.o(.ARM.Collect$$libshutdown$$00000000)
    __rt_lib_shutdown_cpp_1                  0x00000397   Thumb Code     0  libshutdown2.o(.ARM.Collect$$libshutdown$$00000002)
    __rt_lib_shutdown_fp_trap_1              0x00000397   Thumb Code     0  libshutdown2.o(.ARM.Collect$$libshutdown$$00000007)
    __rt_lib_shutdown_heap_1                 0x00000397   Thumb Code     0  libshutdown2.o(.ARM.Collect$$libshutdown$$0000000F)
    __rt_lib_shutdown_return                 0x00000397   Thumb Code     0  libshutdown2.o(.ARM.Collect$$libshutdown$$00000010)
    __rt_lib_shutdown_signal_1               0x00000397   Thumb Code     0  libshutdown2.o(.ARM.Collect$$libshutdown$$0000000A)
    __rt_lib_shutdown_stdio_1                0x00000397   Thumb Code     0  libshutdown2.o(.ARM.Collect$$libshutdown$$00000004)
    __rt_lib_shutdown_user_alloc_1           0x00000397   Thumb Code     0  libshutdown2.o(.ARM.Collect$$libshutdown$$0000000C)
    __rt_entry                               0x00000399   Thumb Code     0  __rtentry.o(.ARM.Collect$$rtentry$$00000000)
    __rt_entry_presh_1                       0x00000399   Thumb Code     0  __rtentry2.o(.ARM.Collect$$rtentry$$00000002)
    __rt_entry_sh                            0x00000399   Thumb Code     0  __rtentry4.o(.ARM.Collect$$rtentry$$00000004)
    __rt_entry_postsh_1                      0x0000039f   Thumb Code     0  __rtentry2.o(.ARM.Collect$$rtentry$$00000008)
    __rt_entry_li                            0x000003a7   Thumb Code     0  __rtentry2.o(.ARM.Collect$$rtentry$$0000000A)
    __rt_entry_main                          0x000003ab   Thumb Code     0  __rtentry2.o(.ARM.Collect$$rtentry$$0000000D)
    __rt_entry_postli_1                      0x000003ab   Thumb Code     0  __rtentry2.o(.ARM.Collect$$rtentry$$0000000C)
    __rt_exit                                0x000003b3   Thumb Code     0  rtexit.o(.ARM.Collect$$rtexit$$00000000)
    __rt_exit_ls                             0x000003b5   Thumb Code     0  rtexit2.o(.ARM.Collect$$rtexit$$00000003)
    __rt_exit_prels_1                        0x000003b5   Thumb Code     0  rtexit2.o(.ARM.Collect$$rtexit$$00000002)
    __rt_exit_exit                           0x000003b9   Thumb Code     0  rtexit2.o(.ARM.Collect$$rtexit$$00000004)
    Reset_Handler                            0x000003c1   Thumb Code     8  startup_tm4c123.o(.text)
    NMI_Handler                              0x000003c9   Thumb Code     2  startup_tm4c123.o(.text)
    HardFault_Handler                        0x000003cb   Thumb Code     2  startup_tm4c123.o(.text)
    MemManage_Handler                        0x000003cd   Thumb Code     2  startup_tm4c123.o(.text)
    BusFault_Handler                         0x000003cf   Thumb Code     2  startup_tm4c123.o(.text)
    UsageFault_Handler                       0x000003d1   Thumb Code     2  startup_tm4c123.o(.text)
    DebugMon_Handler                         0x000003d5   Thumb Code     2  startup_tm4c123.o(.text)
    GPIOA_Handler                            0x000003db   Thumb Code     2  startup_tm4c123.o(.text)
    GPIOC_Handler                            0x000003df   Thumb Code     2  startup_tm4c123.o(.text)
    GPIOD_Handler                            0x000003e1   Thumb Code     2  startup_tm4c123.o(.text)
    GPIOE_Handler                            0x000003e3   Thumb Code     2  startup_tm4c123.o(.text)
    UART0_Handler                            0x000003e5   Thumb Code     2  startup_tm4c123.o(.text)
    UART1_Handler                            0x000003e7   Thumb Code     2  startup_tm4c123.o(.text)
    SSI0_Handler                             0x000003e9   Thumb Code     2  startup_tm4c123.o(.text)
    I2C0_Handler                             0x000003eb   Thumb Code     2  startup_tm4c123.o(.text)
    PMW0_FAULT_Handler                       0x000003ed   Thumb Code     2  startup_tm4c123.o(.text)
    PWM0_0_Handler                           0x000003ef   Thumb Code     2  startup_tm4c123.o(.text)
    PWM0_1_Handler                           0x000003f1   Thumb Code     2  startup_tm4c123.o(.text)
    PWM0_2_Handler                           0x000003f3   Thumb Code     2  startup_tm4c123.o(.text)
    QEI0_Handler                             0x000003f5   Thumb Code     2  startup_tm4c123.o(.text)
    ADC0SS0_Handler                          0x000003f7   Thumb Code     2  startup_tm4c123.o(.text)
    ADC0SS1_Handler                          0x000003f9   Thumb Code     2  startup_tm4c123.o(.text)
    ADC0SS2_Handler                          0x000003fb   Thumb Code     2  startup_tm4c123.o(.text)
    ADC0SS3_Handler                          0x000003fd   Thumb Code     2  startup_tm4c123.o(.text)
    WDT0_Handler                             0x000003ff   Thumb Code     2  startup_tm4c123.o(.text)
    TIMER0A_Handler                          0x00000401   Thumb Code     2  startup_tm4c123.o(.text)
    TIMER0B_Handler                          0x00000403   Thumb Code     2  startup_tm4c123.o(.text)
    TIMER1A_Handler                          0x00000405   Thumb Code     2  startup_tm4c123.o(.text)
    TIMER1B_Handler                          0x00000407   Thumb Code     2  startup_tm4c123.o(.text)
    TIMER2A_Handler                          0x00000409   Thumb Code     2  startup_tm4c123.o(.text)
    TIMER2B_Handler                          0x0000040b   Thumb Code     2  startup_tm4c123.o(.text)
    COMP0_Handler                            0x0000040d   Thumb Code     2  startup_tm4c123.o(.text)
    COMP1_Handler                            0x0000040f   Thumb Code     2  startup_tm4c123.o(.text)
    COMP2_Handler                            0x00000411   Thumb Code     2  startup_tm4c123.o(.text)
    SYSCTL_Handler                           0x00000413   Thumb Code     2  startup_tm4c123.o(.text)
    FLASH_Handler                            0x00000415   Thumb Code     2  startup_tm4c123.o(.text)
    GPIOG_Handler                            0x00000419   Thumb Code     2  startup_tm4c123.o(.text)
    GPIOH_Handler                            0x0000041b   Thumb Code     2  startup_tm4c123.o(.text)
    UART2_Handler                            0x0000041d   Thumb Code     2  startup_tm4c123.o(.text)
    SSI1_Handler                             0x0000041f   Thumb Code     2  startup_tm4c123.o(.text)
    TIMER3A_Handler                          0x00000421   Thumb Code     2  startup_tm4c123.o(.text)
    TIMER3B_Handler                          0x00000423   Thumb Code     2  startup_tm4c123.o(.text)
    I2C1_Handler                             0x00000425   Thumb Code     2  startup_tm4c123.o(.text)
    QEI1_Handler                             0x00000427   Thumb Code     2  startup_tm4c123.o(.text)
    CAN0_Handler                             0x00000429   Thumb Code     2  startup_tm4c123.o(.text)
    CAN1_Handler                             0x0000042b   Thumb Code     2  startup_tm4c123.o(.text)
    CAN2_Handler                             0x0000042d   Thumb Code     2  startup_tm4c123.o(.text)
    HIB_Handler                              0x0000042f   Thumb Code     2  startup_tm4c123.o(.text)
    USB0_Handler                             0x00000431   Thumb Code     2  startup_tm4c123.o(.text)
    PWM0_3_Handler                           0x00000433   Thumb Code     2  startup_tm4c123.o(.text)
    UDMA_Handler                             0x00000435   Thumb Code     2  startup_tm4c123.o(.text)
    UDMAERR_Handler                          0x00000437   Thumb Code     2  startup_tm4c123.o(.text)
    ADC1SS0_Handler                          0x00000439   Thumb Code     2  startup_tm4c123.o(.text)
    ADC1SS1_Handler                          0x0000043b   Thumb Code     2  startup_tm4c123.o(.text)
    ADC1SS2_Handler                          0x0000043d   Thumb Code     2  startup_tm4c123.o(.text)
    ADC1SS3_Handler                          0x0000043f   Thumb Code     2  startup_tm4c123.o(.text)
    GPIOJ_Handler                            0x00000441   Thumb Code     2  startup_tm4c123.o(.text)
    GPIOK_Handler                            0x00000443   Thumb Code     2  startup_tm4c123.o(.text)
    GPIOL_Handler                            0x00000445   Thumb Code     2  startup_tm4c123.o(.text)
    SSI2_Handler                             0x00000447   Thumb Code     2  startup_tm4c123.o(.text)
    SSI3_Handler                             0x00000449   Thumb Code     2  startup_tm4c123.o(.text)
    UART3_Handler                            0x0000044b   Thumb Code     2  startup_tm4c123.o(.text)
    UART4_Handler                            0x0000044d   Thumb Code     2  startup_tm4c123.o(.text)
    UART5_Handler                            0x0000044f   Thumb Code     2  startup_tm4c123.o(.text)
    UART6_Handler                            0x00000451   Thumb Code     2  startup_tm4c123.o(.text)
    UART7_Handler                            0x00000453   Thumb Code     2  startup_tm4c123.o(.text)
    I2C2_Handler                             0x00000455   Thumb Code     2  startup_tm4c123.o(.text)
    I2C3_Handler                             0x00000457   Thumb Code     2  startup_tm4c123.o(.text)
    TIMER4A_Handler                          0x00000459   Thumb Code     2  startup_tm4c123.o(.text)
    TIMER4B_Handler                          0x0000045b   Thumb Code     2  startup_tm4c123.o(.text)
    TIMER5A_Handler                          0x0000045d   Thumb Code     2  startup_tm4c123.o(.text)
    TIMER5B_Handler                          0x0000045f   Thumb Code     2  startup_tm4c123.o(.text)
    WTIMER0A_Handler                         0x00000461   Thumb Code     2  startup_tm4c123.o(.text)
    WTIMER0B_Handler                         0x00000463   Thumb Code     2  startup_tm4c123.o(.text)
    WTIMER1A_Handler                         0x00000465   Thumb Code     2  startup_tm4c123.o(.text)
    WTIMER1B_Handler                         0x00000467   Thumb Code     2  startup_tm4c123.o(.text)
    WTIMER2A_Handler                         0x00000469   Thumb Code     2  startup_tm4c123.o(.text)
    WTIMER2B_Handler                         0x0000046b   Thumb Code     2  startup_tm4c123.o(.text)
    WTIMER3A_Handler                         0x0000046d   Thumb Code     2  startup_tm4c123.o(.text)
    WTIMER3B_Handler                         0x0000046f   Thumb Code     2  startup_tm4c123.o(.text)
    WTIMER4A_Handler                         0x00000471   Thumb Code     2  startup_tm4c123.o(.text)
    WTIMER4B_Handler                         0x00000473   Thumb Code     2  startup_tm4c123.o(.text)
    WTIMER5A_Handler                         0x00000475   Thumb Code     2  startup_tm4c123.o(.text)
    WTIMER5B_Handler                         0x00000477   Thumb Code     2  startup_tm4c123.o(.text)
    FPU_Handler                              0x00000479   Thumb Code     2  startup_tm4c123.o(.text)
    I2C4_Handler                             0x0000047b   Thumb Code     2  startup_tm4c123.o(.text)
    I2C5_Handler                             0x0000047d   Thumb Code     2  startup_tm4c123.o(.text)
    GPIOM_Handler                            0x0000047f   Thumb Code     2  startup_tm4c123.o(.text)
    GPION_Handler                            0x00000481   Thumb Code     2  startup_tm4c123.o(.text)
    QEI2_Handler                             0x00000483   Thumb Code     2  startup_tm4c123.o(.text)
    GPIOP0_Handler                           0x00000485   Thumb Code     2  startup_tm4c123.o(.text)
    GPIOP1_Handler                           0x00000487   Thumb Code     2  startup_tm4c123.o(.text)
    GPIOP2_Handler                           0x00000489   Thumb Code     2  startup_tm4c123.o(.text)
    GPIOP3_Handler                           0x0000048b   Thumb Code     2  startup_tm4c123.o(.text)
    GPIOP4_Handler                           0x0000048d   Thumb Code     2  startup_tm4c123.o(.text)
    GPIOP5_Handler                           0x0000048f   Thumb Code     2  startup_tm4c123.o(.text)
    GPIOP6_Handler                           0x00000491   Thumb Code     2  startup_tm4c123.o(.text)
    GPIOP7_Handler                           0x00000493   Thumb Code     2  startup_tm4c123.o(.text)
    GPIOQ0_Handler                           0x00000495   Thumb Code     2  startup_tm4c123.o(.text)
    GPIOQ1_Handler                           0x00000497   Thumb Code     2  startup_tm4c123.o(.text)
    GPIOQ2_Handler                           0x00000499   Thumb Code     2  startup_tm4c123.o(.text)
    GPIOQ3_Handler                           0x0000049b   Thumb Code     2  startup_tm4c123.o(.text)
    GPIOQ4_Handler                           0x0000049d   Thumb Code     2  startup_tm4c123.o(.text)
    GPIOQ5_Handler                           0x0000049f   Thumb Code     2  startup_tm4c123.o(.text)
    GPIOQ6_Handler                           0x000004a1   Thumb Code     2  startup_tm4c123.o(.text)
    GPIOQ7_Handler                           0x000004a3   Thumb Code     2  startup_tm4c123.o(.text)
    GPIOR_Handler                            0x000004a5   Thumb Code     2  startup_tm4c123.o(.text)
    GPIOS_Handler                            0x000004a7   Thumb Code     2  startup_tm4c123.o(.text)
    PMW1_0_Handler                           0x000004a9   Thumb Code     2  startup_tm4c123.o(.text)
    PWM1_1_Handler                           0x000004ab   Thumb Code     2  startup_tm4c123.o(.text)
    PWM1_2_Handler                           0x000004ad   Thumb Code     2  startup_tm4c123.o(.text)
    PWM1_3_Handler                           0x000004af   Thumb Code     2  startup_tm4c123.o(.text)
    PWM1_FAULT_Handler                       0x000004b1   Thumb Code     2  startup_tm4c123.o(.text)
    __user_initial_stackheap                 0x000004b5   Thumb Code     0  startup_tm4c123.o(.text)
    __aeabi_uldivmod                         0x000004d5   Thumb Code     0  lludivv7m.o(.text)
    _ll_udiv                                 0x000004d5   Thumb Code   240  lludivv7m.o(.text)
    sprintf                                  0x000005c5   Thumb Code    38  sprintf.o(.text)
    strlen                                   0x000005f1   Thumb Code    62  strlen.o(.text)
    __aeabi_memcpy                           0x0000062f   Thumb Code     0  rt_memcpy_v6.o(.text)
    __rt_memcpy                              0x0000062f   Thumb Code   138  rt_memcpy_v6.o(.text)
    _memcpy_lastbytes                        0x00000695   Thumb Code     0  rt_memcpy_v6.o(.text)
    __aeabi_memset4                          0x000006b9   Thumb Code    16  aeabi_memset4.o(.text)
    __aeabi_memset8                          0x000006b9   Thumb Code     0  aeabi_memset4.o(.text)
    __aeabi_memclr                           0x000006c9   Thumb Code     0  rt_memclr.o(.text)
    __rt_memclr                              0x000006c9   Thumb Code     0  rt_memclr.o(.text)
    _memset                                  0x000006cd   Thumb Code    64  rt_memclr.o(.text)
    strcmp                                   0x00000711   Thumb Code   124  strcmpv7em.o(.text)
    __use_two_region_memory                  0x0000078d   Thumb Code     2  heapauxi.o(.text)
    __rt_heap_escrow$2region                 0x0000078f   Thumb Code     2  heapauxi.o(.text)
    __rt_heap_expand$2region                 0x00000791   Thumb Code     2  heapauxi.o(.text)
    _printf_pre_padding                      0x00000793   Thumb Code    44  _printf_pad.o(.text)
    _printf_post_padding                     0x000007bf   Thumb Code    34  _printf_pad.o(.text)
    _printf_truncate_signed                  0x000007e1   Thumb Code    18  _printf_truncate.o(.text)
    _printf_truncate_unsigned                0x000007f3   Thumb Code    18  _printf_truncate.o(.text)
    _printf_str                              0x00000805   Thumb Code    82  _printf_str.o(.text)
    _printf_int_dec                          0x00000859   Thumb Code   104  _printf_dec.o(.text)
    _printf_charcount                        0x000008d1   Thumb Code    40  _printf_charcount.o(.text)
    _printf_char_common                      0x00000903   Thumb Code    32  _printf_char_common.o(.text)
    _sputc                                   0x00000929   Thumb Code    10  _sputc.o(.text)
    _printf_wctomb                           0x00000935   Thumb Code   182  _printf_wctomb.o(.text)
    _printf_longlong_dec                     0x000009f1   Thumb Code   108  _printf_longlong_dec.o(.text)
    _printf_longlong_oct                     0x00000a6d   Thumb Code    68  _printf_oct_int_ll.o(.text)
    _printf_int_oct                          0x00000ab1   Thumb Code    24  _printf_oct_int_ll.o(.text)
    _printf_ll_oct                           0x00000ac9   Thumb Code    12  _printf_oct_int_ll.o(.text)
    _printf_longlong_hex                     0x00000add   Thumb Code    86  _printf_hex_int_ll_ptr.o(.text)
    _printf_int_hex                          0x00000b33   Thumb Code    28  _printf_hex_int_ll_ptr.o(.text)
    _printf_ll_hex                           0x00000b4f   Thumb Code    12  _printf_hex_int_ll_ptr.o(.text)
    _printf_hex_ptr                          0x00000b5b   Thumb Code    18  _printf_hex_int_ll_ptr.o(.text)
    __printf                                 0x00000b71   Thumb Code   388  __printf_flags_ss_wp.o(.text)
    __aeabi_memcpy4                          0x00000cf9   Thumb Code     0  rt_memcpy_w.o(.text)
    __aeabi_memcpy8                          0x00000cf9   Thumb Code     0  rt_memcpy_w.o(.text)
    __rt_memcpy_w                            0x00000cf9   Thumb Code   100  rt_memcpy_w.o(.text)
    _memcpy_lastbytes_aligned                0x00000d41   Thumb Code     0  rt_memcpy_w.o(.text)
    __aeabi_memclr4                          0x00000d5d   Thumb Code     0  rt_memclr_w.o(.text)
    __aeabi_memclr8                          0x00000d5d   Thumb Code     0  rt_memclr_w.o(.text)
    __rt_memclr_w                            0x00000d5d   Thumb Code     0  rt_memclr_w.o(.text)
    _memset_w                                0x00000d61   Thumb Code    74  rt_memclr_w.o(.text)
    _ll_udiv10                               0x00000dab   Thumb Code   138  lludiv10.o(.text)
    _printf_int_common                       0x00000e35   Thumb Code   178  _printf_intcommon.o(.text)
    _printf_fp_dec_real                      0x00001097   Thumb Code   620  _printf_fp_dec.o(.text)
    _printf_fp_hex_real                      0x00001305   Thumb Code   756  _printf_fp_hex.o(.text)
    _printf_cs_common                        0x00001601   Thumb Code    20  _printf_char.o(.text)
    _printf_char                             0x00001615   Thumb Code    16  _printf_char.o(.text)
    _printf_string                           0x00001625   Thumb Code     8  _printf_char.o(.text)
    _printf_lcs_common                       0x0000162d   Thumb Code    20  _printf_wchar.o(.text)
    _printf_wchar                            0x00001641   Thumb Code    16  _printf_wchar.o(.text)
    _printf_wstring                          0x00001651   Thumb Code     8  _printf_wchar.o(.text)
    _c16rtomb                                0x00001659   Thumb Code    72  _c16rtomb.o(.text)
    _wcrtomb                                 0x00001659   Thumb Code     0  _c16rtomb.o(.text)
    __user_setup_stackheap                   0x000016a1   Thumb Code    74  sys_stackheap_outer.o(.text)
    __rt_ctype_table                         0x000016ed   Thumb Code    16  rt_ctype_table.o(.text)
    __rt_locale                              0x000016fd   Thumb Code    10  rt_locale_twolibspace.o(.text)
    _printf_fp_infnan                        0x00001709   Thumb Code   112  _printf_fp_infnan.o(.text)
    _btod_etento                             0x00001789   Thumb Code   224  bigflt0.o(.text)
    exit                                     0x0000186d   Thumb Code    18  exit.o(.text)
    __user_libspace                          0x00001881   Thumb Code     8  libspace.o(.text)
    __user_perproc_libspace                  0x00001881   Thumb Code     0  libspace.o(.text)
    _fp_init                                 0x00001889   Thumb Code    22  clib_os.o(.text.$Sub$$_fp_init)
    GPIOB_Handler                            0x000018a1   Thumb Code   324  isr.o(.text.GPIOB_Handler)
    GPIOF_Handler                            0x000019e5   Thumb Code   172  isr.o(.text.GPIOF_Handler)
    PendSV_Handler                           0x00001b39   Thumb Code    96  port.o(.text.PendSV_Handler)
    PortB_Init                               0x00001b99   Thumb Code   188  gpio_utility.o(.text.PortB_Init)
    PortF_Init                               0x00001c55   Thumb Code   226  gpio_utility.o(.text.PortF_Init)
    SVC_Handler                              0x00001d39   Thumb Code    32  port.o(.text.SVC_Handler)
    SysTick_Handler                          0x00001d59   Thumb Code    30  cmsis_os2.o(.text.SysTick_Handler)
    SystemInit                               0x00001d79   Thumb Code   268  system_tm4c123.o(.text.SystemInit)
    __write                                  0x00001ef9   Thumb Code    52  retarget.o(.text.__write)
    _mutex_acquire                           0x00001f2d   Thumb Code    40  clib_os.o(.text._mutex_acquire)
    _mutex_free                              0x00001f55   Thumb Code    84  clib_os.o(.text._mutex_free)
    _mutex_initialize                        0x00001fa9   Thumb Code   168  clib_os.o(.text._mutex_initialize)
    _mutex_release                           0x00002051   Thumb Code    42  clib_os.o(.text._mutex_release)
    _platform_post_stackheap_init            0x0000207d   Thumb Code     2  clib_os.o(.text._platform_post_stackheap_init)
    _sys_exit                                0x00002081   Thumb Code    10  retarget.o(.text._sys_exit)
    consoleprint                             0x000020ad   Thumb Code    32  consoleprint.o(.text.consoleprint)
    main                                     0x00002341   Thumb Code   602  main.o(.text.main)
    pvPortMalloc                             0x00003809   Thumb Code   696  heap_4.o(.text.pvPortMalloc)
    pvTaskIncrementMutexHeldCount            0x00003ac1   Thumb Code    36  tasks.o(.text.pvTaskIncrementMutexHeldCount)
    pxPortInitialiseStack                    0x00003ae5   Thumb Code    94  port.o(.text.pxPortInitialiseStack)
    setLED                                   0x00003b45   Thumb Code    46  led_status_tasks.o(.text.setLED)
    uxListRemove                             0x00003b75   Thumb Code    72  list.o(.text.uxListRemove)
    uxTaskGetNumberOfTasks                   0x00003bbd   Thumb Code    12  tasks.o(.text.uxTaskGetNumberOfTasks)
    vApplicationGetIdleTaskMemory            0x00003bc9   Thumb Code    42  tasks.o(.text.vApplicationGetIdleTaskMemory)
    vApplicationGetTimerTaskMemory           0x00003bf5   Thumb Code    42  tasks.o(.text.vApplicationGetTimerTaskMemory)
    vApplicationStackOverflowHook            0x00003c21   Thumb Code    16  cmsis_os2.o(.text.vApplicationStackOverflowHook)
    vCloseLimitTask                          0x00003c31   Thumb Code   126  semaphore_based_tasks.o(.text.vCloseLimitTask)
    vGateControlTask                         0x00003cb1   Thumb Code    56  gate_control_task.o(.text.vGateControlTask)
    vInputTask                               0x00003ce9   Thumb Code   226  input_task.o(.text.vInputTask)
    vLEDControlTask                          0x00003dcd   Thumb Code   156  led_status_tasks.o(.text.vLEDControlTask)
    vListInitialise                          0x00003e69   Thumb Code    46  list.o(.text.vListInitialise)
    vListInitialiseItem                      0x00003e99   Thumb Code    14  list.o(.text.vListInitialiseItem)
    vListInsert                              0x00003ea9   Thumb Code   106  list.o(.text.vListInsert)
    vOpenLimitTask                           0x00003f15   Thumb Code   128  semaphore_based_tasks.o(.text.vOpenLimitTask)
    vPortEnterCritical                       0x00003fa9   Thumb Code    72  port.o(.text.vPortEnterCritical)
    vPortExitCritical                        0x00003ff1   Thumb Code    60  port.o(.text.vPortExitCritical)
    vPortFree                                0x0000402d   Thumb Code   222  heap_4.o(.text.vPortFree)
    vPortSetupTimerInterrupt                 0x0000410d   Thumb Code    42  port.o(.text.vPortSetupTimerInterrupt)
    vPortValidateInterruptPriority           0x00004139   Thumb Code   104  port.o(.text.vPortValidateInterruptPriority)
    vPrintString                             0x000041a1   Thumb Code    48  basic_io.o(.text.vPrintString)
    vQueueDelete                             0x000041d1   Thumb Code    48  queue.o(.text.vQueueDelete)
    vQueueWaitForMessageRestricted           0x00004201   Thumb Code   100  queue.o(.text.vQueueWaitForMessageRestricted)
    vSafetyTask                              0x00004265   Thumb Code   174  semaphore_based_tasks.o(.text.vSafetyTask)
    vTaskDelay                               0x00004315   Thumb Code    98  tasks.o(.text.vTaskDelay)
    vTaskInternalSetTimeOutState             0x00004379   Thumb Code    36  tasks.o(.text.vTaskInternalSetTimeOutState)
    vTaskMissedYield                         0x0000439d   Thumb Code    14  tasks.o(.text.vTaskMissedYield)
    vTaskPlaceOnEventList                    0x000043ad   Thumb Code    52  tasks.o(.text.vTaskPlaceOnEventList)
    vTaskPlaceOnEventListRestricted          0x000043e1   Thumb Code   114  tasks.o(.text.vTaskPlaceOnEventListRestricted)
    vTaskPriorityDisinheritAfterTimeout      0x00004455   Thumb Code   358  tasks.o(.text.vTaskPriorityDisinheritAfterTimeout)
    vTaskStartScheduler                      0x000045bd   Thumb Code   130  tasks.o(.text.vTaskStartScheduler)
    vTaskSuspendAll                          0x00004641   Thumb Code    16  tasks.o(.text.vTaskSuspendAll)
    vTaskSwitchContext                       0x00004651   Thumb Code   312  tasks.o(.text.vTaskSwitchContext)
    xPortStartScheduler                      0x000047e5   Thumb Code   428  port.o(.text.xPortStartScheduler)
    xPortSysTickHandler                      0x00004991   Thumb Code    62  port.o(.text.xPortSysTickHandler)
    xQueueCreateMutex                        0x000049d1   Thumb Code    38  queue.o(.text.xQueueCreateMutex)
    xQueueCreateMutexStatic                  0x000049f9   Thumb Code    50  queue.o(.text.xQueueCreateMutexStatic)
    xQueueGenericCreate                      0x00004a2d   Thumb Code   148  queue.o(.text.xQueueGenericCreate)
    xQueueGenericCreateStatic                0x00004ac1   Thumb Code   158  queue.o(.text.xQueueGenericCreateStatic)
    xQueueGenericReset                       0x00004b61   Thumb Code   236  queue.o(.text.xQueueGenericReset)
    xQueueGenericSend                        0x00004c4d   Thumb Code   500  queue.o(.text.xQueueGenericSend)
    xQueueGiveFromISR                        0x00004e41   Thumb Code   292  queue.o(.text.xQueueGiveFromISR)
    xQueueReceive                            0x00004f65   Thumb Code   434  queue.o(.text.xQueueReceive)
    xQueueSemaphoreTake                      0x00005119   Thumb Code   486  queue.o(.text.xQueueSemaphoreTake)
    xTaskCheckForTimeOut                     0x00005301   Thumb Code   224  tasks.o(.text.xTaskCheckForTimeOut)
    xTaskCreate                              0x000053e1   Thumb Code    82  tasks.o(.text.xTaskCreate)
    xTaskCreateStatic                        0x00005435   Thumb Code    92  tasks.o(.text.xTaskCreateStatic)
    xTaskGenericNotifyFromISR                0x00005491   Thumb Code   644  tasks.o(.text.xTaskGenericNotifyFromISR)
    xTaskGenericNotifyWait                   0x00005715   Thumb Code   336  tasks.o(.text.xTaskGenericNotifyWait)
    xTaskGetSchedulerState                   0x00005865   Thumb Code    56  tasks.o(.text.xTaskGetSchedulerState)
    xTaskGetTickCount                        0x0000589d   Thumb Code    20  tasks.o(.text.xTaskGetTickCount)
    xTaskIncrementTick                       0x000058b1   Thumb Code   630  tasks.o(.text.xTaskIncrementTick)
    xTaskPriorityDisinherit                  0x00005b29   Thumb Code   286  tasks.o(.text.xTaskPriorityDisinherit)
    xTaskPriorityInherit                     0x00005c49   Thumb Code   348  tasks.o(.text.xTaskPriorityInherit)
    xTaskRemoveFromEventList                 0x00005da5   Thumb Code   418  tasks.o(.text.xTaskRemoveFromEventList)
    xTaskResumeAll                           0x00005f49   Thumb Code   584  tasks.o(.text.xTaskResumeAll)
    xTimerCreateTimerTask                    0x00006191   Thumb Code   134  timers.o(.text.xTimerCreateTimerTask)
    _btod_d2e                                0x00006217   Thumb Code    62  btod.o(CL$$btod_d2e)
    _d2e_denorm_low                          0x00006255   Thumb Code    70  btod.o(CL$$btod_d2e_denorm_low)
    _d2e_norm_op1                            0x0000629b   Thumb Code    96  btod.o(CL$$btod_d2e_norm_op1)
    __btod_div_common                        0x000062fd   Thumb Code   696  btod.o(CL$$btod_div_common)
    _e2e                                     0x00006635   Thumb Code   220  btod.o(CL$$btod_e2e)
    _btod_ediv                               0x00006711   Thumb Code    42  btod.o(CL$$btod_ediv)
    _btod_emul                               0x0000673b   Thumb Code    42  btod.o(CL$$btod_emul)
    __btod_mult_common                       0x00006765   Thumb Code   580  btod.o(CL$$btod_mult_common)
    __ARM_fpclassify                         0x000069a9   Thumb Code    48  fpclassify.o(i.__ARM_fpclassify)
    _is_digit                                0x000069d9   Thumb Code    14  __printf_wp.o(i._is_digit)
    _get_lc_numeric                          0x000069e9   Thumb Code    44  lc_numeric_c.o(locale$$code)
    _get_lc_ctype                            0x00006a15   Thumb Code    44  lc_ctype_c.o(locale$$code)
    $Super$$_fp_init                         0x00006a41   Thumb Code    26  fpinit.o(x$fpl$fpinit)
    __fplib_config_fpu_vfp                   0x00006a59   Thumb Code     0  fpinit.o(x$fpl$fpinit)
    __fplib_config_pureend_doubles           0x00006a59   Thumb Code     0  fpinit.o(x$fpl$fpinit)
    _printf_fp_dec                           0x00006a5b   Thumb Code     4  printf1.o(x$fpl$printf1)
    _printf_fp_hex                           0x00006a5f   Thumb Code     4  printf2.o(x$fpl$printf2)
    __I$use$fp                               0x00006a62   Number         0  usenofp.o(x$fpl$usenofp)
    Region$$Table$$Base                      0x00006bec   Number         0  anon$$obj.o(Region$$Table)
    Region$$Table$$Limit                     0x00006c0c   Number         0  anon$$obj.o(Region$$Table)
    __ctype                                  0x00006c35   Data           0  lc_ctype_c.o(locale$$data)
    __libspace_start                         0x20000008   Data          96  libspace.o(.bss)
    __temporary_stack_top$libspace           0x20000068   Data           0  libspace.o(.bss)
    gDesiredLED                              0x20000240   Data           1  led_status_tasks.o(.bss.gDesiredLED)
    gGate                                    0x20000241   Data           2  gate_control_task.o(.bss.gGate)
    pxCurrentTCB                             0x200002e8   Data           4  tasks.o(.bss.pxCurrentTCB)
    xCloseLimitSem                           0x20002c5c   Data           4  main.o(.bss.xCloseLimitSem)
    xGateEventQueue                          0x20002c8c   Data           4  main.o(.bss.xGateEventQueue)
    xGateStateMutex                          0x20002c90   Data           4  main.o(.bss.xGateStateMutex)
    xInputTaskHandle                         0x20002c98   Data           4  main.o(.bss.xInputTaskHandle)
    xLEDSem                                  0x20002c9c   Data           4  main.o(.bss.xLEDSem)
    xObstacleSem                             0x20002cb4   Data           4  main.o(.bss.xObstacleSem)
    xOpenLimitSem                            0x20002cb8   Data           4  main.o(.bss.xOpenLimitSem)



==============================================================================

Memory Map of the image

  Image Entry point : 0x000003c1

  Load Region LR_1 (Base: 0x00000000, Size: 0x00006d3c, Max: 0xffffffff, ABSOLUTE)

    Execution Region ER_RO (Exec base: 0x00000000, Load base: 0x00000000, Size: 0x00006d38, Max: 0xffffffff, ABSOLUTE)

    Exec Addr    Load Addr    Size         Type   Attr      Idx    E Section Name        Object

    0x00000000   0x00000000   0x0000026c   Data   RO          395    RESET               startup_tm4c123.o
    0x0000026c   0x0000026c   0x00000008   Code   RO          911  * !!!main             c_w.l(__main.o)
    0x00000274   0x00000274   0x00000034   Code   RO         1256    !!!scatter          c_w.l(__scatter.o)
    0x000002a8   0x000002a8   0x0000001a   Code   RO         1258    !!handler_copy      c_w.l(__scatter_copy.o)
    0x000002c2   0x000002c2   0x00000002   PAD
    0x000002c4   0x000002c4   0x0000001c   Code   RO         1260    !!handler_zi        c_w.l(__scatter_zi.o)
    0x000002e0   0x000002e0   0x00000000   Code   RO         1001    .ARM.Collect$$_printf_percent$$00000000  c_w.l(_printf_percent.o)
    0x000002e0   0x000002e0   0x00000006   Code   RO          990    .ARM.Collect$$_printf_percent$$00000001  c_w.l(_printf_n.o)
    0x000002e6   0x000002e6   0x00000006   Code   RO          992    .ARM.Collect$$_printf_percent$$00000002  c_w.l(_printf_p.o)
    0x000002ec   0x000002ec   0x00000006   Code   RO          997    .ARM.Collect$$_printf_percent$$00000003  c_w.l(_printf_f.o)
    0x000002f2   0x000002f2   0x00000006   Code   RO          998    .ARM.Collect$$_printf_percent$$00000004  c_w.l(_printf_e.o)
    0x000002f8   0x000002f8   0x00000006   Code   RO          999    .ARM.Collect$$_printf_percent$$00000005  c_w.l(_printf_g.o)
    0x000002fe   0x000002fe   0x00000006   Code   RO         1000    .ARM.Collect$$_printf_percent$$00000006  c_w.l(_printf_a.o)
    0x00000304   0x00000304   0x0000000a   Code   RO         1005    .ARM.Collect$$_printf_percent$$00000007  c_w.l(_printf_ll.o)
    0x0000030e   0x0000030e   0x00000006   Code   RO          994    .ARM.Collect$$_printf_percent$$00000008  c_w.l(_printf_i.o)
    0x00000314   0x00000314   0x00000006   Code   RO          995    .ARM.Collect$$_printf_percent$$00000009  c_w.l(_printf_d.o)
    0x0000031a   0x0000031a   0x00000006   Code   RO          996    .ARM.Collect$$_printf_percent$$0000000A  c_w.l(_printf_u.o)
    0x00000320   0x00000320   0x00000006   Code   RO          993    .ARM.Collect$$_printf_percent$$0000000B  c_w.l(_printf_o.o)
    0x00000326   0x00000326   0x00000006   Code   RO          991    .ARM.Collect$$_printf_percent$$0000000C  c_w.l(_printf_x.o)
    0x0000032c   0x0000032c   0x00000006   Code   RO         1002    .ARM.Collect$$_printf_percent$$0000000D  c_w.l(_printf_lli.o)
    0x00000332   0x00000332   0x00000006   Code   RO         1003    .ARM.Collect$$_printf_percent$$0000000E  c_w.l(_printf_lld.o)
    0x00000338   0x00000338   0x00000006   Code   RO         1004    .ARM.Collect$$_printf_percent$$0000000F  c_w.l(_printf_llu.o)
    0x0000033e   0x0000033e   0x00000006   Code   RO         1009    .ARM.Collect$$_printf_percent$$00000010  c_w.l(_printf_llo.o)
    0x00000344   0x00000344   0x00000006   Code   RO         1010    .ARM.Collect$$_printf_percent$$00000011  c_w.l(_printf_llx.o)
    0x0000034a   0x0000034a   0x0000000a   Code   RO         1006    .ARM.Collect$$_printf_percent$$00000012  c_w.l(_printf_l.o)
    0x00000354   0x00000354   0x00000006   Code   RO          988    .ARM.Collect$$_printf_percent$$00000013  c_w.l(_printf_c.o)
    0x0000035a   0x0000035a   0x00000006   Code   RO          989    .ARM.Collect$$_printf_percent$$00000014  c_w.l(_printf_s.o)
    0x00000360   0x00000360   0x00000006   Code   RO         1007    .ARM.Collect$$_printf_percent$$00000015  c_w.l(_printf_lc.o)
    0x00000366   0x00000366   0x00000006   Code   RO         1008    .ARM.Collect$$_printf_percent$$00000016  c_w.l(_printf_ls.o)
    0x0000036c   0x0000036c   0x00000004   Code   RO         1057    .ARM.Collect$$_printf_percent$$00000017  c_w.l(_printf_percent_end.o)
    0x00000370   0x00000370   0x00000002   Code   RO         1112    .ARM.Collect$$libinit$$00000000  c_w.l(libinit.o)
    0x00000372   0x00000372   0x00000004   Code   RO         1134    .ARM.Collect$$libinit$$00000001  c_w.l(libinit2.o)
    0x00000376   0x00000376   0x00000000   Code   RO         1137    .ARM.Collect$$libinit$$00000004  c_w.l(libinit2.o)
    0x00000376   0x00000376   0x00000000   Code   RO         1139    .ARM.Collect$$libinit$$00000006  c_w.l(libinit2.o)
    0x00000376   0x00000376   0x00000000   Code   RO         1142    .ARM.Collect$$libinit$$0000000C  c_w.l(libinit2.o)
    0x00000376   0x00000376   0x00000000   Code   RO         1144    .ARM.Collect$$libinit$$0000000E  c_w.l(libinit2.o)
    0x00000376   0x00000376   0x00000000   Code   RO         1146    .ARM.Collect$$libinit$$00000010  c_w.l(libinit2.o)
    0x00000376   0x00000376   0x00000006   Code   RO         1147    .ARM.Collect$$libinit$$00000011  c_w.l(libinit2.o)
    0x0000037c   0x0000037c   0x00000000   Code   RO         1149    .ARM.Collect$$libinit$$00000013  c_w.l(libinit2.o)
    0x0000037c   0x0000037c   0x0000000c   Code   RO         1150    .ARM.Collect$$libinit$$00000014  c_w.l(libinit2.o)
    0x00000388   0x00000388   0x00000000   Code   RO         1151    .ARM.Collect$$libinit$$00000015  c_w.l(libinit2.o)
    0x00000388   0x00000388   0x00000000   Code   RO         1153    .ARM.Collect$$libinit$$00000017  c_w.l(libinit2.o)
    0x00000388   0x00000388   0x0000000a   Code   RO         1154    .ARM.Collect$$libinit$$00000018  c_w.l(libinit2.o)
    0x00000392   0x00000392   0x00000000   Code   RO         1155    .ARM.Collect$$libinit$$00000019  c_w.l(libinit2.o)
    0x00000392   0x00000392   0x00000000   Code   RO         1157    .ARM.Collect$$libinit$$0000001B  c_w.l(libinit2.o)
    0x00000392   0x00000392   0x00000000   Code   RO         1159    .ARM.Collect$$libinit$$0000001D  c_w.l(libinit2.o)
    0x00000392   0x00000392   0x00000000   Code   RO         1161    .ARM.Collect$$libinit$$0000001F  c_w.l(libinit2.o)
    0x00000392   0x00000392   0x00000000   Code   RO         1163    .ARM.Collect$$libinit$$00000021  c_w.l(libinit2.o)
    0x00000392   0x00000392   0x00000000   Code   RO         1165    .ARM.Collect$$libinit$$00000023  c_w.l(libinit2.o)
    0x00000392   0x00000392   0x00000000   Code   RO         1167    .ARM.Collect$$libinit$$00000025  c_w.l(libinit2.o)
    0x00000392   0x00000392   0x00000000   Code   RO         1169    .ARM.Collect$$libinit$$00000027  c_w.l(libinit2.o)
    0x00000392   0x00000392   0x00000000   Code   RO         1173    .ARM.Collect$$libinit$$0000002E  c_w.l(libinit2.o)
    0x00000392   0x00000392   0x00000000   Code   RO         1175    .ARM.Collect$$libinit$$00000030  c_w.l(libinit2.o)
    0x00000392   0x00000392   0x00000000   Code   RO         1177    .ARM.Collect$$libinit$$00000032  c_w.l(libinit2.o)
    0x00000392   0x00000392   0x00000000   Code   RO         1179    .ARM.Collect$$libinit$$00000034  c_w.l(libinit2.o)
    0x00000392   0x00000392   0x00000002   Code   RO         1180    .ARM.Collect$$libinit$$00000035  c_w.l(libinit2.o)
    0x00000394   0x00000394   0x00000002   Code   RO         1208    .ARM.Collect$$libshutdown$$00000000  c_w.l(libshutdown.o)
    0x00000396   0x00000396   0x00000000   Code   RO         1239    .ARM.Collect$$libshutdown$$00000002  c_w.l(libshutdown2.o)
    0x00000396   0x00000396   0x00000000   Code   RO         1241    .ARM.Collect$$libshutdown$$00000004  c_w.l(libshutdown2.o)
    0x00000396   0x00000396   0x00000000   Code   RO         1244    .ARM.Collect$$libshutdown$$00000007  c_w.l(libshutdown2.o)
    0x00000396   0x00000396   0x00000000   Code   RO         1247    .ARM.Collect$$libshutdown$$0000000A  c_w.l(libshutdown2.o)
    0x00000396   0x00000396   0x00000000   Code   RO         1249    .ARM.Collect$$libshutdown$$0000000C  c_w.l(libshutdown2.o)
    0x00000396   0x00000396   0x00000000   Code   RO         1252    .ARM.Collect$$libshutdown$$0000000F  c_w.l(libshutdown2.o)
    0x00000396   0x00000396   0x00000002   Code   RO         1253    .ARM.Collect$$libshutdown$$00000010  c_w.l(libshutdown2.o)
    0x00000398   0x00000398   0x00000000   Code   RO          915    .ARM.Collect$$rtentry$$00000000  c_w.l(__rtentry.o)
    0x00000398   0x00000398   0x00000000   Code   RO         1024    .ARM.Collect$$rtentry$$00000002  c_w.l(__rtentry2.o)
    0x00000398   0x00000398   0x00000006   Code   RO         1036    .ARM.Collect$$rtentry$$00000004  c_w.l(__rtentry4.o)
    0x0000039e   0x0000039e   0x00000008   Code   RO         1025    .ARM.Collect$$rtentry$$00000008  c_w.l(__rtentry2.o)
    0x000003a6   0x000003a6   0x00000004   Code   RO         1027    .ARM.Collect$$rtentry$$0000000A  c_w.l(__rtentry2.o)
    0x000003aa   0x000003aa   0x00000000   Code   RO         1029    .ARM.Collect$$rtentry$$0000000C  c_w.l(__rtentry2.o)
    0x000003aa   0x000003aa   0x00000008   Code   RO         1030    .ARM.Collect$$rtentry$$0000000D  c_w.l(__rtentry2.o)
    0x000003b2   0x000003b2   0x00000002   Code   RO         1121    .ARM.Collect$$rtexit$$00000000  c_w.l(rtexit.o)
    0x000003b4   0x000003b4   0x00000000   Code   RO         1182    .ARM.Collect$$rtexit$$00000002  c_w.l(rtexit2.o)
    0x000003b4   0x000003b4   0x00000004   Code   RO         1183    .ARM.Collect$$rtexit$$00000003  c_w.l(rtexit2.o)
    0x000003b8   0x000003b8   0x00000006   Code   RO         1184    .ARM.Collect$$rtexit$$00000004  c_w.l(rtexit2.o)
    0x000003be   0x000003be   0x00000002   PAD
    0x000003c0   0x000003c0   0x00000114   Code   RO          396  * .text               startup_tm4c123.o
    0x000004d4   0x000004d4   0x000000f0   Code   RO          895    .text               c_w.l(lludivv7m.o)
    0x000005c4   0x000005c4   0x0000002c   Code   RO          897    .text               c_w.l(sprintf.o)
    0x000005f0   0x000005f0   0x0000003e   Code   RO          899    .text               c_w.l(strlen.o)
    0x0000062e   0x0000062e   0x0000008a   Code   RO          901    .text               c_w.l(rt_memcpy_v6.o)
    0x000006b8   0x000006b8   0x00000010   Code   RO          903    .text               c_w.l(aeabi_memset4.o)
    0x000006c8   0x000006c8   0x00000044   Code   RO          905    .text               c_w.l(rt_memclr.o)
    0x0000070c   0x0000070c   0x00000004   PAD
    0x00000710   0x00000710   0x0000007c   Code   RO          907    .text               c_w.l(strcmpv7em.o)
    0x0000078c   0x0000078c   0x00000006   Code   RO          909    .text               c_w.l(heapauxi.o)
    0x00000792   0x00000792   0x0000004e   Code   RO          922    .text               c_w.l(_printf_pad.o)
    0x000007e0   0x000007e0   0x00000024   Code   RO          924    .text               c_w.l(_printf_truncate.o)
    0x00000804   0x00000804   0x00000052   Code   RO          926    .text               c_w.l(_printf_str.o)
    0x00000856   0x00000856   0x00000002   PAD
    0x00000858   0x00000858   0x00000078   Code   RO          928    .text               c_w.l(_printf_dec.o)
    0x000008d0   0x000008d0   0x00000028   Code   RO          930    .text               c_w.l(_printf_charcount.o)
    0x000008f8   0x000008f8   0x00000030   Code   RO          932    .text               c_w.l(_printf_char_common.o)
    0x00000928   0x00000928   0x0000000a   Code   RO          934    .text               c_w.l(_sputc.o)
    0x00000932   0x00000932   0x00000002   PAD
    0x00000934   0x00000934   0x000000bc   Code   RO          936    .text               c_w.l(_printf_wctomb.o)
    0x000009f0   0x000009f0   0x0000007c   Code   RO          939    .text               c_w.l(_printf_longlong_dec.o)
    0x00000a6c   0x00000a6c   0x00000070   Code   RO          945    .text               c_w.l(_printf_oct_int_ll.o)
    0x00000adc   0x00000adc   0x00000094   Code   RO          965    .text               c_w.l(_printf_hex_int_ll_ptr.o)
    0x00000b70   0x00000b70   0x00000188   Code   RO          985    .text               c_w.l(__printf_flags_ss_wp.o)
    0x00000cf8   0x00000cf8   0x00000064   Code   RO         1011    .text               c_w.l(rt_memcpy_w.o)
    0x00000d5c   0x00000d5c   0x0000004e   Code   RO         1013    .text               c_w.l(rt_memclr_w.o)
    0x00000daa   0x00000daa   0x0000008a   Code   RO         1040    .text               c_w.l(lludiv10.o)
    0x00000e34   0x00000e34   0x000000b2   Code   RO         1042    .text               c_w.l(_printf_intcommon.o)
    0x00000ee6   0x00000ee6   0x0000041c   Code   RO         1044    .text               c_w.l(_printf_fp_dec.o)
    0x00001302   0x00001302   0x00000002   PAD
    0x00001304   0x00001304   0x000002fc   Code   RO         1048    .text               c_w.l(_printf_fp_hex.o)
    0x00001600   0x00001600   0x0000002c   Code   RO         1053    .text               c_w.l(_printf_char.o)
    0x0000162c   0x0000162c   0x0000002c   Code   RO         1055    .text               c_w.l(_printf_wchar.o)
    0x00001658   0x00001658   0x00000048   Code   RO         1058    .text               c_w.l(_c16rtomb.o)
    0x000016a0   0x000016a0   0x0000004a   Code   RO         1060    .text               c_w.l(sys_stackheap_outer.o)
    0x000016ea   0x000016ea   0x00000002   PAD
    0x000016ec   0x000016ec   0x00000010   Code   RO         1062    .text               c_w.l(rt_ctype_table.o)
    0x000016fc   0x000016fc   0x0000000a   Code   RO         1069    .text               c_w.l(rt_locale_twolibspace.o)
    0x00001706   0x00001706   0x00000002   PAD
    0x00001708   0x00001708   0x00000080   Code   RO         1071    .text               c_w.l(_printf_fp_infnan.o)
    0x00001788   0x00001788   0x000000e4   Code   RO         1073    .text               c_w.l(bigflt0.o)
    0x0000186c   0x0000186c   0x00000012   Code   RO         1103    .text               c_w.l(exit.o)
    0x0000187e   0x0000187e   0x00000002   PAD
    0x00001880   0x00001880   0x00000008   Code   RO         1118    .text               c_w.l(libspace.o)
    0x00001888   0x00001888   0x00000016   Code   RO          142    .text.$Sub$$_fp_init  clib_os.o
    0x0000189e   0x0000189e   0x00000002   PAD
    0x000018a0   0x000018a0   0x00000144   Code   RO           59    .text.GPIOB_Handler  isr.o
    0x000019e4   0x000019e4   0x000000ac   Code   RO           55    .text.GPIOF_Handler  isr.o
    0x00001a90   0x00001a90   0x00000016   Code   RO           57    .text.GPIOIntClear  isr.o
    0x00001aa6   0x00001aa6   0x00000002   PAD
    0x00001aa8   0x00001aa8   0x00000016   Code   RO           74    .text.GPIOPinRead   input_task.o
    0x00001abe   0x00001abe   0x00000002   PAD
    0x00001ac0   0x00001ac0   0x00000032   Code   RO          117    .text.GPIOPinWrite  led_status_tasks.o
    0x00001af2   0x00001af2   0x00000002   PAD
    0x00001af4   0x00001af4   0x00000044   Code   RO           44    .text.ITM_SendChar  retarget.o
    0x00001b38   0x00001b38   0x00000060   Code   RO          482    .text.PendSV_Handler  port.o
    0x00001b98   0x00001b98   0x000000bc   Code   RO          104    .text.PortB_Init    gpio_utility.o
    0x00001c54   0x00001c54   0x000000e2   Code   RO           98    .text.PortF_Init    gpio_utility.o
    0x00001d36   0x00001d36   0x00000002   PAD
    0x00001d38   0x00001d38   0x00000020   Code   RO          478    .text.SVC_Handler   port.o
    0x00001d58   0x00001d58   0x0000001e   Code   RO          169    .text.SysTick_Handler  cmsis_os2.o
    0x00001d76   0x00001d76   0x00000002   PAD
    0x00001d78   0x00001d78   0x0000010c   Code   RO          407    .text.SystemInit    system_tm4c123.o
    0x00001e84   0x00001e84   0x00000030   Code   RO          100    .text.__NVIC_EnableIRQ  gpio_utility.o
    0x00001eb4   0x00001eb4   0x00000042   Code   RO          102    .text.__NVIC_SetPriority  gpio_utility.o
    0x00001ef6   0x00001ef6   0x00000002   PAD
    0x00001ef8   0x00001ef8   0x00000034   Code   RO           42    .text.__write       retarget.o
    0x00001f2c   0x00001f2c   0x00000028   Code   RO          150    .text._mutex_acquire  clib_os.o
    0x00001f54   0x00001f54   0x00000054   Code   RO          156    .text._mutex_free   clib_os.o
    0x00001fa8   0x00001fa8   0x000000a8   Code   RO          148    .text._mutex_initialize  clib_os.o
    0x00002050   0x00002050   0x0000002a   Code   RO          154    .text._mutex_release  clib_os.o
    0x0000207a   0x0000207a   0x00000002   PAD
    0x0000207c   0x0000207c   0x00000002   Code   RO          140    .text._platform_post_stackheap_init  clib_os.o
    0x0000207e   0x0000207e   0x00000002   PAD
    0x00002080   0x00002080   0x0000000a   Code   RO           46    .text._sys_exit     retarget.o
    0x0000208a   0x0000208a   0x00000002   PAD
    0x0000208c   0x0000208c   0x0000001e   Code   RO           70    .text.btnPressed    input_task.o
    0x000020aa   0x000020aa   0x00000002   PAD
    0x000020ac   0x000020ac   0x00000020   Code   RO           34    .text.consoleprint  consoleprint.o
    0x000020cc   0x000020cc   0x00000254   Code   RO           87    .text.handleEvent   gate_control_task.o
    0x00002320   0x00002320   0x00000020   Code   RO          152    .text.is_thread_mode  clib_os.o
    0x00002340   0x00002340   0x0000025a   Code   RO            2    .text.main          main.o
    0x0000259a   0x0000259a   0x00000002   PAD
    0x0000259c   0x0000259c   0x00000020   Code   RO          146    .text.os_kernel_is_active  clib_os.o
    0x000025bc   0x000025bc   0x00000180   Code   RO           72    .text.processPanel  input_task.o
    0x0000273c   0x0000273c   0x0000010e   Code   RO          653    .text.prvAddCurrentTaskToDelayedList  tasks.o
    0x0000284a   0x0000284a   0x00000002   PAD
    0x0000284c   0x0000284c   0x00000170   Code   RO          637    .text.prvAddNewTaskToReadyList  tasks.o
    0x000029bc   0x000029bc   0x0000007e   Code   RO          815    .text.prvCheckForValidListAndQueue  timers.o
    0x00002a3a   0x00002a3a   0x00000002   PAD
    0x00002a3c   0x00002a3c   0x0000005a   Code   RO          687    .text.prvCheckTasksWaitingTermination  tasks.o
    0x00002a96   0x00002a96   0x00000002   PAD
    0x00002a98   0x00002a98   0x00000042   Code   RO          590    .text.prvCopyDataFromQueue  queue.o
    0x00002ada   0x00002ada   0x00000002   PAD
    0x00002adc   0x00002adc   0x000000cc   Code   RO          578    .text.prvCopyDataToQueue  queue.o
    0x00002ba8   0x00002ba8   0x000000d8   Code   RO          683    .text.prvCreateIdleTasks  tasks.o
    0x00002c80   0x00002c80   0x000000aa   Code   RO          635    .text.prvCreateStaticTask  tasks.o
    0x00002d2a   0x00002d2a   0x00000002   PAD
    0x00002d2c   0x00002d2c   0x0000008e   Code   RO          641    .text.prvCreateTask  tasks.o
    0x00002dba   0x00002dba   0x00000002   PAD
    0x00002dbc   0x00002dbc   0x00000050   Code   RO          647    .text.prvDeleteTCB  tasks.o
    0x00002e0c   0x00002e0c   0x00000026   Code   RO          594    .text.prvGetHighestPriorityOfWaitToReceiveList  queue.o
    0x00002e32   0x00002e32   0x00000002   PAD
    0x00002e34   0x00002e34   0x00000040   Code   RO          861    .text.prvGetNextExpireTime  timers.o
    0x00002e74   0x00002e74   0x000000aa   Code   RO          512    .text.prvHeapInit   heap_4.o
    0x00002f1e   0x00002f1e   0x00000002   PAD
    0x00002f20   0x00002f20   0x00000038   Code   RO          777    .text.prvIdleTask   tasks.o
    0x00002f58   0x00002f58   0x0000002c   Code   RO          558    .text.prvInitialiseMutex  queue.o
    0x00002f84   0x00002f84   0x00000048   Code   RO          550    .text.prvInitialiseNewQueue  queue.o
    0x00002fcc   0x00002fcc   0x00000108   Code   RO          773    .text.prvInitialiseNewTask  tasks.o
    0x000030d4   0x000030d4   0x0000008e   Code   RO          775    .text.prvInitialiseTaskLists  tasks.o
    0x00003162   0x00003162   0x00000002   PAD
    0x00003164   0x00003164   0x00000118   Code   RO          516    .text.prvInsertBlockIntoFreeList  heap_4.o
    0x0000327c   0x0000327c   0x00000086   Code   RO          875    .text.prvInsertTimerInActiveList  timers.o
    0x00003302   0x00003302   0x00000002   PAD
    0x00003304   0x00003304   0x00000028   Code   RO          592    .text.prvIsQueueEmpty  queue.o
    0x0000332c   0x0000332c   0x0000002e   Code   RO          580    .text.prvIsQueueFull  queue.o
    0x0000335a   0x0000335a   0x00000002   PAD
    0x0000335c   0x0000335c   0x00000028   Code   RO          488    .text.prvPortStartFirstTask  port.o
    0x00003384   0x00003384   0x00000054   Code   RO          869    .text.prvProcessExpiredTimer  timers.o
    0x000033d8   0x000033d8   0x0000017a   Code   RO          865    .text.prvProcessReceivedCommands  timers.o
    0x00003552   0x00003552   0x00000002   PAD
    0x00003554   0x00003554   0x0000009a   Code   RO          863    .text.prvProcessTimerOrBlockTask  timers.o
    0x000035ee   0x000035ee   0x00000002   PAD
    0x000035f0   0x000035f0   0x00000034   Code   RO          873    .text.prvReloadTimer  timers.o
    0x00003624   0x00003624   0x0000003c   Code   RO          645    .text.prvResetNextTaskUnblockTime  tasks.o
    0x00003660   0x00003660   0x00000044   Code   RO          867    .text.prvSampleTimeNow  timers.o
    0x000036a4   0x000036a4   0x00000052   Code   RO          871    .text.prvSwitchTimerLists  timers.o
    0x000036f6   0x000036f6   0x00000002   PAD
    0x000036f8   0x000036f8   0x0000003e   Code   RO          476    .text.prvTaskExitError  port.o
    0x00003736   0x00003736   0x00000002   PAD
    0x00003738   0x00003738   0x0000001e   Code   RO          817    .text.prvTimerTask  timers.o
    0x00003756   0x00003756   0x00000002   PAD
    0x00003758   0x00003758   0x000000ae   Code   RO          582    .text.prvUnlockQueue  queue.o
    0x00003806   0x00003806   0x00000002   PAD
    0x00003808   0x00003808   0x000002b8   Code   RO          510    .text.pvPortMalloc  heap_4.o
    0x00003ac0   0x00003ac0   0x00000024   Code   RO          751    .text.pvTaskIncrementMutexHeldCount  tasks.o
    0x00003ae4   0x00003ae4   0x0000005e   Code   RO          474    .text.pxPortInitialiseStack  port.o
    0x00003b42   0x00003b42   0x00000002   PAD
    0x00003b44   0x00003b44   0x0000002e   Code   RO          113    .text.setLED        led_status_tasks.o
    0x00003b72   0x00003b72   0x00000002   PAD
    0x00003b74   0x00003b74   0x00000048   Code   RO          465    .text.uxListRemove  list.o
    0x00003bbc   0x00003bbc   0x0000000c   Code   RO          695    .text.uxTaskGetNumberOfTasks  tasks.o
    0x00003bc8   0x00003bc8   0x0000002a   Code   RO          767    .text.vApplicationGetIdleTaskMemory  tasks.o
    0x00003bf2   0x00003bf2   0x00000002   PAD
    0x00003bf4   0x00003bf4   0x0000002a   Code   RO          769    .text.vApplicationGetTimerTaskMemory  tasks.o
    0x00003c1e   0x00003c1e   0x00000002   PAD
    0x00003c20   0x00003c20   0x00000010   Code   RO          323    .text.vApplicationStackOverflowHook  cmsis_os2.o
    0x00003c30   0x00003c30   0x0000007e   Code   RO          131    .text.vCloseLimitTask  semaphore_based_tasks.o
    0x00003cae   0x00003cae   0x00000002   PAD
    0x00003cb0   0x00003cb0   0x00000038   Code   RO           85    .text.vGateControlTask  gate_control_task.o
    0x00003ce8   0x00003ce8   0x000000e2   Code   RO           68    .text.vInputTask    input_task.o
    0x00003dca   0x00003dca   0x00000002   PAD
    0x00003dcc   0x00003dcc   0x0000009c   Code   RO          115    .text.vLEDControlTask  led_status_tasks.o
    0x00003e68   0x00003e68   0x0000002e   Code   RO          457    .text.vListInitialise  list.o
    0x00003e96   0x00003e96   0x00000002   PAD
    0x00003e98   0x00003e98   0x0000000e   Code   RO          459    .text.vListInitialiseItem  list.o
    0x00003ea6   0x00003ea6   0x00000002   PAD
    0x00003ea8   0x00003ea8   0x0000006a   Code   RO          463    .text.vListInsert   list.o
    0x00003f12   0x00003f12   0x00000002   PAD
    0x00003f14   0x00003f14   0x00000080   Code   RO          129    .text.vOpenLimitTask  semaphore_based_tasks.o
    0x00003f94   0x00003f94   0x00000014   Code   RO          486    .text.vPortEnableVFP  port.o
    0x00003fa8   0x00003fa8   0x00000048   Code   RO          492    .text.vPortEnterCritical  port.o
    0x00003ff0   0x00003ff0   0x0000003c   Code   RO          494    .text.vPortExitCritical  port.o
    0x0000402c   0x0000402c   0x000000de   Code   RO          514    .text.vPortFree     heap_4.o
    0x0000410a   0x0000410a   0x00000002   PAD
    0x0000410c   0x0000410c   0x0000002a   Code   RO          484    .text.vPortSetupTimerInterrupt  port.o
    0x00004136   0x00004136   0x00000002   PAD
    0x00004138   0x00004138   0x00000068   Code   RO          498    .text.vPortValidateInterruptPriority  port.o
    0x000041a0   0x000041a0   0x00000030   Code   RO           19    .text.vPrintString  basic_io.o
    0x000041d0   0x000041d0   0x00000030   Code   RO          608    .text.vQueueDelete  queue.o
    0x00004200   0x00004200   0x00000064   Code   RO          624    .text.vQueueWaitForMessageRestricted  queue.o
    0x00004264   0x00004264   0x000000ae   Code   RO          127    .text.vSafetyTask   semaphore_based_tasks.o
    0x00004312   0x00004312   0x00000002   PAD
    0x00004314   0x00004314   0x00000062   Code   RO          657    .text.vTaskDelay    tasks.o
    0x00004376   0x00004376   0x00000002   PAD
    0x00004378   0x00004378   0x00000024   Code   RO          721    .text.vTaskInternalSetTimeOutState  tasks.o
    0x0000439c   0x0000439c   0x0000000e   Code   RO          725    .text.vTaskMissedYield  tasks.o
    0x000043aa   0x000043aa   0x00000002   PAD
    0x000043ac   0x000043ac   0x00000034   Code   RO          709    .text.vTaskPlaceOnEventList  tasks.o
    0x000043e0   0x000043e0   0x00000072   Code   RO          713    .text.vTaskPlaceOnEventListRestricted  tasks.o
    0x00004452   0x00004452   0x00000002   PAD
    0x00004454   0x00004454   0x00000166   Code   RO          747    .text.vTaskPriorityDisinheritAfterTimeout  tasks.o
    0x000045ba   0x000045ba   0x00000002   PAD
    0x000045bc   0x000045bc   0x00000082   Code   RO          681    .text.vTaskStartScheduler  tasks.o
    0x0000463e   0x0000463e   0x00000002   PAD
    0x00004640   0x00004640   0x00000010   Code   RO          651    .text.vTaskSuspendAll  tasks.o
    0x00004650   0x00004650   0x00000138   Code   RO          673    .text.vTaskSwitchContext  tasks.o
    0x00004788   0x00004788   0x0000005a   Code   RO           76    .text.waitForRelease  input_task.o
    0x000047e2   0x000047e2   0x00000002   PAD
    0x000047e4   0x000047e4   0x000001ac   Code   RO          480    .text.xPortStartScheduler  port.o
    0x00004990   0x00004990   0x0000003e   Code   RO          496    .text.xPortSysTickHandler  port.o
    0x000049ce   0x000049ce   0x00000002   PAD
    0x000049d0   0x000049d0   0x00000026   Code   RO          556    .text.xQueueCreateMutex  queue.o
    0x000049f6   0x000049f6   0x00000002   PAD
    0x000049f8   0x000049f8   0x00000032   Code   RO          560    .text.xQueueCreateMutexStatic  queue.o
    0x00004a2a   0x00004a2a   0x00000002   PAD
    0x00004a2c   0x00004a2c   0x00000094   Code   RO          554    .text.xQueueGenericCreate  queue.o
    0x00004ac0   0x00004ac0   0x0000009e   Code   RO          548    .text.xQueueGenericCreateStatic  queue.o
    0x00004b5e   0x00004b5e   0x00000002   PAD
    0x00004b60   0x00004b60   0x000000ec   Code   RO          546    .text.xQueueGenericReset  queue.o
    0x00004c4c   0x00004c4c   0x000001f4   Code   RO          568    .text.xQueueGenericSend  queue.o
    0x00004e40   0x00004e40   0x00000124   Code   RO          586    .text.xQueueGiveFromISR  queue.o
    0x00004f64   0x00004f64   0x000001b2   Code   RO          588    .text.xQueueReceive  queue.o
    0x00005116   0x00005116   0x00000002   PAD
    0x00005118   0x00005118   0x000001e6   Code   RO          572    .text.xQueueSemaphoreTake  queue.o
    0x000052fe   0x000052fe   0x00000002   PAD
    0x00005300   0x00005300   0x000000e0   Code   RO          723    .text.xTaskCheckForTimeOut  tasks.o
    0x000053e0   0x000053e0   0x00000052   Code   RO          639    .text.xTaskCreate   tasks.o
    0x00005432   0x00005432   0x00000002   PAD
    0x00005434   0x00005434   0x0000005c   Code   RO          633    .text.xTaskCreateStatic  tasks.o
    0x00005490   0x00005490   0x00000284   Code   RO          759    .text.xTaskGenericNotifyFromISR  tasks.o
    0x00005714   0x00005714   0x00000150   Code   RO          755    .text.xTaskGenericNotifyWait  tasks.o
    0x00005864   0x00005864   0x00000038   Code   RO          741    .text.xTaskGetSchedulerState  tasks.o
    0x0000589c   0x0000589c   0x00000014   Code   RO          691    .text.xTaskGetTickCount  tasks.o
    0x000058b0   0x000058b0   0x00000276   Code   RO          689    .text.xTaskIncrementTick  tasks.o
    0x00005b26   0x00005b26   0x00000002   PAD
    0x00005b28   0x00005b28   0x0000011e   Code   RO          745    .text.xTaskPriorityDisinherit  tasks.o
    0x00005c46   0x00005c46   0x00000002   PAD
    0x00005c48   0x00005c48   0x0000015c   Code   RO          743    .text.xTaskPriorityInherit  tasks.o
    0x00005da4   0x00005da4   0x000001a2   Code   RO          715    .text.xTaskRemoveFromEventList  tasks.o
    0x00005f46   0x00005f46   0x00000002   PAD
    0x00005f48   0x00005f48   0x00000248   Code   RO          655    .text.xTaskResumeAll  tasks.o
    0x00006190   0x00006190   0x00000086   Code   RO          813    .text.xTimerCreateTimerTask  timers.o
    0x00006216   0x00006216   0x0000003e   Code   RO         1076    CL$$btod_d2e        c_w.l(btod.o)
    0x00006254   0x00006254   0x00000046   Code   RO         1078    CL$$btod_d2e_denorm_low  c_w.l(btod.o)
    0x0000629a   0x0000629a   0x00000060   Code   RO         1077    CL$$btod_d2e_norm_op1  c_w.l(btod.o)
    0x000062fa   0x000062fa   0x00000002   PAD
    0x000062fc   0x000062fc   0x00000338   Code   RO         1086    CL$$btod_div_common  c_w.l(btod.o)
    0x00006634   0x00006634   0x000000dc   Code   RO         1083    CL$$btod_e2e        c_w.l(btod.o)
    0x00006710   0x00006710   0x0000002a   Code   RO         1080    CL$$btod_ediv       c_w.l(btod.o)
    0x0000673a   0x0000673a   0x0000002a   Code   RO         1079    CL$$btod_emul       c_w.l(btod.o)
    0x00006764   0x00006764   0x00000244   Code   RO         1085    CL$$btod_mult_common  c_w.l(btod.o)
    0x000069a8   0x000069a8   0x00000030   Code   RO         1116    i.__ARM_fpclassify  m_wm.l(fpclassify.o)
    0x000069d8   0x000069d8   0x0000000e   Code   RO          978    i._is_digit         c_w.l(__printf_wp.o)
    0x000069e6   0x000069e6   0x00000002   PAD
    0x000069e8   0x000069e8   0x0000002c   Code   RO         1101    locale$$code        c_w.l(lc_numeric_c.o)
    0x00006a14   0x00006a14   0x0000002c   Code   RO         1128    locale$$code        c_w.l(lc_ctype_c.o)
    0x00006a40   0x00006a40   0x0000001a   Code   RO          913    x$fpl$fpinit        fz_wm.l(fpinit.o)
    0x00006a5a   0x00006a5a   0x00000004   Code   RO         1015    x$fpl$printf1       fz_wm.l(printf1.o)
    0x00006a5e   0x00006a5e   0x00000004   Code   RO         1017    x$fpl$printf2       fz_wm.l(printf2.o)
    0x00006a62   0x00006a62   0x00000000   Code   RO         1115    x$fpl$usenofp       fz_wm.l(usenofp.o)
    0x00006a62   0x00006a62   0x00000002   PAD
    0x00006a64   0x00006a64   0x00000008   Data   RO          937    .constdata          c_w.l(_printf_wctomb.o)
    0x00006a6c   0x00006a6c   0x00000028   Data   RO          966    .constdata          c_w.l(_printf_hex_int_ll_ptr.o)
    0x00006a94   0x00006a94   0x00000011   Data   RO          986    .constdata          c_w.l(__printf_flags_ss_wp.o)
    0x00006aa5   0x00006aa5   0x00000026   Data   RO         1049    .constdata          c_w.l(_printf_fp_hex.o)
    0x00006acb   0x00006acb   0x00000001   PAD
    0x00006acc   0x00006acc   0x00000094   Data   RO         1074    .constdata          c_w.l(bigflt0.o)
    0x00006b60   0x00006b60   0x0000005b   Data   RO           10    .rodata.str1.1      main.o
    0x00006bbb   0x00006bbb   0x00000003   Data   RO           26    .rodata.str1.1      basic_io.o
    0x00006bbe   0x00006bbe   0x0000001c   Data   RO           90    .rodata.str1.1      gate_control_task.o
    0x00006bda   0x00006bda   0x00000005   Data   RO          805    .rodata.str1.1      tasks.o
    0x00006bdf   0x00006bdf   0x00000008   Data   RO          878    .rodata.str1.1      timers.o
    0x00006be7   0x00006be7   0x00000001   PAD
    0x00006be8   0x00006be8   0x00000004   Data   RO          796    .rodata.uxTopUsedPriority  tasks.o
    0x00006bec   0x00006bec   0x00000020   Data   RO         1255    Region$$Table       anon$$obj.o
    0x00006c0c   0x00006c0c   0x0000001c   Data   RO         1100    locale$$data        c_w.l(lc_numeric_c.o)
    0x00006c28   0x00006c28   0x00000110   Data   RO         1127    locale$$data        c_w.l(lc_ctype_c.o)


    Execution Region ER_RW (Exec base: 0x20000000, Load base: 0x00006d38, Size: 0x00000004, Max: 0xffffffff, ABSOLUTE)

    Exec Addr    Load Addr    Size         Type   Attr      Idx    E Section Name        Object

    0x20000000   0x00006d38   0x00000004   Data   RW          502    .data.uxCriticalNesting  port.o


    Execution Region ER_ZI (Exec base: 0x20000008, Load base: 0x00006d3c, Size: 0x00002f10, Max: 0xffffffff, ABSOLUTE)

    Exec Addr    Load Addr    Size         Type   Attr      Idx    E Section Name        Object

    0x20000008        -       0x00000060   Zero   RW         1119    .bss                c_w.l(libspace.o)
    0x20000068        -       0x00000032   Zero   RW           25    .bss.cBuffer        basic_io.o
    0x2000009a   0x00006d3c   0x00000002   PAD
    0x2000009c        -       0x00000190   Zero   RW          161    .bss.clib_mutex_cb  clib_os.o
    0x2000022c        -       0x00000014   Zero   RW          160    .bss.clib_mutex_id  clib_os.o
    0x20000240        -       0x00000001   Zero   RW          119    .bss.gDesiredLED    led_status_tasks.o
    0x20000241        -       0x00000002   Zero   RW           89    .bss.gGate          gate_control_task.o
    0x20000243        -       0x00000050   Zero   RW          886    .bss.prvCheckForValidListAndQueue.ucStaticTimerQueueStorage  timers.o
    0x20000293   0x00006d3c   0x00000001   PAD
    0x20000294        -       0x00000050   Zero   RW          885    .bss.prvCheckForValidListAndQueue.xStaticTimerQueue  timers.o
    0x200002e4        -       0x00000004   Zero   RW          882    .bss.prvSampleTimeNow.xLastTime  timers.o
    0x200002e8        -       0x00000004   Zero   RW          779    .bss.pxCurrentTCB   tasks.o
    0x200002ec        -       0x00000004   Zero   RW          880    .bss.pxCurrentTimerList  timers.o
    0x200002f0        -       0x00000004   Zero   RW          787    .bss.pxDelayedTaskList  tasks.o
    0x200002f4        -       0x00000004   Zero   RW          532    .bss.pxEnd          heap_4.o
    0x200002f8        -       0x00000004   Zero   RW          788    .bss.pxOverflowDelayedTaskList  tasks.o
    0x200002fc        -       0x00000004   Zero   RW          881    .bss.pxOverflowTimerList  timers.o
    0x20000300        -       0x00000460   Zero   RW          791    .bss.pxReadyTasksLists  tasks.o
    0x20000760        -       0x00002000   Zero   RW          535    .bss.ucHeap         heap_4.o
    0x20002760        -       0x00000001   Zero   RW          500    .bss.ucMaxSysCallPriority  port.o
    0x20002761   0x00006d3c   0x00000003   PAD
    0x20002764        -       0x00000004   Zero   RW          501    .bss.ulMaxPRIGROUPValue  port.o
    0x20002768        -       0x00000004   Zero   RW          784    .bss.uxCurrentNumberOfTasks  tasks.o
    0x2000276c        -       0x00000004   Zero   RW          783    .bss.uxDeletedTasksWaitingCleanUp  tasks.o
    0x20002770        -       0x00000004   Zero   RW          785    .bss.uxSchedulerSuspended  tasks.o
    0x20002774        -       0x00000004   Zero   RW          780    .bss.uxTaskNumber   tasks.o
    0x20002778        -       0x00000004   Zero   RW          792    .bss.uxTopReadyPriority  tasks.o
    0x2000277c        -       0x00000200   Zero   RW          800    .bss.vApplicationGetIdleTaskMemory.uxIdleTaskStack  tasks.o
    0x2000297c        -       0x0000005c   Zero   RW          799    .bss.vApplicationGetIdleTaskMemory.xIdleTaskTCB  tasks.o
    0x200029d8        -       0x00000200   Zero   RW          802    .bss.vApplicationGetTimerTaskMemory.uxTimerTaskStack  tasks.o
    0x20002bd8        -       0x0000005c   Zero   RW          801    .bss.vApplicationGetTimerTaskMemory.xTimerTaskTCB  tasks.o
    0x20002c34        -       0x00000014   Zero   RW          883    .bss.xActiveTimerList1  timers.o
    0x20002c48        -       0x00000014   Zero   RW          884    .bss.xActiveTimerList2  timers.o
    0x20002c5c        -       0x00000004   Zero   RW            6    .bss.xCloseLimitSem  main.o
    0x20002c60        -       0x00000014   Zero   RW          803    .bss.xDelayedTaskList1  tasks.o
    0x20002c74        -       0x00000014   Zero   RW          804    .bss.xDelayedTaskList2  tasks.o
    0x20002c88        -       0x00000004   Zero   RW          533    .bss.xFreeBytesRemaining  heap_4.o
    0x20002c8c        -       0x00000004   Zero   RW            9    .bss.xGateEventQueue  main.o
    0x20002c90        -       0x00000004   Zero   RW            4    .bss.xGateStateMutex  main.o
    0x20002c94        -       0x00000004   Zero   RW          795    .bss.xIdleTaskHandles  tasks.o
    0x20002c98        -       0x00000004   Zero   RW           11    .bss.xInputTaskHandle  main.o
    0x20002c9c        -       0x00000004   Zero   RW            8    .bss.xLEDSem        main.o
    0x20002ca0        -       0x00000004   Zero   RW          536    .bss.xMinimumEverFreeBytesRemaining  heap_4.o
    0x20002ca4        -       0x00000004   Zero   RW          794    .bss.xNextTaskUnblockTime  tasks.o
    0x20002ca8        -       0x00000004   Zero   RW          798    .bss.xNumOfOverflows  tasks.o
    0x20002cac        -       0x00000004   Zero   RW          537    .bss.xNumberOfSuccessfulAllocations  heap_4.o
    0x20002cb0        -       0x00000004   Zero   RW          538    .bss.xNumberOfSuccessfulFrees  heap_4.o
    0x20002cb4        -       0x00000004   Zero   RW            7    .bss.xObstacleSem   main.o
    0x20002cb8        -       0x00000004   Zero   RW            5    .bss.xOpenLimitSem  main.o
    0x20002cbc        -       0x00000004   Zero   RW          797    .bss.xPendedTicks   tasks.o
    0x20002cc0        -       0x00000014   Zero   RW          789    .bss.xPendingReadyList  tasks.o
    0x20002cd4        -       0x00000004   Zero   RW          781    .bss.xSchedulerRunning  tasks.o
    0x20002cd8        -       0x00000008   Zero   RW          534    .bss.xStart         heap_4.o
    0x20002ce0        -       0x00000014   Zero   RW          790    .bss.xSuspendedTaskList  tasks.o
    0x20002cf4        -       0x00000014   Zero   RW          782    .bss.xTasksWaitingTermination  tasks.o
    0x20002d08        -       0x00000004   Zero   RW          786    .bss.xTickCount     tasks.o
    0x20002d0c        -       0x00000004   Zero   RW          877    .bss.xTimerQueue    timers.o
    0x20002d10        -       0x00000004   Zero   RW          879    .bss.xTimerTaskHandle  timers.o
    0x20002d14        -       0x00000004   Zero   RW          793    .bss.xYieldPendings  tasks.o
    0x20002d18        -       0x00000000   Zero   RW          394    HEAP                startup_tm4c123.o
    0x20002d18        -       0x00000200   Zero   RW          393    STACK               startup_tm4c123.o


==============================================================================

Image component sizes


      Code (inc. data)   RO Data    RW Data    ZI Data      Debug   Object Name

        48          0          3          0         50       1070   basic_io.o
       422          0          0          0        420       4379   clib_os.o
        46          0          0          0          0      29958   cmsis_os2.o
        32          0          0          0          0        597   consoleprint.o
       652          6         28          0          2       2486   gate_control_task.o
       528          0          0          0          0       8822   gpio_utility.o
      1368          0          0          0       8220       4891   heap_4.o
       752          0          0          0          0       2677   input_task.o
       518          0          0          0          0       2383   isr.o
       252          0          0          0          1       1522   led_status_tasks.o
       238          0          0          0          0       2403   list.o
       602          0         91          0         28       1615   main.o
      1112         16          0          4          5       3770   port.o
      3174          0          0          0          0      15519   queue.o
       130          0          0          0          0       1770   retarget.o
       428          0          0          0          0       1599   semaphore_based_tasks.o
       276         24        620          0        512       5516   startup_tm4c123.o
       268          0          0          0          0       6843   system_tm4c123.o
      6840          6          9          0       2488      28025   tasks.o
      1306         10          8          0        220      11533   timers.o

    ----------------------------------------------------------------------
     19106         62        792          4      11952     137378   Object Totals
         0          0         32          0          0          0   (incl. Generated)
       114          0          1          0          6          0   (incl. Padding)

    ----------------------------------------------------------------------

      Code (inc. data)   RO Data    RW Data    ZI Data      Debug   Library Member Name

         8          0          0          0          0         68   __main.o
       392          4         17          0          0         92   __printf_flags_ss_wp.o
        14          0          0          0          0         68   __printf_wp.o
         0          0          0          0          0          0   __rtentry.o
        20          0          0          0          0          0   __rtentry2.o
         6          0          0          0          0          0   __rtentry4.o
        52          8          0          0          0          0   __scatter.o
        26          0          0          0          0          0   __scatter_copy.o
        28          0          0          0          0          0   __scatter_zi.o
        72          0          0          0          0         96   _c16rtomb.o
         6          0          0          0          0          0   _printf_a.o
         6          0          0          0          0          0   _printf_c.o
        44          0          0          0          0        108   _printf_char.o
        48          6          0          0          0         96   _printf_char_common.o
        40          0          0          0          0         68   _printf_charcount.o
         6          0          0          0          0          0   _printf_d.o
       120         16          0          0          0         92   _printf_dec.o
         6          0          0          0          0          0   _printf_e.o
         6          0          0          0          0          0   _printf_f.o
      1052          0          0          0          0        148   _printf_fp_dec.o
       764          8         38          0          0        100   _printf_fp_hex.o
       128         16          0          0          0         84   _printf_fp_infnan.o
         6          0          0          0          0          0   _printf_g.o
       148          4         40          0          0        160   _printf_hex_int_ll_ptr.o
         6          0          0          0          0          0   _printf_i.o
       178          0          0          0          0         88   _printf_intcommon.o
        10          0          0          0          0          0   _printf_l.o
         6          0          0          0          0          0   _printf_lc.o
        10          0          0          0          0          0   _printf_ll.o
         6          0          0          0          0          0   _printf_lld.o
         6          0          0          0          0          0   _printf_lli.o
         6          0          0          0          0          0   _printf_llo.o
         6          0          0          0          0          0   _printf_llu.o
         6          0          0          0          0          0   _printf_llx.o
       124         16          0          0          0         92   _printf_longlong_dec.o
         6          0          0          0          0          0   _printf_ls.o
         6          0          0          0          0          0   _printf_n.o
         6          0          0          0          0          0   _printf_o.o
       112          8          0          0          0        124   _printf_oct_int_ll.o
         6          0          0          0          0          0   _printf_p.o
        78          0          0          0          0        108   _printf_pad.o
         0          0          0          0          0          0   _printf_percent.o
         4          0          0          0          0          0   _printf_percent_end.o
         6          0          0          0          0          0   _printf_s.o
        82          0          0          0          0         80   _printf_str.o
        36          0          0          0          0         84   _printf_truncate.o
         6          0          0          0          0          0   _printf_u.o
        44          0          0          0          0        108   _printf_wchar.o
       188          6          8          0          0         92   _printf_wctomb.o
         6          0          0          0          0          0   _printf_x.o
        10          0          0          0          0         68   _sputc.o
        16          0          0          0          0         68   aeabi_memset4.o
       228          4        148          0          0         96   bigflt0.o
      1936        128          0          0          0        668   btod.o
        18          0          0          0          0         80   exit.o
         6          0          0          0          0        152   heapauxi.o
        44         10        272          0          0         76   lc_ctype_c.o
        44         10         28          0          0         76   lc_numeric_c.o
         2          0          0          0          0          0   libinit.o
        34          0          0          0          0          0   libinit2.o
         2          0          0          0          0          0   libshutdown.o
         2          0          0          0          0          0   libshutdown2.o
         8          4          0          0         96         68   libspace.o
       138          0          0          0          0         80   lludiv10.o
       240          0          0          0          0        100   lludivv7m.o
        16          4          0          0          0         76   rt_ctype_table.o
        10          0          0          0          0         76   rt_locale_twolibspace.o
        68          0          0          0          0         68   rt_memclr.o
        78          0          0          0          0         80   rt_memclr_w.o
       138          0          0          0          0         68   rt_memcpy_v6.o
       100          0          0          0          0         80   rt_memcpy_w.o
         2          0          0          0          0          0   rtexit.o
        10          0          0          0          0          0   rtexit2.o
        44          6          0          0          0         84   sprintf.o
       124          0          0          0          0         88   strcmpv7em.o
        62          0          0          0          0         76   strlen.o
        74          0          0          0          0         80   sys_stackheap_outer.o
        26          0          0          0          0        116   fpinit.o
         4          0          0          0          0        116   printf1.o
         4          0          0          0          0        116   printf2.o
         0          0          0          0          0          0   usenofp.o
        48          0          0          0          0        124   fpclassify.o

    ----------------------------------------------------------------------
      7510        258        552          0         96       4736   Library Totals
        26          0          1          0          0          0   (incl. Padding)

    ----------------------------------------------------------------------

      Code (inc. data)   RO Data    RW Data    ZI Data      Debug   Library Name

      7402        258        551          0         96       4264   c_w.l
        34          0          0          0          0        348   fz_wm.l
        48          0          0          0          0        124   m_wm.l

    ----------------------------------------------------------------------
      7510        258        552          0         96       4736   Library Totals

    ----------------------------------------------------------------------

==============================================================================


      Code (inc. data)   RO Data    RW Data    ZI Data      Debug   

     26616        320       1344          4      12048     139266   Grand Totals
     26616        320       1344          4      12048     139266   ELF Image Totals
     26616        320       1344          4          0          0   ROM Totals

==============================================================================

    Total RO  Size (Code + RO Data)                27960 (  27.30kB)
    Total RW  Size (RW Data + ZI Data)             12052 (  11.77kB)
    Total ROM Size (Code + RO Data + RW Data)      27964 (  27.31kB)

==============================================================================

